Component: ARM Compiler 5.06 update 7 (build 960) Tool: armlink [4d3601]

==============================================================================

Section Cross References

    main.o(.text) refers to variable.o(.text) for ALL_Init
    main.o(.text) refers to dictionary.o(.text) for TLY_init
    main.o(.text) refers to servo.o(.text) for Set_angle
    main.o(.text) refers to command.o(.text) for Car_run_1
    main.o(.text) refers to motor.o(.text) for motion
    main.o(.text) refers to main.o(.data) for key_flag
    system_stm32f4xx.o(.text) refers to system_stm32f4xx.o(.data) for SystemCoreClock
    startup_stm32f40_41xxx.o(RESET) refers to startup_stm32f40_41xxx.o(STACK) for __initial_sp
    startup_stm32f40_41xxx.o(RESET) refers to startup_stm32f40_41xxx.o(.text) for Reset_Handler
    startup_stm32f40_41xxx.o(RESET) refers to stm32f4xx_it.o(.text) for NMI_Handler
    startup_stm32f40_41xxx.o(RESET) refers to ult.o(.text) for TIM1_CC_IRQHandler
    startup_stm32f40_41xxx.o(RESET) refers to uart1.o(.text) for USART1_IRQHandler
    startup_stm32f40_41xxx.o(RESET) refers to uart2.o(.text) for USART2_IRQHandler
    startup_stm32f40_41xxx.o(RESET) refers to uart3.o(.text) for USART3_IRQHandler
    startup_stm32f40_41xxx.o(RESET) refers to timer.o(.text) for TIM8_UP_TIM13_IRQHandler
    startup_stm32f40_41xxx.o(RESET) refers to uart4.o(.text) for UART4_IRQHandler
    startup_stm32f40_41xxx.o(.text) refers to system_stm32f4xx.o(.text) for SystemInit
    startup_stm32f40_41xxx.o(.text) refers to entry.o(.ARM.Collect$$$$00000000) for __main
    stm32f4xx_adc.o(.text) refers to stm32f4xx_rcc.o(.text) for RCC_APB2PeriphResetCmd
    stm32f4xx_can.o(.text) refers to stm32f4xx_rcc.o(.text) for RCC_APB1PeriphResetCmd
    stm32f4xx_cryp.o(.text) refers to stm32f4xx_rcc.o(.text) for RCC_AHB2PeriphResetCmd
    stm32f4xx_cryp_aes.o(.text) refers to stm32f4xx_cryp.o(.text) for CRYP_KeyStructInit
    stm32f4xx_cryp_des.o(.text) refers to stm32f4xx_cryp.o(.text) for CRYP_KeyStructInit
    stm32f4xx_cryp_tdes.o(.text) refers to stm32f4xx_cryp.o(.text) for CRYP_KeyStructInit
    stm32f4xx_dac.o(.text) refers to stm32f4xx_rcc.o(.text) for RCC_APB1PeriphResetCmd
    stm32f4xx_dma2d.o(.text) refers to stm32f4xx_rcc.o(.text) for RCC_AHB1PeriphResetCmd
    stm32f4xx_fsmc.o(.text) refers to stm32f4xx_fsmc.o(.constdata) for FSMC_DefaultTimingStruct
    stm32f4xx_gpio.o(.text) refers to stm32f4xx_rcc.o(.text) for RCC_AHB1PeriphResetCmd
    stm32f4xx_hash.o(.text) refers to stm32f4xx_rcc.o(.text) for RCC_AHB2PeriphResetCmd
    stm32f4xx_hash_md5.o(.text) refers to stm32f4xx_hash.o(.text) for HASH_DeInit
    stm32f4xx_hash_sha1.o(.text) refers to stm32f4xx_hash.o(.text) for HASH_DeInit
    stm32f4xx_i2c.o(.text) refers to stm32f4xx_rcc.o(.text) for RCC_APB1PeriphResetCmd
    stm32f4xx_ltdc.o(.text) refers to stm32f4xx_rcc.o(.text) for RCC_APB2PeriphResetCmd
    stm32f4xx_pwr.o(.text) refers to stm32f4xx_rcc.o(.text) for RCC_APB1PeriphResetCmd
    stm32f4xx_rcc.o(.text) refers to stm32f4xx_rcc.o(.data) for APBAHBPrescTable
    stm32f4xx_rng.o(.text) refers to stm32f4xx_rcc.o(.text) for RCC_AHB2PeriphResetCmd
    stm32f4xx_sai.o(.text) refers to stm32f4xx_rcc.o(.text) for RCC_APB2PeriphResetCmd
    stm32f4xx_sdio.o(.text) refers to stm32f4xx_rcc.o(.text) for RCC_APB2PeriphResetCmd
    stm32f4xx_spi.o(.text) refers to stm32f4xx_rcc.o(.text) for RCC_APB2PeriphResetCmd
    stm32f4xx_syscfg.o(.text) refers to stm32f4xx_rcc.o(.text) for RCC_APB2PeriphResetCmd
    stm32f4xx_tim.o(.text) refers to stm32f4xx_rcc.o(.text) for RCC_APB2PeriphResetCmd
    stm32f4xx_usart.o(.text) refers to stm32f4xx_rcc.o(.text) for RCC_APB2PeriphResetCmd
    stm32f4xx_wwdg.o(.text) refers to stm32f4xx_rcc.o(.text) for RCC_APB1PeriphResetCmd
    delay.o(.text) refers to misc.o(.text) for SysTick_CLKSourceConfig
    delay.o(.text) refers to delay.o(.data) for fac_us
    beep.o(.text) refers to stm32f4xx_rcc.o(.text) for RCC_AHB1PeriphClockCmd
    beep.o(.text) refers to stm32f4xx_gpio.o(.text) for GPIO_Init
    command.o(.text) refers to bsp_pid.o(.text) for speed_pid_set
    command.o(.text) refers to motor.o(.text) for motion
    command.o(.text) refers to servo.o(.text) for Set_angle
    command.o(.text) refers to main.o(.data) for flag
    command.o(.text) refers to ult.o(.bss) for Sonic_Dis
    command.o(.text) refers to command.o(.data) for servo_handle
    command.o(.text) refers to stm32f4xx_usart.o(.text) for USART_SendData
    command.o(.text) refers to delay.o(.text) for delay_ms
    command.o(.text) refers to timer.o(.data) for PID_value
    command.o(.text) refers to stm32f4xx_tim.o(.text) for TIM_Cmd
    command.o(.text) refers to encode.o(.data) for TIM3_sumcode
    command.o(.text) refers to uart4.o(.data) for flag_openmv
    motor.o(.text) refers to stm32f4xx_rcc.o(.text) for RCC_AHB1PeriphClockCmd
    motor.o(.text) refers to stm32f4xx_gpio.o(.text) for GPIO_Init
    motor.o(.text) refers to stm32f4xx_tim.o(.text) for TIM_SetCompare1
[...]
    Removing qr_num.o(.rev16_text), (4 bytes).
    Removing qr_num.o(.revsh_text), (4 bytes).

155 unused section(s) (total 28914 bytes) removed from the image.

==============================================================================

Image Symbol Table

    Local Symbols

    Symbol Name                              Value     Ov Type        Size  Object(Section)

    ../clib/../cmprslib/zerorunl2.c          0x00000000   Number         0  __dczerorl2.o ABSOLUTE
    ../clib/microlib/division.c              0x00000000   Number         0  uldiv.o ABSOLUTE
    ../clib/microlib/division.c              0x00000000   Number         0  ldiv.o ABSOLUTE
    ../clib/microlib/init/entry.s            0x00000000   Number         0  entry9b.o ABSOLUTE
    ../clib/microlib/init/entry.s            0x00000000   Number         0  entry12b.o ABSOLUTE
    ../clib/microlib/init/entry.s            0x00000000   Number         0  entry12a.o ABSOLUTE
    ../clib/microlib/init/entry.s            0x00000000   Number         0  entry11b.o ABSOLUTE
    ../clib/microlib/init/entry.s            0x00000000   Number         0  entry11a.o ABSOLUTE
    ../clib/microlib/init/entry.s            0x00000000   Number         0  entry10b.o ABSOLUTE
    ../clib/microlib/init/entry.s            0x00000000   Number         0  entry10a.o ABSOLUTE
    ../clib/microlib/init/entry.s            0x00000000   Number         0  entry9a.o ABSOLUTE
    ../clib/microlib/init/entry.s            0x00000000   Number         0  entry2.o ABSOLUTE
    ../clib/microlib/init/entry.s            0x00000000   Number         0  entry8a.o ABSOLUTE
    ../clib/microlib/init/entry.s            0x00000000   Number         0  entry7b.o ABSOLUTE
    ../clib/microlib/init/entry.s            0x00000000   Number         0  entry7a.o ABSOLUTE
    ../clib/microlib/init/entry.s            0x00000000   Number         0  entry5.o ABSOLUTE
    ../clib/microlib/init/entry.s            0x00000000   Number         0  entry.o ABSOLUTE
    ../clib/microlib/init/entry.s            0x00000000   Number         0  entry8b.o ABSOLUTE
    ../clib/microlib/longlong.c              0x00000000   Number         0  llushr.o ABSOLUTE
    ../clib/microlib/longlong.c              0x00000000   Number         0  llshl.o ABSOLUTE
    ../clib/microlib/longlong.c              0x00000000   Number         0  llsshr.o ABSOLUTE
    ../clib/microlib/stubs.s                 0x00000000   Number         0  iusefp.o ABSOLUTE
    ../fplib/microlib/f2d.c                  0x00000000   Number         0  f2d.o ABSOLUTE
    ../fplib/microlib/fpadd.c                0x00000000   Number         0  dadd.o ABSOLUTE
    ../fplib/microlib/fpdiv.c                0x00000000   Number         0  ddiv.o ABSOLUTE
    ../fplib/microlib/fpepilogue.c           0x00000000   Number         0  depilogue.o ABSOLUTE
    ../fplib/microlib/fpfix.c                0x00000000   Number         0  dfixi.o ABSOLUTE
    ../fplib/microlib/fpflt.c                0x00000000   Number         0  dflti.o ABSOLUTE
    ../fplib/microlib/fpmul.c                0x00000000   Number         0  dmul.o ABSOLUTE
    ..\CORE\startup_stm32f40_41xxx.s         0x00000000   Number         0  startup_stm32f40_41xxx.o ABSOLUTE
    ..\FWLIB\src\misc.c                      0x00000000   Number         0  misc.o ABSOLUTE
    ..\FWLIB\src\stm32f4xx_adc.c             0x00000000   Number         0  stm32f4xx_adc.o ABSOLUTE
    ..\FWLIB\src\stm32f4xx_can.c             0x00000000   Number         0  stm32f4xx_can.o ABSOLUTE
    ..\FWLIB\src\stm32f4xx_crc.c             0x00000000   Number         0  stm32f4xx_crc.o ABSOLUTE
    ..\FWLIB\src\stm32f4xx_cryp.c            0x00000000   Number         0  stm32f4xx_cryp.o ABSOLUTE
    ..\FWLIB\src\stm32f4xx_cryp_aes.c        0x00000000   Number         0  stm32f4xx_cryp_aes.o ABSOLUTE
    ..\FWLIB\src\stm32f4xx_cryp_des.c        0x00000000   Number         0  stm32f4xx_cryp_des.o ABSOLUTE
    ..\FWLIB\src\stm32f4xx_cryp_tdes.c       0x00000000   Number         0  stm32f4xx_cryp_tdes.o ABSOLUTE
    ..\FWLIB\src\stm32f4xx_dac.c             0x00000000   Number         0  stm32f4xx_dac.o ABSOLUTE
    ..\FWLIB\src\stm32f4xx_dbgmcu.c          0x00000000   Number         0  stm32f4xx_dbgmcu.o ABSOLUTE
    ..\FWLIB\src\stm32f4xx_dcmi.c            0x00000000   Number         0  stm32f4xx_dcmi.o ABSOLUTE
    ..\FWLIB\src\stm32f4xx_dma.c             0x00000000   Number         0  stm32f4xx_dma.o ABSOLUTE
    ..\FWLIB\src\stm32f4xx_dma2d.c           0x00000000   Number         0  stm32f4xx_dma2d.o ABSOLUTE
    ..\FWLIB\src\stm32f4xx_exti.c            0x00000000   Number         0  stm32f4xx_exti.o ABSOLUTE
    ..\FWLIB\src\stm32f4xx_flash.c           0x00000000   Number         0  stm32f4xx_flash.o ABSOLUTE
    ..\FWLIB\src\stm32f4xx_flash_ramfunc.c   0x00000000   Number         0  stm32f4xx_flash_ramfunc.o ABSOLUTE
    ..\FWLIB\src\stm32f4xx_fsmc.c            0x00000000   Number         0  stm32f4xx_fsmc.o ABSOLUTE
    ..\FWLIB\src\stm32f4xx_gpio.c            0x00000000   Number         0  stm32f4xx_gpio.o ABSOLUTE
    ..\FWLIB\src\stm32f4xx_hash.c            0x00000000   Number         0  stm32f4xx_hash.o ABSOLUTE
    ..\FWLIB\src\stm32f4xx_hash_md5.c        0x00000000   Number         0  stm32f4xx_hash_md5.o ABSOLUTE
    ..\FWLIB\src\stm32f4xx_hash_sha1.c       0x00000000   Number         0  stm32f4xx_hash_sha1.o ABSOLUTE
    ..\FWLIB\src\stm32f4xx_i2c.c             0x00000000   Number         0  stm32f4xx_i2c.o ABSOLUTE
    ..\FWLIB\src\stm32f4xx_iwdg.c            0x00000000   Number         0  stm32f4xx_iwdg.o ABSOLUTE
    ..\FWLIB\src\stm32f4xx_ltdc.c            0x00000000   Number         0  stm32f4xx_ltdc.o ABSOLUTE
    ..\FWLIB\src\stm32f4xx_pwr.c             0x00000000   Number         0  stm32f4xx_pwr.o ABSOLUTE
    ..\FWLIB\src\stm32f4xx_rcc.c             0x00000000   Number         0  stm32f4xx_rcc.o ABSOLUTE
    ..\FWLIB\src\stm32f4xx_rng.c             0x00000000   Number         0  stm32f4xx_rng.o ABSOLUTE
    ..\FWLIB\src\stm32f4xx_rtc.c             0x00000000   Number         0  stm32f4xx_rtc.o ABSOLUTE
    ..\FWLIB\src\stm32f4xx_sai.c             0x00000000   Number         0  stm32f4xx_sai.o ABSOLUTE
    ..\FWLIB\src\stm32f4xx_sdio.c            0x00000000   Number         0  stm32f4xx_sdio.o ABSOLUTE
    ..\FWLIB\src\stm32f4xx_spi.c             0x00000000   Number         0  stm32f4xx_spi.o ABSOLUTE
    ..\FWLIB\src\stm32f4xx_syscfg.c          0x00000000   Number         0  stm32f4xx_syscfg.o ABSOLUTE
    ..\FWLIB\src\stm32f4xx_tim.c             0x00000000   Number         0  stm32f4xx_tim.o ABSOLUTE
    ..\FWLIB\src\stm32f4xx_usart.c           0x00000000   Number         0  stm32f4xx_usart.o ABSOLUTE
    ..\FWLIB\src\stm32f4xx_wwdg.c            0x00000000   Number         0  stm32f4xx_wwdg.o ABSOLUTE
    ..\HARDWARE\FILTER\filter.c              0x00000000   Number         0  filter.o ABSOLUTE
    ..\HARDWARE\JY901\UART1.c                0x00000000   Number         0  uart1.o ABSOLUTE
    ..\HARDWARE\JY901\UART2.c                0x00000000   Number         0  uart2.o ABSOLUTE
    ..\HARDWARE\LED\led.c                    0x00000000   Number         0  led.o ABSOLUTE
    ..\HARDWARE\PID\bsp_pid.c                0x00000000   Number         0  bsp_pid.o ABSOLUTE
    ..\HARDWARE\QR_num\qr_num.c              0x00000000   Number         0  qr_num.o ABSOLUTE
    ..\HARDWARE\Time\timer.c                 0x00000000   Number         0  timer.o ABSOLUTE
    ..\HARDWARE\USART3\UART3.c               0x00000000   Number         0  uart3.o ABSOLUTE
    ..\HARDWARE\USART4\UART4.c               0x00000000   Number         0  uart4.o ABSOLUTE
    ..\HARDWARE\beep\beep.c                  0x00000000   Number         0  beep.o ABSOLUTE
    ..\HARDWARE\command\command.c            0x00000000   Number         0  command.o ABSOLUTE
    ..\HARDWARE\dictionary\dictionary.c      0x00000000   Number         0  dictionary.o ABSOLUTE
    ..\HARDWARE\encode\encode.c              0x00000000   Number         0  encode.o ABSOLUTE
    ..\HARDWARE\key\key.c                    0x00000000   Number         0  key.o ABSOLUTE
    ..\HARDWARE\motor\motor.c                0x00000000   Number         0  motor.o ABSOLUTE
    ..\HARDWARE\motor_pwm\M_pwm.c            0x00000000   Number         0  m_pwm.o ABSOLUTE
    ..\HARDWARE\oled\oled.c                  0x00000000   Number         0  oled.o ABSOLUTE
    ..\HARDWARE\servo\servo.c                0x00000000   Number         0  servo.o ABSOLUTE
    ..\HARDWARE\switch\switch.c              0x00000000   Number         0  switch.o ABSOLUTE
    ..\HARDWARE\ultrasonic\ult.c             0x00000000   Number         0  ult.o ABSOLUTE
    ..\SYSTEM\delay\delay.c                  0x00000000   Number         0  delay.o ABSOLUTE
    ..\SYSTEM\sys\sys.c                      0x00000000   Number         0  sys.o ABSOLUTE
    ..\\FWLIB\\src\\misc.c                   0x00000000   Number         0  misc.o ABSOLUTE
    ..\\FWLIB\\src\\stm32f4xx_adc.c          0x00000000   Number         0  stm32f4xx_adc.o ABSOLUTE
    ..\\FWLIB\\src\\stm32f4xx_can.c          0x00000000   Number         0  stm32f4xx_can.o ABSOLUTE
    ..\\FWLIB\\src\\stm32f4xx_crc.c          0x00000000   Number         0  stm32f4xx_crc.o ABSOLUTE
    ..\\FWLIB\\src\\stm32f4xx_cryp.c         0x00000000   Number         0  stm32f4xx_cryp.o ABSOLUTE
    ..\\FWLIB\\src\\stm32f4xx_cryp_aes.c     0x00000000   Number         0  stm32f4xx_cryp_aes.o ABSOLUTE
    ..\\FWLIB\\src\\stm32f4xx_cryp_des.c     0x00000000   Number         0  stm32f4xx_cryp_des.o ABSOLUTE
    ..\\FWLIB\\src\\stm32f4xx_cryp_tdes.c    0x00000000   Number         0  stm32f4xx_cryp_tdes.o ABSOLUTE
    ..\\FWLIB\\src\\stm32f4xx_dac.c          0x00000000   Number         0  stm32f4xx_dac.o ABSOLUTE
    ..\\FWLIB\\src\\stm32f4xx_dbgmcu.c       0x00000000   Number         0  stm32f4xx_dbgmcu.o ABSOLUTE
    ..\\FWLIB\\src\\stm32f4xx_dcmi.c         0x00000000   Number         0  stm32f4xx_dcmi.o ABSOLUTE
    ..\\FWLIB\\src\\stm32f4xx_dma.c          0x00000000   Number         0  stm32f4xx_dma.o ABSOLUTE
    ..\\FWLIB\\src\\stm32f4xx_dma2d.c        0x00000000   Number         0  stm32f4xx_dma2d.o ABSOLUTE
    ..\\FWLIB\\src\\stm32f4xx_exti.c         0x00000000   Number         0  stm32f4xx_exti.o ABSOLUTE
    ..\\FWLIB\\src\\stm32f4xx_flash.c        0x00000000   Number         0  stm32f4xx_flash.o ABSOLUTE
    ..\\FWLIB\\src\\stm32f4xx_flash_ramfunc.c 0x00000000   Number         0  stm32f4xx_flash_ramfunc.o ABSOLUTE
    ..\\FWLIB\\src\\stm32f4xx_fsmc.c         0x00000000   Number         0  stm32f4xx_fsmc.o ABSOLUTE
    ..\\FWLIB\\src\\stm32f4xx_gpio.c         0x00000000   Number         0  stm32f4xx_gpio.o ABSOLUTE
    ..\\FWLIB\\src\\stm32f4xx_hash.c         0x00000000   Number         0  stm32f4xx_hash.o ABSOLUTE
    ..\\FWLIB\\src\\stm32f4xx_hash_md5.c     0x00000000   Number         0  stm32f4xx_hash_md5.o ABSOLUTE
    ..\\FWLIB\\src\\stm32f4xx_hash_sha1.c    0x00000000   Number         0  stm32f4xx_hash_sha1.o ABSOLUTE
    ..\\FWLIB\\src\\stm32f4xx_i2c.c          0x00000000   Number         0  stm32f4xx_i2c.o ABSOLUTE
    ..\\FWLIB\\src\\stm32f4xx_iwdg.c         0x00000000   Number         0  stm32f4xx_iwdg.o ABSOLUTE
    ..\\FWLIB\\src\\stm32f4xx_ltdc.c         0x00000000   Number         0  stm32f4xx_ltdc.o ABSOLUTE
    ..\\FWLIB\\src\\stm32f4xx_pwr.c          0x00000000   Number         0  stm32f4xx_pwr.o ABSOLUTE
    ..\\FWLIB\\src\\stm32f4xx_rcc.c          0x00000000   Number         0  stm32f4xx_rcc.o ABSOLUTE
    ..\\FWLIB\\src\\stm32f4xx_rng.c          0x00000000   Number         0  stm32f4xx_rng.o ABSOLUTE
    ..\\FWLIB\\src\\stm32f4xx_rtc.c          0x00000000   Number         0  stm32f4xx_rtc.o ABSOLUTE
    ..\\FWLIB\\src\\stm32f4xx_sai.c          0x00000000   Number         0  stm32f4xx_sai.o ABSOLUTE
    ..\\FWLIB\\src\\stm32f4xx_sdio.c         0x00000000   Number         0  stm32f4xx_sdio.o ABSOLUTE
    ..\\FWLIB\\src\\stm32f4xx_spi.c          0x00000000   Number         0  stm32f4xx_spi.o ABSOLUTE
    ..\\FWLIB\\src\\stm32f4xx_syscfg.c       0x00000000   Number         0  stm32f4xx_syscfg.o ABSOLUTE
    ..\\FWLIB\\src\\stm32f4xx_tim.c          0x00000000   Number         0  stm32f4xx_tim.o ABSOLUTE
    ..\\FWLIB\\src\\stm32f4xx_usart.c        0x00000000   Number         0  stm32f4xx_usart.o ABSOLUTE
    ..\\FWLIB\\src\\stm32f4xx_wwdg.c         0x00000000   Number         0  stm32f4xx_wwdg.o ABSOLUTE
    ..\\HARDWARE\\JY901\\UART1.c             0x00000000   Number         0  uart1.o ABSOLUTE
    ..\\HARDWARE\\JY901\\UART2.c             0x00000000   Number         0  uart2.o ABSOLUTE
    ..\\HARDWARE\\LED\\led.c                 0x00000000   Number         0  led.o ABSOLUTE
    ..\\HARDWARE\\PID\\bsp_pid.c             0x00000000   Number         0  bsp_pid.o ABSOLUTE
    ..\\HARDWARE\\QR_num\\qr_num.c           0x00000000   Number         0  qr_num.o ABSOLUTE
    ..\\HARDWARE\\Time\\timer.c              0x00000000   Number         0  timer.o ABSOLUTE
    ..\\HARDWARE\\USART3\\UART3.c            0x00000000   Number         0  uart3.o ABSOLUTE
    ..\\HARDWARE\\USART4\\UART4.c            0x00000000   Number         0  uart4.o ABSOLUTE
    ..\\HARDWARE\\beep\\beep.c               0x00000000   Number         0  beep.o ABSOLUTE
    ..\\HARDWARE\\command\\command.c         0x00000000   Number         0  command.o ABSOLUTE
    ..\\HARDWARE\\dictionary\\dictionary.c   0x00000000   Number         0  dictionary.o ABSOLUTE
    ..\\HARDWARE\\encode\\encode.c           0x00000000   Number         0  encode.o ABSOLUTE
    ..\\HARDWARE\\key\\key.c                 0x00000000   Number         0  key.o ABSOLUTE
    ..\\HARDWARE\\motor\\motor.c             0x00000000   Number         0  motor.o ABSOLUTE
    ..\\HARDWARE\\motor_pwm\\M_pwm.c         0x00000000   Number         0  m_pwm.o ABSOLUTE
    ..\\HARDWARE\\oled\\oled.c               0x00000000   Number         0  oled.o ABSOLUTE
    ..\\HARDWARE\\servo\\servo.c             0x00000000   Number         0  servo.o ABSOLUTE
    ..\\HARDWARE\\switch\\switch.c           0x00000000   Number         0  switch.o ABSOLUTE
    ..\\HARDWARE\\ultrasonic\\ult.c          0x00000000   Number         0  ult.o ABSOLUTE
    ..\\SYSTEM\\delay\\delay.c               0x00000000   Number         0  delay.o ABSOLUTE
    ..\\SYSTEM\\sys\\sys.c                   0x00000000   Number         0  sys.o ABSOLUTE
    ..\\variable\\variable.c                 0x00000000   Number         0  variable.o ABSOLUTE
    ..\variable\variable.c                   0x00000000   Number         0  variable.o ABSOLUTE
    dc.s                                     0x00000000   Number         0  dc.o ABSOLUTE
    handlers.s                               0x00000000   Number         0  handlers.o ABSOLUTE
    init.s                                   0x00000000   Number         0  init.o ABSOLUTE
    main.c                                   0x00000000   Number         0  main.o ABSOLUTE
    main.c                                   0x00000000   Number         0  main.o ABSOLUTE
    stm32f4xx_it.c                           0x00000000   Number         0  stm32f4xx_it.o ABSOLUTE
    stm32f4xx_it.c                           0x00000000   Number         0  stm32f4xx_it.o ABSOLUTE
    system_stm32f4xx.c                       0x00000000   Number         0  system_stm32f4xx.o ABSOLUTE
    system_stm32f4xx.c                       0x00000000   Number         0  system_stm32f4xx.o ABSOLUTE
    RESET                                    0x08000000   Section      392  startup_stm32f40_41xxx.o(RESET)
    .ARM.Collect$$$$00000000                 0x08000188   Section        0  entry.o(.ARM.Collect$$$$00000000)
    .ARM.Collect$$$$00000001                 0x08000188   Section        4  entry2.o(.ARM.Collect$$$$00000001)
    .ARM.Collect$$$$00000004                 0x0800018c   Section        4  entry5.o(.ARM.Collect$$$$00000004)
    .ARM.Collect$$$$00000008                 0x08000190   Section        0  entry7b.o(.ARM.Collect$$$$00000008)
    .ARM.Collect$$$$0000000A                 0x08000190   Section        0  entry8b.o(.ARM.Collect$$$$0000000A)
    .ARM.Collect$$$$0000000B                 0x08000190   Section        8  entry9a.o(.ARM.Collect$$$$0000000B)
    .ARM.Collect$$$$0000000E                 0x08000198   Section        4  entry12b.o(.ARM.Collect$$$$0000000E)
    .ARM.Collect$$$$0000000F                 0x0800019c   Section        0  entry10a.o(.ARM.Collect$$$$0000000F)
    .ARM.Collect$$$$00000011                 0x0800019c   Section        0  entry11a.o(.ARM.Collect$$$$00000011)
    .ARM.Collect$$$$00002712                 0x0800019c   Section        4  entry2.o(.ARM.Collect$$$$00002712)
    __lit__00000000                          0x0800019c   Data           4  entry2.o(.ARM.Collect$$$$00002712)
    .text                                    0x080001a0   Section        0  main.o(.text)
    .text                                    0x08000254   Section        0  stm32f4xx_it.o(.text)
    .text                                    0x08000270   Section        0  system_stm32f4xx.o(.text)
    SetSysClock                              0x08000271   Thumb Code   220  system_stm32f4xx.o(.text)
    .text                                    0x08000480   Section       36  startup_stm32f40_41xxx.o(.text)
    $v0                                      0x08000480   Number         0  startup_stm32f40_41xxx.o(.text)
    .text                                    0x080004a4   Section        0  misc.o(.text)
    .text                                    0x08000584   Section        0  stm32f4xx_gpio.o(.text)
    .text                                    0x08000818   Section        0  stm32f4xx_rcc.o(.text)
    .text                                    0x08000e74   Section        0  stm32f4xx_tim.o(.text)
    TI4_Config                               0x08001613   Thumb Code    80  stm32f4xx_tim.o(.text)
    TI3_Config                               0x08001675   Thumb Code    72  stm32f4xx_tim.o(.text)
    TI2_Config                               0x080016d7   Thumb Code    90  stm32f4xx_tim.o(.text)
    TI1_Config                               0x08001743   Thumb Code    58  stm32f4xx_tim.o(.text)
    .text                                    0x08001b18   Section        0  stm32f4xx_usart.o(.text)
    .text                                    0x08001f6c   Section        0  delay.o(.text)
    .text                                    0x08002070   Section        0  beep.o(.text)
    .text                                    0x080020a4   Section        0  command.o(.text)
    .text                                    0x08003470   Section        0  bsp_pid.o(.text)
    .text                                    0x0800378c   Section        0  motor.o(.text)
    .text                                    0x08003920   Section        0  m_pwm.o(.text)
    .text                                    0x08003b1c   Section        0  ult.o(.text)
    .text                                    0x08004bf0   Section        0  filter.o(.text)
    .text                                    0x08004ef0   Section        0  servo.o(.text)
    .text                                    0x08005660   Section        0  encode.o(.text)
    .text                                    0x080058d8   Section        0  switch.o(.text)
    .text                                    0x08005914   Section        0  key.o(.text)
    .text                                    0x08005ec4   Section        0  led.o(.text)
    .text                                    0x08005efc   Section        0  timer.o(.text)
    .text                                    0x08006238   Section        0  oled.o(.text)
    .text                                    0x08006ea4   Section        0  uart1.o(.text)
    .text                                    0x08007038   Section        0  uart2.o(.text)
    .text                                    0x080071b4   Section        0  uart3.o(.text)
    .text                                    0x080073c4   Section        0  uart4.o(.text)
    .text                                    0x080075d4   Section        0  dictionary.o(.text)
    .text                                    0x08007748   Section        0  variable.o(.text)
    .text                                    0x080077e6   Section        0  ldiv.o(.text)
    .text                                    0x08007848   Section        0  dadd.o(.text)
    .text                                    0x08007996   Section        0  dmul.o(.text)
    .text                                    0x08007a7a   Section        0  ddiv.o(.text)
    .text                                    0x08007b58   Section        0  dflti.o(.text)
    .text                                    0x08007b7a   Section        0  dfixi.o(.text)
    .text                                    0x08007bb8   Section        0  f2d.o(.text)
    .text                                    0x08007bde   Section        0  uldiv.o(.text)
    .text                                    0x08007c40   Section        0  llshl.o(.text)
    .text                                    0x08007c5e   Section        0  llushr.o(.text)
    .text                                    0x08007c7e   Section        0  llsshr.o(.text)
    .text                                    0x08007ca2   Section        0  depilogue.o(.text)
    .text                                    0x08007ca2   Section        0  iusefp.o(.text)
    .text                                    0x08007d5c   Section       36  init.o(.text)
    .text                                    0x08007d80   Section        0  __dczerorl2.o(.text)
    i.__scatterload_copy                     0x08007dd6   Section       14  handlers.o(i.__scatterload_copy)
    i.__scatterload_null                     0x08007de4   Section        2  handlers.o(i.__scatterload_null)
    i.__scatterload_zeroinit                 0x08007de6   Section       14  handlers.o(i.__scatterload_zeroinit)
    .constdata                               0x08007df4   Section     7856  oled.o(.constdata)
    .data                                    0x20000000   Section       13  main.o(.data)
    .data                                    0x20000010   Section       20  system_stm32f4xx.o(.data)
    .data                                    0x20000024   Section       16  stm32f4xx_rcc.o(.data)
    APBAHBPrescTable                         0x20000024   Data          16  stm32f4xx_rcc.o(.data)
    .data                                    0x20000034   Section        4  delay.o(.data)
    fac_us                                   0x20000034   Data           1  delay.o(.data)
    fac_ms                                   0x20000036   Data           2  delay.o(.data)
    .data                                    0x20000038   Section       40  command.o(.data)
    .data                                    0x20000060   Section      192  ult.o(.data)
    .data                                    0x20000120   Section        8  filter.o(.data)
    max                                      0x20000120   Data           2  filter.o(.data)
    min                                      0x20000122   Data           2  filter.o(.data)
    max                                      0x20000124   Data           2  filter.o(.data)
    min                                      0x20000126   Data           2  filter.o(.data)
    .data                                    0x20000128   Section       12  servo.o(.data)
    .data                                    0x20000134   Section        8  encode.o(.data)
    .data                                    0x2000013c   Section       28  key.o(.data)
    key_up                                   0x2000013c   Data           1  key.o(.data)
    key_up                                   0x2000013d   Data           1  key.o(.data)
    key_up                                   0x2000013e   Data           1  key.o(.data)
    key                                      0x20000140   Data           4  key.o(.data)
    key_2                                    0x20000144   Data           4  key.o(.data)
    key_3                                    0x20000148   Data           4  key.o(.data)
    key_4                                    0x2000014c   Data           4  key.o(.data)
    increase                                 0x20000150   Data           4  key.o(.data)
    reduce                                   0x20000154   Data           4  key.o(.data)
    .data                                    0x20000158   Section       16  timer.o(.data)
    .data                                    0x20000168   Section        8  uart1.o(.data)
    TxCounter                                0x20000169   Data           1  uart1.o(.data)
    count                                    0x2000016a   Data           1  uart1.o(.data)
    .data                                    0x20000170   Section        2  uart2.o(.data)
    TxCounter                                0x20000170   Data           1  uart2.o(.data)
    count                                    0x20000171   Data           1  uart2.o(.data)
    .data                                    0x20000174   Section       12  uart3.o(.data)
    .data                                    0x20000180   Section       24  uart4.o(.data)
    .data                                    0x20000198   Section       91  dictionary.o(.data)
    ucRxCnt                                  0x200001f2   Data           1  dictionary.o(.data)
    .bss                                     0x200001f4   Section      304  ult.o(.bss)
    .bss                                     0x20000324   Section       40  encode.o(.bss)
    .bss                                     0x2000034c   Section     1152  oled.o(.bss)
    .bss                                     0x200007cc   Section      256  uart1.o(.bss)
    TxBuffer                                 0x200007cc   Data         256  uart1.o(.bss)
    .bss                                     0x200008cc   Section      256  uart2.o(.bss)
    TxBuffer                                 0x200008cc   Data         256  uart2.o(.bss)
    .bss                                     0x200009cc   Section      250  dictionary.o(.bss)
    ucRxBuffer                               0x200009cc   Data         250  dictionary.o(.bss)
    STACK                                    0x20000ac8   Section     1024  startup_stm32f40_41xxx.o(STACK)

    Global Symbols

    Symbol Name                              Value     Ov Type        Size  Object(Section)

    BuildAttributes$$THM_ISAv4$E$P$D$K$B$S$7EM$VFPi3$EXTD16$VFPS$VFMA$PE$A:L22UL41UL21$X:L11$S22US41US21$IEEE1$IW$USESV6$~STKCKD$USESV7$~SHL$OSPACE$ROPI$EBA8$MICROLIB$REQ8$PRES8$EABIv2 0x00000000   Number         0  anon$$obj.o ABSOLUTE
    __ARM_use_no_argv                        0x00000000   Number         0  main.o ABSOLUTE
    __arm_fini_                               - Undefined Weak Reference
    __cpp_initialize__aeabi_                  - Undefined Weak Reference
    __cxa_finalize                            - Undefined Weak Reference
    _clock_init                               - Undefined Weak Reference
    _microlib_exit                            - Undefined Weak Reference
    __Vectors_Size                           0x00000188   Number         0  startup_stm32f40_41xxx.o ABSOLUTE
    __Vectors                                0x08000000   Data           4  startup_stm32f40_41xxx.o(RESET)
    __Vectors_End                            0x08000188   Data           0  startup_stm32f40_41xxx.o(RESET)
    __main                                   0x08000189   Thumb Code     0  entry.o(.ARM.Collect$$$$00000000)
    _main_stk                                0x08000189   Thumb Code     0  entry2.o(.ARM.Collect$$$$00000001)
    _main_scatterload                        0x0800018d   Thumb Code     0  entry5.o(.ARM.Collect$$$$00000004)
    __main_after_scatterload                 0x08000191   Thumb Code     0  entry5.o(.ARM.Collect$$$$00000004)
    _main_clock                              0x08000191   Thumb Code     0  entry7b.o(.ARM.Collect$$$$00000008)
    _main_cpp_init                           0x08000191   Thumb Code     0  entry8b.o(.ARM.Collect$$$$0000000A)
    _main_init                               0x08000191   Thumb Code     0  entry9a.o(.ARM.Collect$$$$0000000B)
    __rt_lib_shutdown_fini                   0x08000199   Thumb Code     0  entry12b.o(.ARM.Collect$$$$0000000E)
    __rt_final_cpp                           0x0800019d   Thumb Code     0  entry10a.o(.ARM.Collect$$$$0000000F)
    __rt_final_exit                          0x0800019d   Thumb Code     0  entry11a.o(.ARM.Collect$$$$00000011)
    main                                     0x080001a1   Thumb Code   166  main.o(.text)
    NMI_Handler                              0x08000255   Thumb Code     2  stm32f4xx_it.o(.text)
    HardFault_Handler                        0x08000257   Thumb Code     4  stm32f4xx_it.o(.text)
    MemManage_Handler                        0x0800025b   Thumb Code     4  stm32f4xx_it.o(.text)
    BusFault_Handler                         0x0800025f   Thumb Code     4  stm32f4xx_it.o(.text)
    UsageFault_Handler                       0x08000263   Thumb Code     4  stm32f4xx_it.o(.text)
    SVC_Handler                              0x08000267   Thumb Code     2  stm32f4xx_it.o(.text)
    DebugMon_Handler                         0x08000269   Thumb Code     2  stm32f4xx_it.o(.text)
    PendSV_Handler                           0x0800026b   Thumb Code     2  stm32f4xx_it.o(.text)
    SysTick_Handler                          0x0800026d   Thumb Code     2  stm32f4xx_it.o(.text)
    SystemInit                               0x0800034d   Thumb Code    88  system_stm32f4xx.o(.text)
    SystemCoreClockUpdate                    0x080003a5   Thumb Code   174  system_stm32f4xx.o(.text)
    Reset_Handler                            0x08000481   Thumb Code     8  startup_stm32f40_41xxx.o(.text)
    ADC_IRQHandler                           0x0800049b   Thumb Code     0  startup_stm32f40_41xxx.o(.text)
    CAN1_RX0_IRQHandler                      0x0800049b   Thumb Code     0  startup_stm32f40_41xxx.o(.text)
    CAN1_RX1_IRQHandler                      0x0800049b   Thumb Code     0  startup_stm32f40_41xxx.o(.text)
    CAN1_SCE_IRQHandler                      0x0800049b   Thumb Code     0  startup_stm32f40_41xxx.o(.text)
    CAN1_TX_IRQHandler                       0x0800049b   Thumb Code     0  startup_stm32f40_41xxx.o(.text)
    CAN2_RX0_IRQHandler                      0x0800049b   Thumb Code     0  startup_stm32f40_41xxx.o(.text)
    CAN2_RX1_IRQHandler                      0x0800049b   Thumb Code     0  startup_stm32f40_41xxx.o(.text)
    CAN2_SCE_IRQHandler                      0x0800049b   Thumb Code     0  startup_stm32f40_41xxx.o(.text)
    CAN2_TX_IRQHandler                       0x0800049b   Thumb Code     0  startup_stm32f40_41xxx.o(.text)
    CRYP_IRQHandler                          0x0800049b   Thumb Code     0  startup_stm32f40_41xxx.o(.text)
    DCMI_IRQHandler                          0x0800049b   Thumb Code     0  startup_stm32f40_41xxx.o(.text)
    DMA1_Stream0_IRQHandler                  0x0800049b   Thumb Code     0  startup_stm32f40_41xxx.o(.text)
    DMA1_Stream1_IRQHandler                  0x0800049b   Thumb Code     0  startup_stm32f40_41xxx.o(.text)
    DMA1_Stream2_IRQHandler                  0x0800049b   Thumb Code     0  startup_stm32f40_41xxx.o(.text)
    DMA1_Stream3_IRQHandler                  0x0800049b   Thumb Code     0  startup_stm32f40_41xxx.o(.text)
    DMA1_Stream4_IRQHandler                  0x0800049b   Thumb Code     0  startup_stm32f40_41xxx.o(.text)
    DMA1_Stream5_IRQHandler                  0x0800049b   Thumb Code     0  startup_stm32f40_41xxx.o(.text)
    DMA1_Stream6_IRQHandler                  0x0800049b   Thumb Code     0  startup_stm32f40_41xxx.o(.text)
    DMA1_Stream7_IRQHandler                  0x0800049b   Thumb Code     0  startup_stm32f40_41xxx.o(.text)
    DMA2_Stream0_IRQHandler                  0x0800049b   Thumb Code     0  startup_stm32f40_41xxx.o(.text)
    DMA2_Stream1_IRQHandler                  0x0800049b   Thumb Code     0  startup_stm32f40_41xxx.o(.text)
    DMA2_Stream2_IRQHandler                  0x0800049b   Thumb Code     0  startup_stm32f40_41xxx.o(.text)
    DMA2_Stream3_IRQHandler                  0x0800049b   Thumb Code     0  startup_stm32f40_41xxx.o(.text)
    DMA2_Stream4_IRQHandler                  0x0800049b   Thumb Code     0  startup_stm32f40_41xxx.o(.text)
    DMA2_Stream5_IRQHandler                  0x0800049b   Thumb Code     0  startup_stm32f40_41xxx.o(.text)
    DMA2_Stream6_IRQHandler                  0x0800049b   Thumb Code     0  startup_stm32f40_41xxx.o(.text)
    DMA2_Stream7_IRQHandler                  0x0800049b   Thumb Code     0  startup_stm32f40_41xxx.o(.text)
    ETH_IRQHandler                           0x0800049b   Thumb Code     0  startup_stm32f40_41xxx.o(.text)
    ETH_WKUP_IRQHandler                      0x0800049b   Thumb Code     0  startup_stm32f40_41xxx.o(.text)
    EXTI0_IRQHandler                         0x0800049b   Thumb Code     0  startup_stm32f40_41xxx.o(.text)
    EXTI15_10_IRQHandler                     0x0800049b   Thumb Code     0  startup_stm32f40_41xxx.o(.text)
    EXTI1_IRQHandler                         0x0800049b   Thumb Code     0  startup_stm32f40_41xxx.o(.text)
    EXTI2_IRQHandler                         0x0800049b   Thumb Code     0  startup_stm32f40_41xxx.o(.text)
    EXTI3_IRQHandler                         0x0800049b   Thumb Code     0  startup_stm32f40_41xxx.o(.text)
    EXTI4_IRQHandler                         0x0800049b   Thumb Code     0  startup_stm32f40_41xxx.o(.text)
    EXTI9_5_IRQHandler                       0x0800049b   Thumb Code     0  startup_stm32f40_41xxx.o(.text)
    FLASH_IRQHandler                         0x0800049b   Thumb Code     0  startup_stm32f40_41xxx.o(.text)
    FPU_IRQHandler                           0x0800049b   Thumb Code     0  startup_stm32f40_41xxx.o(.text)
    FSMC_IRQHandler                          0x0800049b   Thumb Code     0  startup_stm32f40_41xxx.o(.text)
    HASH_RNG_IRQHandler                      0x0800049b   Thumb Code     0  startup_stm32f40_41xxx.o(.text)
    I2C1_ER_IRQHandler                       0x0800049b   Thumb Code     0  startup_stm32f40_41xxx.o(.text)
    I2C1_EV_IRQHandler                       0x0800049b   Thumb Code     0  startup_stm32f40_41xxx.o(.text)
    I2C2_ER_IRQHandler                       0x0800049b   Thumb Code     0  startup_stm32f40_41xxx.o(.text)
    I2C2_EV_IRQHandler                       0x0800049b   Thumb Code     0  startup_stm32f40_41xxx.o(.text)
    I2C3_ER_IRQHandler                       0x0800049b   Thumb Code     0  startup_stm32f40_41xxx.o(.text)
    I2C3_EV_IRQHandler                       0x0800049b   Thumb Code     0  startup_stm32f40_41xxx.o(.text)
    OTG_FS_IRQHandler                        0x0800049b   Thumb Code     0  startup_stm32f40_41xxx.o(.text)
    OTG_FS_WKUP_IRQHandler                   0x0800049b   Thumb Code     0  startup_stm32f40_41xxx.o(.text)
    OTG_HS_EP1_IN_IRQHandler                 0x0800049b   Thumb Code     0  startup_stm32f40_41xxx.o(.text)
    OTG_HS_EP1_OUT_IRQHandler                0x0800049b   Thumb Code     0  startup_stm32f40_41xxx.o(.text)
    OTG_HS_IRQHandler                        0x0800049b   Thumb Code     0  startup_stm32f40_41xxx.o(.text)
    OTG_HS_WKUP_IRQHandler                   0x0800049b   Thumb Code     0  startup_stm32f40_41xxx.o(.text)
    PVD_IRQHandler                           0x0800049b   Thumb Code     0  startup_stm32f40_41xxx.o(.text)
    RCC_IRQHandler                           0x0800049b   Thumb Code     0  startup_stm32f40_41xxx.o(.text)
    RTC_Alarm_IRQHandler                     0x0800049b   Thumb Code     0  startup_stm32f40_41xxx.o(.text)
    RTC_WKUP_IRQHandler                      0x0800049b   Thumb Code     0  startup_stm32f40_41xxx.o(.text)
    SDIO_IRQHandler                          0x0800049b   Thumb Code     0  startup_stm32f40_41xxx.o(.text)
    SPI1_IRQHandler                          0x0800049b   Thumb Code     0  startup_stm32f40_41xxx.o(.text)
    SPI2_IRQHandler                          0x0800049b   Thumb Code     0  startup_stm32f40_41xxx.o(.text)
    SPI3_IRQHandler                          0x0800049b   Thumb Code     0  startup_stm32f40_41xxx.o(.text)
    TAMP_STAMP_IRQHandler                    0x0800049b   Thumb Code     0  startup_stm32f40_41xxx.o(.text)
    TIM1_BRK_TIM9_IRQHandler                 0x0800049b   Thumb Code     0  startup_stm32f40_41xxx.o(.text)
    TIM1_TRG_COM_TIM11_IRQHandler            0x0800049b   Thumb Code     0  startup_stm32f40_41xxx.o(.text)
    TIM1_UP_TIM10_IRQHandler                 0x0800049b   Thumb Code     0  startup_stm32f40_41xxx.o(.text)
    TIM2_IRQHandler                          0x0800049b   Thumb Code     0  startup_stm32f40_41xxx.o(.text)
    TIM3_IRQHandler                          0x0800049b   Thumb Code     0  startup_stm32f40_41xxx.o(.text)
    TIM4_IRQHandler                          0x0800049b   Thumb Code     0  startup_stm32f40_41xxx.o(.text)
    TIM8_BRK_TIM12_IRQHandler                0x0800049b   Thumb Code     0  startup_stm32f40_41xxx.o(.text)
    TIM8_CC_IRQHandler                       0x0800049b   Thumb Code     0  startup_stm32f40_41xxx.o(.text)
    TIM8_TRG_COM_TIM14_IRQHandler            0x0800049b   Thumb Code     0  startup_stm32f40_41xxx.o(.text)
    UART5_IRQHandler                         0x0800049b   Thumb Code     0  startup_stm32f40_41xxx.o(.text)
    USART6_IRQHandler                        0x0800049b   Thumb Code     0  startup_stm32f40_41xxx.o(.text)
    WWDG_IRQHandler                          0x0800049b   Thumb Code     0  startup_stm32f40_41xxx.o(.text)
    NVIC_PriorityGroupConfig                 0x080004a5   Thumb Code    10  misc.o(.text)
    NVIC_Init                                0x080004af   Thumb Code   106  misc.o(.text)
    NVIC_SetVectorTable                      0x08000519   Thumb Code    14  misc.o(.text)
    NVIC_SystemLPConfig                      0x08000527   Thumb Code    34  misc.o(.text)
    SysTick_CLKSourceConfig                  0x08000549   Thumb Code    40  misc.o(.text)
    GPIO_DeInit                              0x08000585   Thumb Code   268  stm32f4xx_gpio.o(.text)
    GPIO_Init                                0x08000691   Thumb Code   144  stm32f4xx_gpio.o(.text)
    GPIO_StructInit                          0x08000721   Thumb Code    18  stm32f4xx_gpio.o(.text)
    GPIO_PinLockConfig                       0x08000733   Thumb Code    34  stm32f4xx_gpio.o(.text)
    GPIO_ReadInputDataBit                    0x08000755   Thumb Code    18  stm32f4xx_gpio.o(.text)
    GPIO_ReadInputData                       0x08000767   Thumb Code     8  stm32f4xx_gpio.o(.text)
    GPIO_ReadOutputDataBit                   0x0800076f   Thumb Code    18  stm32f4xx_gpio.o(.text)
    GPIO_ReadOutputData                      0x08000781   Thumb Code     8  stm32f4xx_gpio.o(.text)
    GPIO_SetBits                             0x08000789   Thumb Code     4  stm32f4xx_gpio.o(.text)
    GPIO_ResetBits                           0x0800078d   Thumb Code     4  stm32f4xx_gpio.o(.text)
    GPIO_WriteBit                            0x08000791   Thumb Code    10  stm32f4xx_gpio.o(.text)
    GPIO_Write                               0x0800079b   Thumb Code     4  stm32f4xx_gpio.o(.text)
    GPIO_ToggleBits                          0x0800079f   Thumb Code     8  stm32f4xx_gpio.o(.text)
    GPIO_PinAFConfig                         0x080007a7   Thumb Code    70  stm32f4xx_gpio.o(.text)
    RCC_DeInit                               0x08000819   Thumb Code    82  stm32f4xx_rcc.o(.text)
    RCC_HSEConfig                            0x0800086b   Thumb Code    14  stm32f4xx_rcc.o(.text)
    RCC_GetFlagStatus                        0x08000879   Thumb Code    60  stm32f4xx_rcc.o(.text)
    RCC_WaitForHSEStartUp                    0x080008b5   Thumb Code    56  stm32f4xx_rcc.o(.text)
    RCC_AdjustHSICalibrationValue            0x080008ed   Thumb Code    20  stm32f4xx_rcc.o(.text)
    RCC_HSICmd                               0x08000901   Thumb Code     6  stm32f4xx_rcc.o(.text)
    RCC_LSEConfig                            0x08000907   Thumb Code    46  stm32f4xx_rcc.o(.text)
    RCC_LSICmd                               0x08000935   Thumb Code     6  stm32f4xx_rcc.o(.text)
    RCC_PLLConfig                            0x0800093b   Thumb Code    32  stm32f4xx_rcc.o(.text)
    RCC_PLLCmd                               0x0800095b   Thumb Code     6  stm32f4xx_rcc.o(.text)
    RCC_PLLI2SConfig                         0x08000961   Thumb Code    14  stm32f4xx_rcc.o(.text)
    RCC_PLLI2SCmd                            0x0800096f   Thumb Code     6  stm32f4xx_rcc.o(.text)
    RCC_PLLSAIConfig                         0x08000975   Thumb Code    20  stm32f4xx_rcc.o(.text)
    RCC_PLLSAICmd                            0x08000989   Thumb Code     6  stm32f4xx_rcc.o(.text)
    RCC_ClockSecuritySystemCmd               0x0800098f   Thumb Code     6  stm32f4xx_rcc.o(.text)
    RCC_MCO1Config                           0x08000995   Thumb Code    28  stm32f4xx_rcc.o(.text)
    RCC_MCO2Config                           0x080009b1   Thumb Code    28  stm32f4xx_rcc.o(.text)
    RCC_SYSCLKConfig                         0x080009cd   Thumb Code    20  stm32f4xx_rcc.o(.text)
    RCC_GetSYSCLKSource                      0x080009e1   Thumb Code    12  stm32f4xx_rcc.o(.text)
    RCC_HCLKConfig                           0x080009ed   Thumb Code    20  stm32f4xx_rcc.o(.text)
    RCC_PCLK1Config                          0x08000a01   Thumb Code    20  stm32f4xx_rcc.o(.text)
    RCC_PCLK2Config                          0x08000a15   Thumb Code    22  stm32f4xx_rcc.o(.text)
    RCC_GetClocksFreq                        0x08000a2b   Thumb Code   222  stm32f4xx_rcc.o(.text)
    RCC_RTCCLKConfig                         0x08000b09   Thumb Code    54  stm32f4xx_rcc.o(.text)
    RCC_RTCCLKCmd                            0x08000b3f   Thumb Code     8  stm32f4xx_rcc.o(.text)
    RCC_BackupResetCmd                       0x08000b47   Thumb Code     8  stm32f4xx_rcc.o(.text)
    RCC_I2SCLKConfig                         0x08000b4f   Thumb Code     6  stm32f4xx_rcc.o(.text)
    RCC_SAIPLLI2SClkDivConfig                0x08000b55   Thumb Code    26  stm32f4xx_rcc.o(.text)
    RCC_SAIPLLSAIClkDivConfig                0x08000b6f   Thumb Code    28  stm32f4xx_rcc.o(.text)
    RCC_SAIBlockACLKConfig                   0x08000b8b   Thumb Code    20  stm32f4xx_rcc.o(.text)
    RCC_SAIBlockBCLKConfig                   0x08000b9f   Thumb Code    20  stm32f4xx_rcc.o(.text)
    RCC_LTDCCLKDivConfig                     0x08000bb3   Thumb Code    20  stm32f4xx_rcc.o(.text)
    RCC_TIMCLKPresConfig                     0x08000bc7   Thumb Code     6  stm32f4xx_rcc.o(.text)
    RCC_AHB1PeriphClockCmd                   0x08000bcd   Thumb Code    34  stm32f4xx_rcc.o(.text)
    RCC_AHB2PeriphClockCmd                   0x08000bef   Thumb Code    78  stm32f4xx_rcc.o(.text)
    RCC_AHB3PeriphClockCmd                   0x08000c3d   Thumb Code    34  stm32f4xx_rcc.o(.text)
    RCC_APB1PeriphClockCmd                   0x08000c5f   Thumb Code    34  stm32f4xx_rcc.o(.text)
    RCC_APB2PeriphClockCmd                   0x08000c81   Thumb Code    34  stm32f4xx_rcc.o(.text)
    RCC_AHB1PeriphResetCmd                   0x08000ca3   Thumb Code    34  stm32f4xx_rcc.o(.text)
    RCC_AHB2PeriphResetCmd                   0x08000cc5   Thumb Code    34  stm32f4xx_rcc.o(.text)
    RCC_AHB3PeriphResetCmd                   0x08000ce7   Thumb Code    34  stm32f4xx_rcc.o(.text)
    RCC_APB1PeriphResetCmd                   0x08000d09   Thumb Code    34  stm32f4xx_rcc.o(.text)
    RCC_APB2PeriphResetCmd                   0x08000d2b   Thumb Code    34  stm32f4xx_rcc.o(.text)
    RCC_AHB1PeriphClockLPModeCmd             0x08000d4d   Thumb Code    34  stm32f4xx_rcc.o(.text)
    RCC_AHB2PeriphClockLPModeCmd             0x08000d6f   Thumb Code    34  stm32f4xx_rcc.o(.text)
    RCC_AHB3PeriphClockLPModeCmd             0x08000d91   Thumb Code    34  stm32f4xx_rcc.o(.text)
    RCC_APB1PeriphClockLPModeCmd             0x08000db3   Thumb Code    34  stm32f4xx_rcc.o(.text)
    RCC_APB2PeriphClockLPModeCmd             0x08000dd5   Thumb Code    34  stm32f4xx_rcc.o(.text)
    RCC_LSEModeConfig                        0x08000df7   Thumb Code    40  stm32f4xx_rcc.o(.text)
    RCC_ITConfig                             0x08000e1f   Thumb Code    34  stm32f4xx_rcc.o(.text)
    RCC_ClearFlag                            0x08000e41   Thumb Code    18  stm32f4xx_rcc.o(.text)
    RCC_GetITStatus                          0x08000e53   Thumb Code    22  stm32f4xx_rcc.o(.text)
    RCC_ClearITPendingBit                    0x08000e69   Thumb Code     8  stm32f4xx_rcc.o(.text)
    TIM_DeInit                               0x08000e75   Thumb Code   346  stm32f4xx_tim.o(.text)
    TIM_TimeBaseInit                         0x08000fcf   Thumb Code   104  stm32f4xx_tim.o(.text)
    TIM_TimeBaseStructInit                   0x08001037   Thumb Code    18  stm32f4xx_tim.o(.text)
    TIM_PrescalerConfig                      0x08001049   Thumb Code     6  stm32f4xx_tim.o(.text)
    TIM_CounterModeConfig                    0x0800104f   Thumb Code    18  stm32f4xx_tim.o(.text)
    TIM_SetCounter                           0x08001061   Thumb Code     4  stm32f4xx_tim.o(.text)
    TIM_SetAutoreload                        0x08001065   Thumb Code     4  stm32f4xx_tim.o(.text)
    TIM_GetCounter                           0x08001069   Thumb Code     6  stm32f4xx_tim.o(.text)
    TIM_GetPrescaler                         0x0800106f   Thumb Code     6  stm32f4xx_tim.o(.text)
    TIM_UpdateDisableConfig                  0x08001075   Thumb Code    24  stm32f4xx_tim.o(.text)
    TIM_UpdateRequestConfig                  0x0800108d   Thumb Code    24  stm32f4xx_tim.o(.text)
    TIM_ARRPreloadConfig                     0x080010a5   Thumb Code    24  stm32f4xx_tim.o(.text)
    TIM_SelectOnePulseMode                   0x080010bd   Thumb Code    18  stm32f4xx_tim.o(.text)
    TIM_SetClockDivision                     0x080010cf   Thumb Code    18  stm32f4xx_tim.o(.text)
    TIM_Cmd                                  0x080010e1   Thumb Code    24  stm32f4xx_tim.o(.text)
    TIM_OC1Init                              0x080010f9   Thumb Code   114  stm32f4xx_tim.o(.text)
    TIM_OC2Init                              0x0800116b   Thumb Code   154  stm32f4xx_tim.o(.text)
    TIM_OC3Init                              0x08001205   Thumb Code   204  stm32f4xx_tim.o(.text)
    TIM_OC4Init                              0x080012d1   Thumb Code   112  stm32f4xx_tim.o(.text)
    TIM_OCStructInit                         0x08001341   Thumb Code    20  stm32f4xx_tim.o(.text)
    TIM_SelectOCxM                           0x08001355   Thumb Code    86  stm32f4xx_tim.o(.text)
    TIM_SetCompare1                          0x080013ab   Thumb Code     4  stm32f4xx_tim.o(.text)
    TIM_SetCompare2                          0x080013af   Thumb Code     4  stm32f4xx_tim.o(.text)
    TIM_SetCompare3                          0x080013b3   Thumb Code     4  stm32f4xx_tim.o(.text)
    TIM_SetCompare4                          0x080013b7   Thumb Code     4  stm32f4xx_tim.o(.text)
    TIM_ForcedOC1Config                      0x080013bb   Thumb Code    18  stm32f4xx_tim.o(.text)
    TIM_ForcedOC2Config                      0x080013cd   Thumb Code    26  stm32f4xx_tim.o(.text)
    TIM_ForcedOC3Config                      0x080013e7   Thumb Code    18  stm32f4xx_tim.o(.text)
    TIM_ForcedOC4Config                      0x080013f9   Thumb Code    26  stm32f4xx_tim.o(.text)
    TIM_OC1PreloadConfig                     0x08001413   Thumb Code    18  stm32f4xx_tim.o(.text)
    TIM_OC2PreloadConfig                     0x08001425   Thumb Code    26  stm32f4xx_tim.o(.text)
    TIM_OC3PreloadConfig                     0x0800143f   Thumb Code    18  stm32f4xx_tim.o(.text)
    TIM_OC4PreloadConfig                     0x08001451   Thumb Code    26  stm32f4xx_tim.o(.text)
    TIM_OC1FastConfig                        0x0800146b   Thumb Code    18  stm32f4xx_tim.o(.text)
    TIM_OC2FastConfig                        0x0800147d   Thumb Code    26  stm32f4xx_tim.o(.text)
    TIM_OC3FastConfig                        0x08001497   Thumb Code    18  stm32f4xx_tim.o(.text)
    TIM_OC4FastConfig                        0x080014a9   Thumb Code    26  stm32f4xx_tim.o(.text)
    TIM_ClearOC1Ref                          0x080014c3   Thumb Code    18  stm32f4xx_tim.o(.text)
    TIM_ClearOC2Ref                          0x080014d5   Thumb Code    24  stm32f4xx_tim.o(.text)
    TIM_ClearOC3Ref                          0x080014ed   Thumb Code    18  stm32f4xx_tim.o(.text)
    TIM_ClearOC4Ref                          0x080014ff   Thumb Code    24  stm32f4xx_tim.o(.text)
    TIM_OC1PolarityConfig                    0x08001517   Thumb Code    18  stm32f4xx_tim.o(.text)
    TIM_OC1NPolarityConfig                   0x08001529   Thumb Code    18  stm32f4xx_tim.o(.text)
    TIM_OC2PolarityConfig                    0x0800153b   Thumb Code    26  stm32f4xx_tim.o(.text)
    TIM_OC2NPolarityConfig                   0x08001555   Thumb Code    26  stm32f4xx_tim.o(.text)
    TIM_OC3PolarityConfig                    0x0800156f   Thumb Code    26  stm32f4xx_tim.o(.text)
    TIM_OC3NPolarityConfig                   0x08001589   Thumb Code    26  stm32f4xx_tim.o(.text)
    TIM_OC4PolarityConfig                    0x080015a3   Thumb Code    26  stm32f4xx_tim.o(.text)
    TIM_CCxCmd                               0x080015bd   Thumb Code    30  stm32f4xx_tim.o(.text)
    TIM_CCxNCmd                              0x080015db   Thumb Code    30  stm32f4xx_tim.o(.text)
    TIM_SetIC4Prescaler                      0x080015f9   Thumb Code    26  stm32f4xx_tim.o(.text)
    TIM_SetIC3Prescaler                      0x08001663   Thumb Code    18  stm32f4xx_tim.o(.text)
    TIM_SetIC2Prescaler                      0x080016bd   Thumb Code    26  stm32f4xx_tim.o(.text)
    TIM_SetIC1Prescaler                      0x08001731   Thumb Code    18  stm32f4xx_tim.o(.text)
    TIM_ICInit                               0x0800177d   Thumb Code   110  stm32f4xx_tim.o(.text)
    TIM_ICStructInit                         0x080017eb   Thumb Code    18  stm32f4xx_tim.o(.text)
    TIM_PWMIConfig                           0x080017fd   Thumb Code   124  stm32f4xx_tim.o(.text)
    TIM_GetCapture1                          0x08001879   Thumb Code     6  stm32f4xx_tim.o(.text)
    TIM_GetCapture2                          0x0800187f   Thumb Code     6  stm32f4xx_tim.o(.text)
    TIM_GetCapture3                          0x08001885   Thumb Code     6  stm32f4xx_tim.o(.text)
    TIM_GetCapture4                          0x0800188b   Thumb Code     6  stm32f4xx_tim.o(.text)
    TIM_BDTRConfig                           0x08001891   Thumb Code    32  stm32f4xx_tim.o(.text)
    TIM_BDTRStructInit                       0x080018b1   Thumb Code    18  stm32f4xx_tim.o(.text)
    TIM_CtrlPWMOutputs                       0x080018c3   Thumb Code    30  stm32f4xx_tim.o(.text)
    TIM_SelectCOM                            0x080018e1   Thumb Code    24  stm32f4xx_tim.o(.text)
    TIM_CCPreloadControl                     0x080018f9   Thumb Code    24  stm32f4xx_tim.o(.text)
    TIM_ITConfig                             0x08001911   Thumb Code    18  stm32f4xx_tim.o(.text)
    TIM_GenerateEvent                        0x08001923   Thumb Code     4  stm32f4xx_tim.o(.text)
    TIM_GetFlagStatus                        0x08001927   Thumb Code    18  stm32f4xx_tim.o(.text)
    TIM_ClearFlag                            0x08001939   Thumb Code     6  stm32f4xx_tim.o(.text)
    TIM_GetITStatus                          0x0800193f   Thumb Code    34  stm32f4xx_tim.o(.text)
    TIM_ClearITPendingBit                    0x08001961   Thumb Code     6  stm32f4xx_tim.o(.text)
    TIM_DMAConfig                            0x08001967   Thumb Code    10  stm32f4xx_tim.o(.text)
    TIM_DMACmd                               0x08001971   Thumb Code    18  stm32f4xx_tim.o(.text)
    TIM_SelectCCDMA                          0x08001983   Thumb Code    24  stm32f4xx_tim.o(.text)
    TIM_InternalClockConfig                  0x0800199b   Thumb Code    12  stm32f4xx_tim.o(.text)
    TIM_SelectInputTrigger                   0x080019a7   Thumb Code    18  stm32f4xx_tim.o(.text)
    TIM_ITRxExternalClockConfig              0x080019b9   Thumb Code    24  stm32f4xx_tim.o(.text)
    TIM_TIxExternalClockConfig               0x080019d1   Thumb Code    62  stm32f4xx_tim.o(.text)
    TIM_ETRConfig                            0x08001a0f   Thumb Code    28  stm32f4xx_tim.o(.text)
    TIM_ETRClockMode1Config                  0x08001a2b   Thumb Code    54  stm32f4xx_tim.o(.text)
    TIM_ETRClockMode2Config                  0x08001a61   Thumb Code    32  stm32f4xx_tim.o(.text)
    TIM_SelectOutputTrigger                  0x08001a81   Thumb Code    18  stm32f4xx_tim.o(.text)
    TIM_SelectSlaveMode                      0x08001a93   Thumb Code    18  stm32f4xx_tim.o(.text)
    TIM_SelectMasterSlaveMode                0x08001aa5   Thumb Code    18  stm32f4xx_tim.o(.text)
    TIM_EncoderInterfaceConfig               0x08001ab7   Thumb Code    66  stm32f4xx_tim.o(.text)
    TIM_SelectHallSensor                     0x08001af9   Thumb Code    24  stm32f4xx_tim.o(.text)
    TIM_RemapConfig                          0x08001b11   Thumb Code     6  stm32f4xx_tim.o(.text)
    USART_DeInit                             0x08001b19   Thumb Code   206  stm32f4xx_usart.o(.text)
    USART_Init                               0x08001be7   Thumb Code   204  stm32f4xx_usart.o(.text)
    USART_StructInit                         0x08001cb3   Thumb Code    24  stm32f4xx_usart.o(.text)
    USART_ClockInit                          0x08001ccb   Thumb Code    32  stm32f4xx_usart.o(.text)
    USART_ClockStructInit                    0x08001ceb   Thumb Code    12  stm32f4xx_usart.o(.text)
    USART_Cmd                                0x08001cf7   Thumb Code    24  stm32f4xx_usart.o(.text)
    USART_SetPrescaler                       0x08001d0f   Thumb Code    16  stm32f4xx_usart.o(.text)
    USART_OverSampling8Cmd                   0x08001d1f   Thumb Code    22  stm32f4xx_usart.o(.text)
    USART_OneBitMethodCmd                    0x08001d35   Thumb Code    24  stm32f4xx_usart.o(.text)
    USART_SendData                           0x08001d4d   Thumb Code     8  stm32f4xx_usart.o(.text)
    USART_ReceiveData                        0x08001d55   Thumb Code    10  stm32f4xx_usart.o(.text)
    USART_SetAddress                         0x08001d5f   Thumb Code    18  stm32f4xx_usart.o(.text)
    USART_ReceiverWakeUpCmd                  0x08001d71   Thumb Code    24  stm32f4xx_usart.o(.text)
    USART_WakeUpConfig                       0x08001d89   Thumb Code    18  stm32f4xx_usart.o(.text)
    USART_LINBreakDetectLengthConfig         0x08001d9b   Thumb Code    18  stm32f4xx_usart.o(.text)
    USART_LINCmd                             0x08001dad   Thumb Code    24  stm32f4xx_usart.o(.text)
    USART_SendBreak                          0x08001dc5   Thumb Code    10  stm32f4xx_usart.o(.text)
    USART_HalfDuplexCmd                      0x08001dcf   Thumb Code    24  stm32f4xx_usart.o(.text)
    USART_SetGuardTime                       0x08001de7   Thumb Code    16  stm32f4xx_usart.o(.text)
    USART_SmartCardCmd                       0x08001df7   Thumb Code    24  stm32f4xx_usart.o(.text)
    USART_SmartCardNACKCmd                   0x08001e0f   Thumb Code    24  stm32f4xx_usart.o(.text)
    USART_IrDAConfig                         0x08001e27   Thumb Code    18  stm32f4xx_usart.o(.text)
    USART_IrDACmd                            0x08001e39   Thumb Code    24  stm32f4xx_usart.o(.text)
    USART_DMACmd                             0x08001e51   Thumb Code    18  stm32f4xx_usart.o(.text)
    USART_ITConfig                           0x08001e63   Thumb Code    74  stm32f4xx_usart.o(.text)
    USART_GetFlagStatus                      0x08001ead   Thumb Code    26  stm32f4xx_usart.o(.text)
    USART_ClearFlag                          0x08001ec7   Thumb Code    18  stm32f4xx_usart.o(.text)
    USART_GetITStatus                        0x08001ed9   Thumb Code   118  stm32f4xx_usart.o(.text)
    USART_ClearITPendingBit                  0x08001f4f   Thumb Code    30  stm32f4xx_usart.o(.text)
    delay_init                               0x08001f6d   Thumb Code    52  delay.o(.text)
    delay_us                                 0x08001fa1   Thumb Code    72  delay.o(.text)
    delay_xms                                0x08001fe9   Thumb Code    72  delay.o(.text)
    delay_ms                                 0x08002031   Thumb Code    56  delay.o(.text)
    BEEP_Init                                0x08002071   Thumb Code    48  beep.o(.text)
    speed_PID                                0x080020a5   Thumb Code    96  command.o(.text)
    com_PID                                  0x08002105   Thumb Code   160  command.o(.text)
    xianfu                                   0x080021a5   Thumb Code    36  command.o(.text)
    servo_bla                                0x080021c9   Thumb Code  1286  command.o(.text)
    Car_run_1                                0x080026cf   Thumb Code   138  command.o(.text)
    Car_run_2                                0x08002759   Thumb Code   334  command.o(.text)
    Car_run_3                                0x080028a7   Thumb Code   150  command.o(.text)
    Car_run_4                                0x0800293d   Thumb Code   404  command.o(.text)
    Car_run_5                                0x08002ad1   Thumb Code   176  command.o(.text)
    Car_run_6                                0x08002b81   Thumb Code   458  command.o(.text)
    Car_run_7                                0x08002d4b   Thumb Code   172  command.o(.text)
    Car_run_8                                0x08002df7   Thumb Code   390  command.o(.text)
    Car_run_9                                0x08002f7d   Thumb Code   176  command.o(.text)
    Car_run_10                               0x0800302d   Thumb Code   418  command.o(.text)
    Car_run_11                               0x080031cf   Thumb Code   370  command.o(.text)
    Car_run_12                               0x08003341   Thumb Code   230  command.o(.text)
    location_pid_set                         0x08003471   Thumb Code   264  bsp_pid.o(.text)
    speed_pid_set                            0x08003579   Thumb Code   264  bsp_pid.o(.text)
    blance_pid                               0x08003681   Thumb Code    84  bsp_pid.o(.text)
    blance_pid_hor                           0x080036d5   Thumb Code   138  bsp_pid.o(.text)
    motor_Init                               0x0800378d   Thumb Code    60  motor.o(.text)
    motor_scare                              0x080037c9   Thumb Code    28  motor.o(.text)
    value                                    0x080037e5   Thumb Code    14  motor.o(.text)
    motion                                   0x080037f3   Thumb Code   276  motor.o(.text)
    TIM9_PWM_AB_Init                         0x08003921   Thumb Code   178  m_pwm.o(.text)
    TIM10_PWMC_Init                          0x080039d3   Thumb Code   154  m_pwm.o(.text)
    TIM11_PWMD_Init                          0x08003a6d   Thumb Code   154  m_pwm.o(.text)
    Ultra_Init                               0x08003b1d   Thumb Code   168  ult.o(.text)
    Sonic_Get_Distance                       0x08003bc5   Thumb Code  1376  ult.o(.text)
    TIM5_Sonic_Cap_Init                      0x08004125   Thumb Code   288  ult.o(.text)
    TIM1_Sonic_Cap_Init                      0x08004245   Thumb Code   358  ult.o(.text)
    TIM5_IRQHandler                          0x080043ab   Thumb Code   778  ult.o(.text)
    TIM1_CC_IRQHandler                       0x080046b5   Thumb Code   802  ult.o(.text)
    Ultrasonic_Trig_Start                    0x080049d7   Thumb Code   200  ult.o(.text)
    Ultrasonic_Trig_end                      0x08004a9f   Thumb Code    78  ult.o(.text)
    Ultra_Test1                              0x08004aed   Thumb Code   206  ult.o(.text)
    center_L                                 0x08004bbb   Thumb Code    18  ult.o(.text)
    meanFilter                               0x08004bf1   Thumb Code   100  filter.o(.text)
    meanFilter1                              0x08004c55   Thumb Code    90  filter.o(.text)
    enhanceMeanFilter                        0x08004caf   Thumb Code   190  filter.o(.text)
    Average_Filter                           0x08004d6d   Thumb Code   134  filter.o(.text)
    Enaverage_Filter                         0x08004df3   Thumb Code   234  filter.o(.text)
    TIM2_Init                                0x08004ef1   Thumb Code   284  servo.o(.text)
    Time8_Servo_Init                         0x0800500d   Thumb Code   218  servo.o(.text)
    TIM14_Init                               0x080050e7   Thumb Code   152  servo.o(.text)
    conversion_CNT                           0x0800517f   Thumb Code    64  servo.o(.text)
    Set_angle                                0x080051bf   Thumb Code    88  servo.o(.text)
    single_set                               0x08005217   Thumb Code    84  servo.o(.text)
    pill_Servo                               0x0800526b   Thumb Code    62  servo.o(.text)
    single_servo_steer                       0x080052a9   Thumb Code   338  servo.o(.text)
    together_servo_steer                     0x080053fb   Thumb Code   144  servo.o(.text)
    set_balance_angle                        0x0800548b   Thumb Code   456  servo.o(.text)
    TIM3_Encoder_Init                        0x08005661   Thumb Code   168  encode.o(.text)
    TIM4_Encoder_Init                        0x08005709   Thumb Code   170  encode.o(.text)
    Read_Encoder_cnt                         0x080057b3   Thumb Code    60  encode.o(.text)
    Solve_EncoData                           0x080057ef   Thumb Code   110  encode.o(.text)
    sum_Read_Encoder_cnt                     0x0800585d   Thumb Code    78  encode.o(.text)
    IO_Init                                  0x080058d9   Thumb Code    56  switch.o(.text)
    KEY_Init                                 0x08005915   Thumb Code    42  key.o(.text)
    KEY_Scan                                 0x0800593f   Thumb Code   152  key.o(.text)
    KEY_Scan_2                               0x080059d7   Thumb Code   152  key.o(.text)
    KEY_Scan_3                               0x08005a6f   Thumb Code   152  key.o(.text)
    choose_servo                             0x08005b07   Thumb Code   942  key.o(.text)
    LED_Init                                 0x08005ec5   Thumb Code    50  led.o(.text)
    TIM6_init                                0x08005efd   Thumb Code    84  timer.o(.text)
    TIM7_init                                0x08005f51   Thumb Code    84  timer.o(.text)
    TIM7_IRQHandler                          0x08005fa5   Thumb Code   440  timer.o(.text)
    TIM13_init                               0x0800615d   Thumb Code    86  timer.o(.text)
    TIM8_UP_TIM13_IRQHandler                 0x080061b3   Thumb Code    28  timer.o(.text)
    TIM6_DAC_IRQHandler                      0x080061cf   Thumb Code    34  timer.o(.text)
    OLED_WR_Byte                             0x08006239   Thumb Code   126  oled.o(.text)
    OLED_ColorTurn                           0x080062b7   Thumb Code    28  oled.o(.text)
    OLED_DisplayTurn                         0x080062d3   Thumb Code    44  oled.o(.text)
    OLED_DisPlay_On                          0x080062ff   Thumb Code    28  oled.o(.text)
    OLED_DisPlay_Off                         0x0800631b   Thumb Code    28  oled.o(.text)
    OLED_Refresh                             0x08006337   Thumb Code    70  oled.o(.text)
    OLED_Clear                               0x0800637d   Thumb Code    42  oled.o(.text)
    OLED_DrawPoint                           0x080063a7   Thumb Code   114  oled.o(.text)
    OLED_DrawLine                            0x08006419   Thumb Code   172  oled.o(.text)
    OLED_DrawCircle                          0x080064c5   Thumb Code   168  oled.o(.text)
    OLED_ShowChar                            0x0800656d   Thumb Code   326  oled.o(.text)
    OLED_ShowString                          0x080066b3   Thumb Code    74  oled.o(.text)
    OLED_Pow                                 0x080066fd   Thumb Code    22  oled.o(.text)
    OLED_ShowNum                             0x08006713   Thumb Code   140  oled.o(.text)
    OLED_ShowIntNum                          0x0800679f   Thumb Code    90  oled.o(.text)
    OLED_Show3FNum                           0x080067f9   Thumb Code   672  oled.o(.text)
    OLED_ShowChinese                         0x08006a99   Thumb Code   244  oled.o(.text)
    OLED_ScrollDisplay                       0x08006b8d   Thumb Code   202  oled.o(.text)
    OLED_ShowPicture                         0x08006c57   Thumb Code   214  oled.o(.text)
    OLED_Init                                0x08006d2d   Thumb Code   362  oled.o(.text)
    Initial_UART1                            0x08006ea5   Thumb Code   162  uart1.o(.text)
    UART1_Put_Char                           0x08006f47   Thumb Code    34  uart1.o(.text)
    UART1_Put_String                         0x08006f69   Thumb Code    46  uart1.o(.text)
    fputc                                    0x08006f97   Thumb Code    22  uart1.o(.text)
    USART1_IRQHandler                        0x08006fad   Thumb Code   116  uart1.o(.text)
    Initial_UART2                            0x08007039   Thumb Code   162  uart2.o(.text)
    USART2_IRQHandler                        0x080070db   Thumb Code   118  uart2.o(.text)
    UART2_Put_Char                           0x08007151   Thumb Code    34  uart2.o(.text)
    UART2_Put_String                         0x08007173   Thumb Code    46  uart2.o(.text)
    uart3_init                               0x080071b5   Thumb Code   164  uart3.o(.text)
    USART3_IRQHandler                        0x08007259   Thumb Code   256  uart3.o(.text)
    usart3_fangliao                          0x08007359   Thumb Code    62  uart3.o(.text)
    uart4_init                               0x080073c5   Thumb Code   166  uart4.o(.text)
    UART4_IRQHandler                         0x0800746b   Thumb Code   256  uart4.o(.text)
    usart4_fangliao                          0x0800756b   Thumb Code    62  uart4.o(.text)
    sendcmd                                  0x080075d5   Thumb Code    24  dictionary.o(.text)
    CopeSerial2Data                          0x080075ed   Thumb Code   236  dictionary.o(.text)
    CopeSerial1Data                          0x080076d9   Thumb Code    12  dictionary.o(.text)
    TLY_init                                 0x080076e5   Thumb Code    28  dictionary.o(.text)
    tly                                      0x08007701   Thumb Code    16  dictionary.o(.text)
    ALL_Init                                 0x08007749   Thumb Code   158  variable.o(.text)
    __aeabi_ldivmod                          0x080077e7   Thumb Code    98  ldiv.o(.text)
    __aeabi_dadd                             0x08007849   Thumb Code   322  dadd.o(.text)
    __aeabi_dsub                             0x0800798b   Thumb Code     6  dadd.o(.text)
    __aeabi_drsub                            0x08007991   Thumb Code     6  dadd.o(.text)
    __aeabi_dmul                             0x08007997   Thumb Code   228  dmul.o(.text)
    __aeabi_ddiv                             0x08007a7b   Thumb Code   222  ddiv.o(.text)
    __aeabi_i2d                              0x08007b59   Thumb Code    34  dflti.o(.text)
    __aeabi_d2iz                             0x08007b7b   Thumb Code    62  dfixi.o(.text)
    __aeabi_f2d                              0x08007bb9   Thumb Code    38  f2d.o(.text)
    __aeabi_uldivmod                         0x08007bdf   Thumb Code    98  uldiv.o(.text)
    __aeabi_llsl                             0x08007c41   Thumb Code    30  llshl.o(.text)
    _ll_shift_l                              0x08007c41   Thumb Code     0  llshl.o(.text)
    __aeabi_llsr                             0x08007c5f   Thumb Code    32  llushr.o(.text)
    _ll_ushift_r                             0x08007c5f   Thumb Code     0  llushr.o(.text)
    __aeabi_lasr                             0x08007c7f   Thumb Code    36  llsshr.o(.text)
    _ll_sshift_r                             0x08007c7f   Thumb Code     0  llsshr.o(.text)
    __I$use$fp                               0x08007ca3   Thumb Code     0  iusefp.o(.text)
    _double_round                            0x08007ca3   Thumb Code    30  depilogue.o(.text)
    _double_epilogue                         0x08007cc1   Thumb Code   156  depilogue.o(.text)
    __scatterload                            0x08007d5d   Thumb Code    28  init.o(.text)
    __scatterload_rt2                        0x08007d5d   Thumb Code     0  init.o(.text)
    __decompress                             0x08007d81   Thumb Code     0  __dczerorl2.o(.text)
    __decompress1                            0x08007d81   Thumb Code    86  __dczerorl2.o(.text)
    __scatterload_copy                       0x08007dd7   Thumb Code    14  handlers.o(i.__scatterload_copy)
    __scatterload_null                       0x08007de5   Thumb Code     2  handlers.o(i.__scatterload_null)
    __scatterload_zeroinit                   0x08007de7   Thumb Code    14  handlers.o(i.__scatterload_zeroinit)
    asc2_0806                                0x08007df4   Data         552  oled.o(.constdata)
    asc2_1206                                0x0800801c   Data        1140  oled.o(.constdata)
    asc2_1608                                0x08008490   Data        1520  oled.o(.constdata)
    asc2_2412                                0x08008a80   Data        3420  oled.o(.constdata)
    Hzk1                                     0x080097dc   Data         512  oled.o(.constdata)
    Hzk2                                     0x080099dc   Data          72  oled.o(.constdata)
    Hzk3                                     0x08009a24   Data         128  oled.o(.constdata)
    Hzk4                                     0x08009aa4   Data         512  oled.o(.constdata)
    Region$$Table$$Base                      0x08009ca4   Number         0  anon$$obj.o(Region$$Table)
    Region$$Table$$Limit                     0x08009cc4   Number         0  anon$$obj.o(Region$$Table)
    flag                                     0x20000000   Data           4  main.o(.data)
    code                                     0x20000004   Data           4  main.o(.data)
    flag_kualong                             0x20000008   Data           4  main.o(.data)
    key_flag                                 0x2000000c   Data           1  main.o(.data)
    SystemCoreClock                          0x20000010   Data           4  system_stm32f4xx.o(.data)
    AHBPrescTable                            0x20000014   Data          16  system_stm32f4xx.o(.data)
    N_servo                                  0x20000038   Data           4  command.o(.data)
    pos                                      0x2000003c   Data           4  command.o(.data)
    Speed_1                                  0x20000040   Data           4  command.o(.data)
    Speed_zuo                                0x20000044   Data           4  command.o(.data)
    Speed_you                                0x20000048   Data           4  command.o(.data)
    Speed_2_6_10                             0x2000004c   Data           4  command.o(.data)
    Speed_2                                  0x20000050   Data           4  command.o(.data)
    dis_78                                   0x20000054   Data           4  command.o(.data)
    servo_handle                             0x20000058   Data           8  command.o(.data)
    TIM5CH1_CAPTURE_STA                      0x20000060   Data           1  ult.o(.data)
    TIM5CH1_CAPTURE_VAL                      0x20000064   Data           4  ult.o(.data)
    TIM5CH2_CAPTURE_STA                      0x20000068   Data           1  ult.o(.data)
    TIM5CH2_CAPTURE_VAL                      0x2000006c   Data           4  ult.o(.data)
    TIM5CH3_CAPTURE_STA                      0x20000070   Data           1  ult.o(.data)
    TIM5CH3_CAPTURE_VAL                      0x20000074   Data           4  ult.o(.data)
    TIM5CH4_CAPTURE_STA                      0x20000078   Data           1  ult.o(.data)
    TIM5CH4_CAPTURE_VAL                      0x2000007c   Data           4  ult.o(.data)
    TIM1CH1_CAPTURE_STA                      0x20000080   Data           1  ult.o(.data)
    TIM1CH1_CAPTURE_VAL                      0x20000084   Data           4  ult.o(.data)
    TIM1CH2_CAPTURE_STA                      0x20000088   Data           1  ult.o(.data)
    TIM1CH2_CAPTURE_VAL                      0x2000008c   Data           4  ult.o(.data)
    TIM1CH3_CAPTURE_STA                      0x20000090   Data           1  ult.o(.data)
    TIM1CH3_CAPTURE_VAL                      0x20000094   Data           4  ult.o(.data)
    TIM1CH4_CAPTURE_STA                      0x20000098   Data           1  ult.o(.data)
    TIM1CH4_CAPTURE_VAL                      0x2000009c   Data           4  ult.o(.data)
    temp_1                                   0x200000a0   Data           8  ult.o(.data)
    temp_2                                   0x200000a8   Data           8  ult.o(.data)
    temp_3                                   0x200000b0   Data           8  ult.o(.data)
    temp_4                                   0x200000b8   Data           8  ult.o(.data)
    temp_5                                   0x200000c0   Data           8  ult.o(.data)
    temp_6                                   0x200000c8   Data           8  ult.o(.data)
    temp_7                                   0x200000d0   Data           8  ult.o(.data)
    temp_8                                   0x200000d8   Data           8  ult.o(.data)
    TEMPA_1                                  0x200000e0   Data           8  ult.o(.data)
    TEMPA_2                                  0x200000e8   Data           8  ult.o(.data)
    TEMPA_3                                  0x200000f0   Data           8  ult.o(.data)
    TEMPA_4                                  0x200000f8   Data           8  ult.o(.data)
    TEMPA_5                                  0x20000100   Data           8  ult.o(.data)
    TEMPA_6                                  0x20000108   Data           8  ult.o(.data)
    TEMPA_7                                  0x20000110   Data           8  ult.o(.data)
    TEMPA_8                                  0x20000118   Data           8  ult.o(.data)
    circle_servo1                            0x20000128   Data           4  servo.o(.data)
    circle_servo2                            0x2000012c   Data           4  servo.o(.data)
    small_servo3                             0x20000130   Data           4  servo.o(.data)
    TIM3_sumcode                             0x20000134   Data           4  encode.o(.data)
    TIM4_sumcode                             0x20000138   Data           4  encode.o(.data)
    Encoder_Timer3_sum                       0x20000158   Data           4  timer.o(.data)
    Encoder_Timer4_sum                       0x2000015c   Data           4  timer.o(.data)
    PID_value                                0x20000160   Data           4  timer.o(.data)
    empt                                     0x20000164   Data           4  timer.o(.data)
    QR_code                                  0x20000168   Data           1  uart1.o(.data)
    stop_flag                                0x2000016c   Data           4  uart1.o(.data)
    USART3_RX_STA                            0x20000174   Data           2  uart3.o(.data)
    openmv                                   0x20000178   Data           4  uart3.o(.data)
    y                                        0x2000017c   Data           4  uart3.o(.data)
    a                                        0x20000180   Data           4  uart4.o(.data)
    b                                        0x20000184   Data           4  uart4.o(.data)
    UART4_RX_STA                             0x20000188   Data           2  uart4.o(.data)
    openmv1                                  0x2000018c   Data           4  uart4.o(.data)
    flag_openmv                              0x20000190   Data           4  uart4.o(.data)
    x                                        0x20000194   Data           4  uart4.o(.data)
    stcTime                                  0x20000198   Data           8  dictionary.o(.data)
    stcAcc                                   0x200001a0   Data           8  dictionary.o(.data)
    stcGyro                                  0x200001a8   Data           8  dictionary.o(.data)
    stcAngle                                 0x200001b0   Data           8  dictionary.o(.data)
    stcMag                                   0x200001b8   Data           8  dictionary.o(.data)
    stcDStatus                               0x200001c0   Data           8  dictionary.o(.data)
    stcPress                                 0x200001c8   Data           8  dictionary.o(.data)
    stcLonLat                                0x200001d0   Data           8  dictionary.o(.data)
    stcGPSV                                  0x200001d8   Data           8  dictionary.o(.data)
    stcQ                                     0x200001e0   Data           8  dictionary.o(.data)
    ACCCALSW                                 0x200001e8   Data           5  dictionary.o(.data)
    SAVACALSW                                0x200001ed   Data           5  dictionary.o(.data)
    Sonic_Dis                                0x200001f4   Data          16  ult.o(.bss)
    SonicA1_Filter                           0x20000204   Data          36  ult.o(.bss)
    SonicA2_Filter                           0x20000228   Data          36  ult.o(.bss)
    SonicA3_Filter                           0x2000024c   Data          36  ult.o(.bss)
    SonicA4_Filter                           0x20000270   Data          36  ult.o(.bss)
    SonicA5_Filter                           0x20000294   Data          36  ult.o(.bss)
    SonicA6_Filter                           0x200002b8   Data          36  ult.o(.bss)
    SonicA7_Filter                           0x200002dc   Data          36  ult.o(.bss)
    SonicA8_Filter                           0x20000300   Data          36  ult.o(.bss)
    encode                                   0x20000324   Data          16  encode.o(.bss)
    Encoders                                 0x20000334   Data          24  encode.o(.bss)
    OLED_GRAM                                0x2000034c   Data        1152  oled.o(.bss)
    __initial_sp                             0x20000ec8   Data           0  startup_stm32f40_41xxx.o(STACK)



==============================================================================

Memory Map of the image

  Image Entry point : 0x08000189

  Load Region LR_IROM1 (Base: 0x08000000, Size: 0x00009eb8, Max: 0x00100000, ABSOLUTE, COMPRESSED[0x00009cf4])

    Execution Region ER_IROM1 (Exec base: 0x08000000, Load base: 0x08000000, Size: 0x00009cc4, Max: 0x00100000, ABSOLUTE)

    Exec Addr    Load Addr    Size         Type   Attr      Idx    E Section Name        Object

    0x08000000   0x08000000   0x00000188   Data   RO          299    RESET               startup_stm32f40_41xxx.o
    0x08000188   0x08000188   0x00000000   Code   RO         1564  * .ARM.Collect$$$$00000000  mc_w.l(entry.o)
    0x08000188   0x08000188   0x00000004   Code   RO         1581    .ARM.Collect$$$$00000001  mc_w.l(entry2.o)
    0x0800018c   0x0800018c   0x00000004   Code   RO         1584    .ARM.Collect$$$$00000004  mc_w.l(entry5.o)
    0x08000190   0x08000190   0x00000000   Code   RO         1586    .ARM.Collect$$$$00000008  mc_w.l(entry7b.o)
    0x08000190   0x08000190   0x00000000   Code   RO         1588    .ARM.Collect$$$$0000000A  mc_w.l(entry8b.o)
    0x08000190   0x08000190   0x00000008   Code   RO         1589    .ARM.Collect$$$$0000000B  mc_w.l(entry9a.o)
    0x08000198   0x08000198   0x00000004   Code   RO         1596    .ARM.Collect$$$$0000000E  mc_w.l(entry12b.o)
    0x0800019c   0x0800019c   0x00000000   Code   RO         1591    .ARM.Collect$$$$0000000F  mc_w.l(entry10a.o)
    0x0800019c   0x0800019c   0x00000000   Code   RO         1593    .ARM.Collect$$$$00000011  mc_w.l(entry11a.o)
    0x0800019c   0x0800019c   0x00000004   Code   RO         1582    .ARM.Collect$$$$00002712  mc_w.l(entry2.o)
    0x080001a0   0x080001a0   0x000000b4   Code   RO            3    .text               main.o
    0x08000254   0x08000254   0x0000001a   Code   RO          224    .text               stm32f4xx_it.o
    0x0800026e   0x0800026e   0x00000002   PAD
    0x08000270   0x08000270   0x00000210   Code   RO          273    .text               system_stm32f4xx.o
    0x08000480   0x08000480   0x00000024   Code   RO          300    .text               startup_stm32f40_41xxx.o
    0x080004a4   0x080004a4   0x000000e0   Code   RO          306    .text               misc.o
    0x08000584   0x08000584   0x00000294   Code   RO          655    .text               stm32f4xx_gpio.o
    0x08000818   0x08000818   0x0000065c   Code   RO          818    .text               stm32f4xx_rcc.o
    0x08000e74   0x08000e74   0x00000ca2   Code   RO          963    .text               stm32f4xx_tim.o
    0x08001b16   0x08001b16   0x00000002   PAD
    0x08001b18   0x08001b18   0x00000454   Code   RO          983    .text               stm32f4xx_usart.o
    0x08001f6c   0x08001f6c   0x00000104   Code   RO         1023    .text               delay.o
    0x08002070   0x08002070   0x00000034   Code   RO         1063    .text               beep.o
    0x080020a4   0x080020a4   0x000013cc   Code   RO         1083    .text               command.o
    0x08003470   0x08003470   0x0000031c   Code   RO         1124    .text               bsp_pid.o
    0x0800378c   0x0800378c   0x00000194   Code   RO         1144    .text               motor.o
    0x08003920   0x08003920   0x000001fc   Code   RO         1164    .text               m_pwm.o
    0x08003b1c   0x08003b1c   0x000010d4   Code   RO         1184    .text               ult.o
    0x08004bf0   0x08004bf0   0x00000300   Code   RO         1210    .text               filter.o
    0x08004ef0   0x08004ef0   0x00000770   Code   RO         1225    .text               servo.o
    0x08005660   0x08005660   0x00000278   Code   RO         1251    .text               encode.o
    0x080058d8   0x080058d8   0x0000003c   Code   RO         1279    .text               switch.o
    0x08005914   0x08005914   0x000005b0   Code   RO         1299    .text               key.o
    0x08005ec4   0x08005ec4   0x00000038   Code   RO         1320    .text               led.o
    0x08005efc   0x08005efc   0x0000033c   Code   RO         1340    .text               timer.o
    0x08006238   0x08006238   0x00000c6c   Code   RO         1368    .text               oled.o
    0x08006ea4   0x08006ea4   0x00000194   Code   RO         1395    .text               uart1.o
    0x08007038   0x08007038   0x0000017c   Code   RO         1419    .text               uart2.o
    0x080071b4   0x080071b4   0x00000210   Code   RO         1442    .text               uart3.o
    0x080073c4   0x080073c4   0x00000210   Code   RO         1466    .text               uart4.o
    0x080075d4   0x080075d4   0x00000174   Code   RO         1498    .text               dictionary.o
    0x08007748   0x08007748   0x0000009e   Code   RO         1529    .text               variable.o
    0x080077e6   0x080077e6   0x00000062   Code   RO         1567    .text               mc_w.l(ldiv.o)
    0x08007848   0x08007848   0x0000014e   Code   RO         1569    .text               mf_w.l(dadd.o)
    0x08007996   0x08007996   0x000000e4   Code   RO         1571    .text               mf_w.l(dmul.o)
    0x08007a7a   0x08007a7a   0x000000de   Code   RO         1573    .text               mf_w.l(ddiv.o)
    0x08007b58   0x08007b58   0x00000022   Code   RO         1575    .text               mf_w.l(dflti.o)
    0x08007b7a   0x08007b7a   0x0000003e   Code   RO         1577    .text               mf_w.l(dfixi.o)
    0x08007bb8   0x08007bb8   0x00000026   Code   RO         1579    .text               mf_w.l(f2d.o)
    0x08007bde   0x08007bde   0x00000062   Code   RO         1597    .text               mc_w.l(uldiv.o)
    0x08007c40   0x08007c40   0x0000001e   Code   RO         1599    .text               mc_w.l(llshl.o)
    0x08007c5e   0x08007c5e   0x00000020   Code   RO         1601    .text               mc_w.l(llushr.o)
    0x08007c7e   0x08007c7e   0x00000024   Code   RO         1603    .text               mc_w.l(llsshr.o)
    0x08007ca2   0x08007ca2   0x00000000   Code   RO         1605    .text               mc_w.l(iusefp.o)
    0x08007ca2   0x08007ca2   0x000000ba   Code   RO         1606    .text               mf_w.l(depilogue.o)
    0x08007d5c   0x08007d5c   0x00000024   Code   RO         1608    .text               mc_w.l(init.o)
    0x08007d80   0x08007d80   0x00000056   Code   RO         1618    .text               mc_w.l(__dczerorl2.o)
    0x08007dd6   0x08007dd6   0x0000000e   Code   RO         1612    i.__scatterload_copy  mc_w.l(handlers.o)
    0x08007de4   0x08007de4   0x00000002   Code   RO         1613    i.__scatterload_null  mc_w.l(handlers.o)
    0x08007de6   0x08007de6   0x0000000e   Code   RO         1614    i.__scatterload_zeroinit  mc_w.l(handlers.o)
    0x08007df4   0x08007df4   0x00001eb0   Data   RO         1370    .constdata          oled.o
    0x08009ca4   0x08009ca4   0x00000020   Data   RO         1610    Region$$Table       anon$$obj.o


    Execution Region RW_IRAM1 (Exec base: 0x20000000, Load base: 0x08009cc4, Size: 0x00000ec8, Max: 0x00020000, ABSOLUTE, COMPRESSED[0x00000030])

    Exec Addr    Load Addr    Size         Type   Attr      Idx    E Section Name        Object

    0x20000000   COMPRESSED   0x0000000d   Data   RW            4    .data               main.o
    0x2000000d   COMPRESSED   0x00000003   PAD
    0x20000010   COMPRESSED   0x00000014   Data   RW          274    .data               system_stm32f4xx.o
    0x20000024   COMPRESSED   0x00000010   Data   RW          819    .data               stm32f4xx_rcc.o
    0x20000034   COMPRESSED   0x00000004   Data   RW         1024    .data               delay.o
    0x20000038   COMPRESSED   0x00000028   Data   RW         1084    .data               command.o
    0x20000060   COMPRESSED   0x000000c0   Data   RW         1186    .data               ult.o
    0x20000120   COMPRESSED   0x00000008   Data   RW         1211    .data               filter.o
    0x20000128   COMPRESSED   0x0000000c   Data   RW         1226    .data               servo.o
    0x20000134   COMPRESSED   0x00000008   Data   RW         1253    .data               encode.o
    0x2000013c   COMPRESSED   0x0000001c   Data   RW         1300    .data               key.o
    0x20000158   COMPRESSED   0x00000010   Data   RW         1341    .data               timer.o
    0x20000168   COMPRESSED   0x00000008   Data   RW         1397    .data               uart1.o
    0x20000170   COMPRESSED   0x00000002   Data   RW         1421    .data               uart2.o
    0x20000172   COMPRESSED   0x00000002   PAD
    0x20000174   COMPRESSED   0x0000000c   Data   RW         1444    .data               uart3.o
    0x20000180   COMPRESSED   0x00000018   Data   RW         1468    .data               uart4.o
    0x20000198   COMPRESSED   0x0000005b   Data   RW         1500    .data               dictionary.o
    0x200001f3   COMPRESSED   0x00000001   PAD
    0x200001f4        -       0x00000130   Zero   RW         1185    .bss                ult.o
    0x20000324        -       0x00000028   Zero   RW         1252    .bss                encode.o
    0x2000034c        -       0x00000480   Zero   RW         1369    .bss                oled.o
    0x200007cc        -       0x00000100   Zero   RW         1396    .bss                uart1.o
    0x200008cc        -       0x00000100   Zero   RW         1420    .bss                uart2.o
    0x200009cc        -       0x000000fa   Zero   RW         1499    .bss                dictionary.o
    0x20000ac6   COMPRESSED   0x00000002   PAD
    0x20000ac8        -       0x00000400   Zero   RW          297    STACK               startup_stm32f40_41xxx.o


==============================================================================

Image component sizes


      Code (inc. data)   RO Data    RW Data    ZI Data      Debug   Object Name

        52          4          0          0          0        576   beep.o
       796         46          0          0          0       2211   bsp_pid.o
      5068        286          0         40          0       7711   command.o
       260          8          0          4          0       1581   delay.o
       372         66          0         91        250       2786   dictionary.o
       632         46          0          8         40       2319   encode.o
       768         20          0          8          0       3075   filter.o
      1456         70          0         28          0       2127   key.o
        56          6          0          0          0        567   led.o
       508         22          0          0          0       1427   m_pwm.o
       180         14          0         13          0     290133   main.o
       224         20          0          0          0       1921   misc.o
       404         26          0          0          0       1534   motor.o
      3180         74       7856          0       1152      10095   oled.o
      1904         52          0         12          0       4812   servo.o
        36          8        392          0       1024        864   startup_stm32f40_41xxx.o
       660         44          0          0          0       4261   stm32f4xx_gpio.o
        26          0          0          0          0       1274   stm32f4xx_it.o
      1628         52          0         16          0      13188   stm32f4xx_rcc.o
      3234         60          0          0          0      23116   stm32f4xx_tim.o
      1108         34          0          0          0       7984   stm32f4xx_usart.o
        60          4          0          0          0        638   switch.o
       528         46          0         20          0       1931   system_stm32f4xx.o
       828         72          0         16          0       2409   timer.o
       404         24          0          8        256       2548   uart1.o
       380         20          0          2        256       2282   uart2.o
       528         46          0         12          0       2066   uart3.o
       528         44          0         24          0       2176   uart4.o
      4308        298          0        192        304       6286   ult.o
       158          0          0          0          0        615   variable.o

    ----------------------------------------------------------------------
     30278       1512       8280        500       3284     404513   Object Totals
         0          0         32          0          0          0   (incl. Generated)
         4          0          0          6          2          0   (incl. Padding)

    ----------------------------------------------------------------------

      Code (inc. data)   RO Data    RW Data    ZI Data      Debug   Library Member Name

        86          0          0          0          0          0   __dczerorl2.o
         0          0          0          0          0          0   entry.o
         0          0          0          0          0          0   entry10a.o
         0          0          0          0          0          0   entry11a.o
         4          0          0          0          0          0   entry12b.o
         8          4          0          0          0          0   entry2.o
         4          0          0          0          0          0   entry5.o
         0          0          0          0          0          0   entry7b.o
         0          0          0          0          0          0   entry8b.o
         8          4          0          0          0          0   entry9a.o
        30          0          0          0          0          0   handlers.o
        36          8          0          0          0         68   init.o
         0          0          0          0          0          0   iusefp.o
        98          0          0          0          0         84   ldiv.o
        30          0          0          0          0         68   llshl.o
        36          0          0          0          0         68   llsshr.o
        32          0          0          0          0         68   llushr.o
        98          0          0          0          0         92   uldiv.o
       334          0          0          0          0        148   dadd.o
       222          0          0          0          0        100   ddiv.o
       186          0          0          0          0        176   depilogue.o
        62          0          0          0          0         80   dfixi.o
        34          0          0          0          0         76   dflti.o
       228          0          0          0          0         96   dmul.o
        38          0          0          0          0         68   f2d.o

    ----------------------------------------------------------------------
      1574         16          0          0          0       1192   Library Totals
         0          0          0          0          0          0   (incl. Padding)

    ----------------------------------------------------------------------

      Code (inc. data)   RO Data    RW Data    ZI Data      Debug   Library Name

       470         16          0          0          0        448   mc_w.l
      1104          0          0          0          0        744   mf_w.l

    ----------------------------------------------------------------------
      1574         16          0          0          0       1192   Library Totals

    ----------------------------------------------------------------------

==============================================================================


      Code (inc. data)   RO Data    RW Data    ZI Data      Debug   

     31852       1528       8280        500       3284     401069   Grand Totals
     31852       1528       8280         48       3284     401069   ELF Image Totals (compressed)
     31852       1528       8280         48          0          0   ROM Totals

==============================================================================

    Total RO  Size (Code + RO Data)                40132 (  39.19kB)
    Total RW  Size (RW Data + ZI Data)              3784 (   3.70kB)
    Total ROM Size (Code + RO Data + RW Data)      40180 (  39.24kB)

==============================================================================

