Component: ARM Compiler 5.06 update 7 (build 960) Tool: armlink [4d3601]

==============================================================================

Section Cross References

    main.o(.text) refers to malloc.o(i.malloc) for malloc
    main.o(.text) refers to malloc.o(i.free) for free
    main.o(.text) refers to variable.o(.text) for ALL_Init
    main.o(.text) refers to dictionary.o(.text) for TLY_init
    main.o(.text) refers to servo.o(.text) for Set_angle
    main.o(.text) refers to key.o(.text) for KEY_Scan
    main.o(.text) refers to dfltui.o(.text) for __aeabi_ui2d
    main.o(.text) refers to dadd.o(.text) for __aeabi_dadd
    main.o(.text) refers to dfixui.o(.text) for __aeabi_d2uiz
    main.o(.text) refers to switch.o(.text) for jioulong
    main.o(.text) refers to stm32f4xx_usart.o(.text) for USART_ITConfig
    main.o(.text) refers to servo.o(.data) for small_servo3
    main.o(.text) refers to uart2.o(.data) for re_flag
    main.o(.text) refers to uart3.o(.data) for b
    main.o(.text) refers to uart4.o(.data) for a
    system_stm32f4xx.o(.text) refers to system_stm32f4xx.o(.data) for SystemCoreClock
    startup_stm32f40_41xxx.o(RESET) refers to startup_stm32f40_41xxx.o(STACK) for __initial_sp
    startup_stm32f40_41xxx.o(RESET) refers to startup_stm32f40_41xxx.o(.text) for Reset_Handler
    startup_stm32f40_41xxx.o(RESET) refers to stm32f4xx_it.o(.text) for NMI_Handler
    startup_stm32f40_41xxx.o(RESET) refers to ult.o(.text) for TIM1_CC_IRQHandler
    startup_stm32f40_41xxx.o(RESET) refers to uart1.o(.text) for USART1_IRQHandler
    startup_stm32f40_41xxx.o(RESET) refers to uart2.o(.text) for USART2_IRQHandler
    startup_stm32f40_41xxx.o(RESET) refers to uart3.o(.text) for USART3_IRQHandler
    startup_stm32f40_41xxx.o(RESET) refers to timer.o(.text) for TIM8_UP_TIM13_IRQHandler
    startup_stm32f40_41xxx.o(RESET) refers to uart4.o(.text) for UART4_IRQHandler
    startup_stm32f40_41xxx.o(.text) refers to system_stm32f4xx.o(.text) for SystemInit
    startup_stm32f40_41xxx.o(.text) refers to entry.o(.ARM.Collect$$$$00000000) for __main
    stm32f4xx_adc.o(.text) refers to stm32f4xx_rcc.o(.text) for RCC_APB2PeriphResetCmd
    stm32f4xx_can.o(.text) refers to stm32f4xx_rcc.o(.text) for RCC_APB1PeriphResetCmd
    stm32f4xx_cryp.o(.text) refers to stm32f4xx_rcc.o(.text) for RCC_AHB2PeriphResetCmd
    stm32f4xx_cryp_aes.o(.text) refers to stm32f4xx_cryp.o(.text) for CRYP_KeyStructInit
    stm32f4xx_cryp_des.o(.text) refers to stm32f4xx_cryp.o(.text) for CRYP_KeyStructInit
    stm32f4xx_cryp_tdes.o(.text) refers to stm32f4xx_cryp.o(.text) for CRYP_KeyStructInit
    stm32f4xx_dac.o(.text) refers to stm32f4xx_rcc.o(.text) for RCC_APB1PeriphResetCmd
    stm32f4xx_dma2d.o(.text) refers to stm32f4xx_rcc.o(.text) for RCC_AHB1PeriphResetCmd
    stm32f4xx_fsmc.o(.text) refers to stm32f4xx_fsmc.o(.constdata) for FSMC_DefaultTimingStruct
    stm32f4xx_gpio.o(.text) refers to stm32f4xx_rcc.o(.text) for RCC_AHB1PeriphResetCmd
    stm32f4xx_hash.o(.text) refers to stm32f4xx_rcc.o(.text) for RCC_AHB2PeriphResetCmd
    stm32f4xx_hash_md5.o(.text) refers to stm32f4xx_hash.o(.text) for HASH_DeInit
    stm32f4xx_hash_sha1.o(.text) refers to stm32f4xx_hash.o(.text) for HASH_DeInit
    stm32f4xx_i2c.o(.text) refers to stm32f4xx_rcc.o(.text) for RCC_APB1PeriphResetCmd
    stm32f4xx_ltdc.o(.text) refers to stm32f4xx_rcc.o(.text) for RCC_APB2PeriphResetCmd
    stm32f4xx_pwr.o(.text) refers to stm32f4xx_rcc.o(.text) for RCC_APB1PeriphResetCmd
    stm32f4xx_rcc.o(.text) refers to stm32f4xx_rcc.o(.data) for APBAHBPrescTable
    stm32f4xx_rng.o(.text) refers to stm32f4xx_rcc.o(.text) for RCC_AHB2PeriphResetCmd
    stm32f4xx_sai.o(.text) refers to stm32f4xx_rcc.o(.text) for RCC_APB2PeriphResetCmd
    stm32f4xx_sdio.o(.text) refers to stm32f4xx_rcc.o(.text) for RCC_APB2PeriphResetCmd
    stm32f4xx_spi.o(.text) refers to stm32f4xx_rcc.o(.text) for RCC_APB2PeriphResetCmd
    stm32f4xx_syscfg.o(.text) refers to stm32f4xx_rcc.o(.text) for RCC_APB2PeriphResetCmd
    stm32f4xx_tim.o(.text) refers to stm32f4xx_rcc.o(.text) for RCC_APB2PeriphResetCmd
    stm32f4xx_usart.o(.text) refers to stm32f4xx_rcc.o(.text) for RCC_APB2PeriphResetCmd
    stm32f4xx_wwdg.o(.text) refers to stm32f4xx_rcc.o(.text) for RCC_APB1PeriphResetCmd
    delay.o(.text) refers to misc.o(.text) for SysTick_CLKSourceConfig
    delay.o(.text) refers to delay.o(.data) for fac_us
    beep.o(.text) refers to stm32f4xx_rcc.o(.text) for RCC_AHB1PeriphClockCmd
    beep.o(.text) refers to stm32f4xx_gpio.o(.text) for GPIO_Init
    command.o(.text) refers to servo.o(.text) for pill_Servo
    command.o(.text) refers to stm32f4xx_usart.o(.text) for USART_ITConfig
    command.o(.text) refers to bsp_pid.o(.text) for speed_pid_set
    command.o(.text) refers to motor.o(.text) for motion
    command.o(.text) refers to delay.o(.text) for delay_ms
    command.o(.text) refers to servo.o(.data) for circle_servo2
    command.o(.text) refers to uart4.o(.data) for a
[...]
    ../clib/microlib/init/entry.s            0x00000000   Number         0  entry10b.o ABSOLUTE
    ../clib/microlib/longlong.c              0x00000000   Number         0  llshl.o ABSOLUTE
    ../clib/microlib/longlong.c              0x00000000   Number         0  llushr.o ABSOLUTE
    ../clib/microlib/longlong.c              0x00000000   Number         0  llsshr.o ABSOLUTE
    ../clib/microlib/malloc/malloc.c         0x00000000   Number         0  malloca.o ABSOLUTE
    ../clib/microlib/malloc/malloc.c         0x00000000   Number         0  mallocr.o ABSOLUTE
    ../clib/microlib/malloc/malloc.c         0x00000000   Number         0  malloc.o ABSOLUTE
    ../clib/microlib/malloc/malloc.c         0x00000000   Number         0  mallocra.o ABSOLUTE
    ../clib/microlib/malloc/mvars.c          0x00000000   Number         0  mvars.o ABSOLUTE
    ../clib/microlib/string/memcpy.c         0x00000000   Number         0  memcpya.o ABSOLUTE
    ../clib/microlib/string/memcpy.c         0x00000000   Number         0  memcpyb.o ABSOLUTE
    ../clib/microlib/stubs.s                 0x00000000   Number         0  iusefp.o ABSOLUTE
    ../fplib/microlib/f2d.c                  0x00000000   Number         0  f2d.o ABSOLUTE
    ../fplib/microlib/fpadd.c                0x00000000   Number         0  dadd.o ABSOLUTE
    ../fplib/microlib/fpdiv.c                0x00000000   Number         0  ddiv.o ABSOLUTE
    ../fplib/microlib/fpepilogue.c           0x00000000   Number         0  depilogue.o ABSOLUTE
    ../fplib/microlib/fpfix.c                0x00000000   Number         0  dfixi.o ABSOLUTE
    ../fplib/microlib/fpfix.c                0x00000000   Number         0  dfixui.o ABSOLUTE
    ../fplib/microlib/fpflt.c                0x00000000   Number         0  dfltui.o ABSOLUTE
    ../fplib/microlib/fpmul.c                0x00000000   Number         0  dmul.o ABSOLUTE
    ..\CORE\startup_stm32f40_41xxx.s         0x00000000   Number         0  startup_stm32f40_41xxx.o ABSOLUTE
    ..\FWLIB\src\misc.c                      0x00000000   Number         0  misc.o ABSOLUTE
    ..\FWLIB\src\stm32f4xx_adc.c             0x00000000   Number         0  stm32f4xx_adc.o ABSOLUTE
    ..\FWLIB\src\stm32f4xx_can.c             0x00000000   Number         0  stm32f4xx_can.o ABSOLUTE
    ..\FWLIB\src\stm32f4xx_crc.c             0x00000000   Number         0  stm32f4xx_crc.o ABSOLUTE
    ..\FWLIB\src\stm32f4xx_cryp.c            0x00000000   Number         0  stm32f4xx_cryp.o ABSOLUTE
    ..\FWLIB\src\stm32f4xx_cryp_aes.c        0x00000000   Number         0  stm32f4xx_cryp_aes.o ABSOLUTE
    ..\FWLIB\src\stm32f4xx_cryp_des.c        0x00000000   Number         0  stm32f4xx_cryp_des.o ABSOLUTE
    ..\FWLIB\src\stm32f4xx_cryp_tdes.c       0x00000000   Number         0  stm32f4xx_cryp_tdes.o ABSOLUTE
    ..\FWLIB\src\stm32f4xx_dac.c             0x00000000   Number         0  stm32f4xx_dac.o ABSOLUTE
    ..\FWLIB\src\stm32f4xx_dbgmcu.c          0x00000000   Number         0  stm32f4xx_dbgmcu.o ABSOLUTE
    ..\FWLIB\src\stm32f4xx_dcmi.c            0x00000000   Number         0  stm32f4xx_dcmi.o ABSOLUTE
    ..\FWLIB\src\stm32f4xx_dma.c             0x00000000   Number         0  stm32f4xx_dma.o ABSOLUTE
    ..\FWLIB\src\stm32f4xx_dma2d.c           0x00000000   Number         0  stm32f4xx_dma2d.o ABSOLUTE
    ..\FWLIB\src\stm32f4xx_exti.c            0x00000000   Number         0  stm32f4xx_exti.o ABSOLUTE
    ..\FWLIB\src\stm32f4xx_flash.c           0x00000000   Number         0  stm32f4xx_flash.o ABSOLUTE
    ..\FWLIB\src\stm32f4xx_flash_ramfunc.c   0x00000000   Number         0  stm32f4xx_flash_ramfunc.o ABSOLUTE
    ..\FWLIB\src\stm32f4xx_fsmc.c            0x00000000   Number         0  stm32f4xx_fsmc.o ABSOLUTE
    ..\FWLIB\src\stm32f4xx_gpio.c            0x00000000   Number         0  stm32f4xx_gpio.o ABSOLUTE
    ..\FWLIB\src\stm32f4xx_hash.c            0x00000000   Number         0  stm32f4xx_hash.o ABSOLUTE
    ..\FWLIB\src\stm32f4xx_hash_md5.c        0x00000000   Number         0  stm32f4xx_hash_md5.o ABSOLUTE
    ..\FWLIB\src\stm32f4xx_hash_sha1.c       0x00000000   Number         0  stm32f4xx_hash_sha1.o ABSOLUTE
    ..\FWLIB\src\stm32f4xx_i2c.c             0x00000000   Number         0  stm32f4xx_i2c.o ABSOLUTE
    ..\FWLIB\src\stm32f4xx_iwdg.c            0x00000000   Number         0  stm32f4xx_iwdg.o ABSOLUTE
    ..\FWLIB\src\stm32f4xx_ltdc.c            0x00000000   Number         0  stm32f4xx_ltdc.o ABSOLUTE
    ..\FWLIB\src\stm32f4xx_pwr.c             0x00000000   Number         0  stm32f4xx_pwr.o ABSOLUTE
    ..\FWLIB\src\stm32f4xx_rcc.c             0x00000000   Number         0  stm32f4xx_rcc.o ABSOLUTE
    ..\FWLIB\src\stm32f4xx_rng.c             0x00000000   Number         0  stm32f4xx_rng.o ABSOLUTE
    ..\FWLIB\src\stm32f4xx_rtc.c             0x00000000   Number         0  stm32f4xx_rtc.o ABSOLUTE
    ..\FWLIB\src\stm32f4xx_sai.c             0x00000000   Number         0  stm32f4xx_sai.o ABSOLUTE
    ..\FWLIB\src\stm32f4xx_sdio.c            0x00000000   Number         0  stm32f4xx_sdio.o ABSOLUTE
    ..\FWLIB\src\stm32f4xx_spi.c             0x00000000   Number         0  stm32f4xx_spi.o ABSOLUTE
    ..\FWLIB\src\stm32f4xx_syscfg.c          0x00000000   Number         0  stm32f4xx_syscfg.o ABSOLUTE
    ..\FWLIB\src\stm32f4xx_tim.c             0x00000000   Number         0  stm32f4xx_tim.o ABSOLUTE
    ..\FWLIB\src\stm32f4xx_usart.c           0x00000000   Number         0  stm32f4xx_usart.o ABSOLUTE
    ..\FWLIB\src\stm32f4xx_wwdg.c            0x00000000   Number         0  stm32f4xx_wwdg.o ABSOLUTE
    ..\HARDWARE\FILTER\filter.c              0x00000000   Number         0  filter.o ABSOLUTE
    ..\HARDWARE\JY901\UART1.c                0x00000000   Number         0  uart1.o ABSOLUTE
    ..\HARDWARE\JY901\UART2.c                0x00000000   Number         0  uart2.o ABSOLUTE
    ..\HARDWARE\LED\led.c                    0x00000000   Number         0  led.o ABSOLUTE
    ..\HARDWARE\PID\bsp_pid.c                0x00000000   Number         0  bsp_pid.o ABSOLUTE
    ..\HARDWARE\QR_num\qr_num.c              0x00000000   Number         0  qr_num.o ABSOLUTE
    ..\HARDWARE\Time\timer.c                 0x00000000   Number         0  timer.o ABSOLUTE
    ..\HARDWARE\USART3\UART3.c               0x00000000   Number         0  uart3.o ABSOLUTE
    ..\HARDWARE\USART4\UART4.c               0x00000000   Number         0  uart4.o ABSOLUTE
    ..\HARDWARE\beep\beep.c                  0x00000000   Number         0  beep.o ABSOLUTE
    ..\HARDWARE\command\command.c            0x00000000   Number         0  command.o ABSOLUTE
    ..\HARDWARE\dictionary\dictionary.c      0x00000000   Number         0  dictionary.o ABSOLUTE
    ..\HARDWARE\encode\encode.c              0x00000000   Number         0  encode.o ABSOLUTE
    ..\HARDWARE\key\key.c                    0x00000000   Number         0  key.o ABSOLUTE
    ..\HARDWARE\motor\motor.c                0x00000000   Number         0  motor.o ABSOLUTE
    ..\HARDWARE\motor_pwm\M_pwm.c            0x00000000   Number         0  m_pwm.o ABSOLUTE
    ..\HARDWARE\oled\oled.c                  0x00000000   Number         0  oled.o ABSOLUTE
    ..\HARDWARE\servo\servo.c                0x00000000   Number         0  servo.o ABSOLUTE
    ..\HARDWARE\switch\switch.c              0x00000000   Number         0  switch.o ABSOLUTE
    ..\HARDWARE\ultrasonic\ult.c             0x00000000   Number         0  ult.o ABSOLUTE
    ..\SYSTEM\delay\delay.c                  0x00000000   Number         0  delay.o ABSOLUTE
    ..\SYSTEM\sys\sys.c                      0x00000000   Number         0  sys.o ABSOLUTE
    ..\\FWLIB\\src\\misc.c                   0x00000000   Number         0  misc.o ABSOLUTE
    ..\\FWLIB\\src\\stm32f4xx_adc.c          0x00000000   Number         0  stm32f4xx_adc.o ABSOLUTE
    ..\\FWLIB\\src\\stm32f4xx_can.c          0x00000000   Number         0  stm32f4xx_can.o ABSOLUTE
    ..\\FWLIB\\src\\stm32f4xx_crc.c          0x00000000   Number         0  stm32f4xx_crc.o ABSOLUTE
    ..\\FWLIB\\src\\stm32f4xx_cryp.c         0x00000000   Number         0  stm32f4xx_cryp.o ABSOLUTE
    ..\\FWLIB\\src\\stm32f4xx_cryp_aes.c     0x00000000   Number         0  stm32f4xx_cryp_aes.o ABSOLUTE
    ..\\FWLIB\\src\\stm32f4xx_cryp_des.c     0x00000000   Number         0  stm32f4xx_cryp_des.o ABSOLUTE
    ..\\FWLIB\\src\\stm32f4xx_cryp_tdes.c    0x00000000   Number         0  stm32f4xx_cryp_tdes.o ABSOLUTE
    ..\\FWLIB\\src\\stm32f4xx_dac.c          0x00000000   Number         0  stm32f4xx_dac.o ABSOLUTE
    ..\\FWLIB\\src\\stm32f4xx_dbgmcu.c       0x00000000   Number         0  stm32f4xx_dbgmcu.o ABSOLUTE
    ..\\FWLIB\\src\\stm32f4xx_dcmi.c         0x00000000   Number         0  stm32f4xx_dcmi.o ABSOLUTE
    ..\\FWLIB\\src\\stm32f4xx_dma.c          0x00000000   Number         0  stm32f4xx_dma.o ABSOLUTE
    ..\\FWLIB\\src\\stm32f4xx_dma2d.c        0x00000000   Number         0  stm32f4xx_dma2d.o ABSOLUTE
    ..\\FWLIB\\src\\stm32f4xx_exti.c         0x00000000   Number         0  stm32f4xx_exti.o ABSOLUTE
    ..\\FWLIB\\src\\stm32f4xx_flash.c        0x00000000   Number         0  stm32f4xx_flash.o ABSOLUTE
    ..\\FWLIB\\src\\stm32f4xx_flash_ramfunc.c 0x00000000   Number         0  stm32f4xx_flash_ramfunc.o ABSOLUTE
    ..\\FWLIB\\src\\stm32f4xx_fsmc.c         0x00000000   Number         0  stm32f4xx_fsmc.o ABSOLUTE
    ..\\FWLIB\\src\\stm32f4xx_gpio.c         0x00000000   Number         0  stm32f4xx_gpio.o ABSOLUTE
    ..\\FWLIB\\src\\stm32f4xx_hash.c         0x00000000   Number         0  stm32f4xx_hash.o ABSOLUTE
    ..\\FWLIB\\src\\stm32f4xx_hash_md5.c     0x00000000   Number         0  stm32f4xx_hash_md5.o ABSOLUTE
    ..\\FWLIB\\src\\stm32f4xx_hash_sha1.c    0x00000000   Number         0  stm32f4xx_hash_sha1.o ABSOLUTE
    ..\\FWLIB\\src\\stm32f4xx_i2c.c          0x00000000   Number         0  stm32f4xx_i2c.o ABSOLUTE
    ..\\FWLIB\\src\\stm32f4xx_iwdg.c         0x00000000   Number         0  stm32f4xx_iwdg.o ABSOLUTE
    ..\\FWLIB\\src\\stm32f4xx_ltdc.c         0x00000000   Number         0  stm32f4xx_ltdc.o ABSOLUTE
    ..\\FWLIB\\src\\stm32f4xx_pwr.c          0x00000000   Number         0  stm32f4xx_pwr.o ABSOLUTE
    ..\\FWLIB\\src\\stm32f4xx_rcc.c          0x00000000   Number         0  stm32f4xx_rcc.o ABSOLUTE
    ..\\FWLIB\\src\\stm32f4xx_rng.c          0x00000000   Number         0  stm32f4xx_rng.o ABSOLUTE
    ..\\FWLIB\\src\\stm32f4xx_rtc.c          0x00000000   Number         0  stm32f4xx_rtc.o ABSOLUTE
    ..\\FWLIB\\src\\stm32f4xx_sai.c          0x00000000   Number         0  stm32f4xx_sai.o ABSOLUTE
    ..\\FWLIB\\src\\stm32f4xx_sdio.c         0x00000000   Number         0  stm32f4xx_sdio.o ABSOLUTE
    ..\\FWLIB\\src\\stm32f4xx_spi.c          0x00000000   Number         0  stm32f4xx_spi.o ABSOLUTE
    ..\\FWLIB\\src\\stm32f4xx_syscfg.c       0x00000000   Number         0  stm32f4xx_syscfg.o ABSOLUTE
    ..\\FWLIB\\src\\stm32f4xx_tim.c          0x00000000   Number         0  stm32f4xx_tim.o ABSOLUTE
    ..\\FWLIB\\src\\stm32f4xx_usart.c        0x00000000   Number         0  stm32f4xx_usart.o ABSOLUTE
    ..\\FWLIB\\src\\stm32f4xx_wwdg.c         0x00000000   Number         0  stm32f4xx_wwdg.o ABSOLUTE
    ..\\HARDWARE\\JY901\\UART1.c             0x00000000   Number         0  uart1.o ABSOLUTE
    ..\\HARDWARE\\JY901\\UART2.c             0x00000000   Number         0  uart2.o ABSOLUTE
    ..\\HARDWARE\\LED\\led.c                 0x00000000   Number         0  led.o ABSOLUTE
    ..\\HARDWARE\\PID\\bsp_pid.c             0x00000000   Number         0  bsp_pid.o ABSOLUTE
    ..\\HARDWARE\\QR_num\\qr_num.c           0x00000000   Number         0  qr_num.o ABSOLUTE
    ..\\HARDWARE\\Time\\timer.c              0x00000000   Number         0  timer.o ABSOLUTE
    ..\\HARDWARE\\USART3\\UART3.c            0x00000000   Number         0  uart3.o ABSOLUTE
    ..\\HARDWARE\\USART4\\UART4.c            0x00000000   Number         0  uart4.o ABSOLUTE
    ..\\HARDWARE\\beep\\beep.c               0x00000000   Number         0  beep.o ABSOLUTE
    ..\\HARDWARE\\command\\command.c         0x00000000   Number         0  command.o ABSOLUTE
    ..\\HARDWARE\\dictionary\\dictionary.c   0x00000000   Number         0  dictionary.o ABSOLUTE
    ..\\HARDWARE\\encode\\encode.c           0x00000000   Number         0  encode.o ABSOLUTE
    ..\\HARDWARE\\key\\key.c                 0x00000000   Number         0  key.o ABSOLUTE
    ..\\HARDWARE\\motor\\motor.c             0x00000000   Number         0  motor.o ABSOLUTE
    ..\\HARDWARE\\motor_pwm\\M_pwm.c         0x00000000   Number         0  m_pwm.o ABSOLUTE
    ..\\HARDWARE\\oled\\oled.c               0x00000000   Number         0  oled.o ABSOLUTE
    ..\\HARDWARE\\servo\\servo.c             0x00000000   Number         0  servo.o ABSOLUTE
    ..\\HARDWARE\\switch\\switch.c           0x00000000   Number         0  switch.o ABSOLUTE
    ..\\HARDWARE\\ultrasonic\\ult.c          0x00000000   Number         0  ult.o ABSOLUTE
    ..\\SYSTEM\\delay\\delay.c               0x00000000   Number         0  delay.o ABSOLUTE
    ..\\SYSTEM\\sys\\sys.c                   0x00000000   Number         0  sys.o ABSOLUTE
    ..\\variable\\variable.c                 0x00000000   Number         0  variable.o ABSOLUTE
    ..\variable\variable.c                   0x00000000   Number         0  variable.o ABSOLUTE
    dc.s                                     0x00000000   Number         0  dc.o ABSOLUTE
    handlers.s                               0x00000000   Number         0  handlers.o ABSOLUTE
    init.s                                   0x00000000   Number         0  init.o ABSOLUTE
    main.c                                   0x00000000   Number         0  main.o ABSOLUTE
    main.c                                   0x00000000   Number         0  main.o ABSOLUTE
    stm32f4xx_it.c                           0x00000000   Number         0  stm32f4xx_it.o ABSOLUTE
    stm32f4xx_it.c                           0x00000000   Number         0  stm32f4xx_it.o ABSOLUTE
    system_stm32f4xx.c                       0x00000000   Number         0  system_stm32f4xx.o ABSOLUTE
    system_stm32f4xx.c                       0x00000000   Number         0  system_stm32f4xx.o ABSOLUTE
    RESET                                    0x08000000   Section      392  startup_stm32f40_41xxx.o(RESET)
    .ARM.Collect$$$$00000000                 0x08000188   Section        0  entry.o(.ARM.Collect$$$$00000000)
    .ARM.Collect$$$$00000001                 0x08000188   Section        4  entry2.o(.ARM.Collect$$$$00000001)
    .ARM.Collect$$$$00000004                 0x0800018c   Section        4  entry5.o(.ARM.Collect$$$$00000004)
    .ARM.Collect$$$$00000008                 0x08000190   Section        0  entry7b.o(.ARM.Collect$$$$00000008)
    .ARM.Collect$$$$0000000A                 0x08000190   Section        0  entry8b.o(.ARM.Collect$$$$0000000A)
    .ARM.Collect$$$$0000000B                 0x08000190   Section        8  entry9a.o(.ARM.Collect$$$$0000000B)
    .ARM.Collect$$$$0000000E                 0x08000198   Section        4  entry12b.o(.ARM.Collect$$$$0000000E)
    .ARM.Collect$$$$0000000F                 0x0800019c   Section        0  entry10a.o(.ARM.Collect$$$$0000000F)
    .ARM.Collect$$$$00000011                 0x0800019c   Section        0  entry11a.o(.ARM.Collect$$$$00000011)
    .ARM.Collect$$$$00002712                 0x0800019c   Section        4  entry2.o(.ARM.Collect$$$$00002712)
    __lit__00000000                          0x0800019c   Data           4  entry2.o(.ARM.Collect$$$$00002712)
    .text                                    0x080001a0   Section        0  main.o(.text)
    .text                                    0x080003a8   Section        0  stm32f4xx_it.o(.text)
    .text                                    0x080003c4   Section        0  system_stm32f4xx.o(.text)
    SetSysClock                              0x080003c5   Thumb Code   220  system_stm32f4xx.o(.text)
    .text                                    0x080005d4   Section       36  startup_stm32f40_41xxx.o(.text)
    $v0                                      0x080005d4   Number         0  startup_stm32f40_41xxx.o(.text)
    .text                                    0x080005f8   Section        0  misc.o(.text)
    .text                                    0x080006d8   Section        0  stm32f4xx_gpio.o(.text)
    .text                                    0x0800096c   Section        0  stm32f4xx_rcc.o(.text)
    .text                                    0x08000fc8   Section        0  stm32f4xx_tim.o(.text)
    TI4_Config                               0x08001767   Thumb Code    80  stm32f4xx_tim.o(.text)
    TI3_Config                               0x080017c9   Thumb Code    72  stm32f4xx_tim.o(.text)
    TI2_Config                               0x0800182b   Thumb Code    90  stm32f4xx_tim.o(.text)
    TI1_Config                               0x08001897   Thumb Code    58  stm32f4xx_tim.o(.text)
    .text                                    0x08001c6c   Section        0  stm32f4xx_usart.o(.text)
    .text                                    0x080020c0   Section        0  delay.o(.text)
    .text                                    0x080021c4   Section        0  beep.o(.text)
    .text                                    0x080021f8   Section        0  bsp_pid.o(.text)
    .text                                    0x08002508   Section        0  motor.o(.text)
    .text                                    0x080026b0   Section        0  m_pwm.o(.text)
    .text                                    0x080028ac   Section        0  ult.o(.text)
    .text                                    0x08003978   Section        0  filter.o(.text)
    .text                                    0x08003c78   Section        0  servo.o(.text)
    .text                                    0x080043ec   Section        0  encode.o(.text)
    .text                                    0x08004664   Section        0  switch.o(.text)
    .text                                    0x080046b8   Section        0  key.o(.text)
    .text                                    0x08004c68   Section        0  led.o(.text)
    .text                                    0x08004ca0   Section        0  timer.o(.text)
    .text                                    0x08004f7c   Section        0  oled.o(.text)
    .text                                    0x08005be8   Section        0  uart1.o(.text)
    .text                                    0x08005d78   Section        0  uart2.o(.text)
    .text                                    0x08005ef8   Section        0  uart3.o(.text)
    .text                                    0x080060dc   Section        0  uart4.o(.text)
    .text                                    0x080062c0   Section        0  dictionary.o(.text)
    .text                                    0x08006434   Section        0  variable.o(.text)
    .text                                    0x080064de   Section        0  ldiv.o(.text)
    .text                                    0x08006540   Section        0  dadd.o(.text)
    .text                                    0x0800668e   Section        0  dmul.o(.text)
    .text                                    0x08006772   Section        0  ddiv.o(.text)
    .text                                    0x08006850   Section        0  dfltui.o(.text)
    .text                                    0x0800686a   Section        0  dfixi.o(.text)
    .text                                    0x080068a8   Section        0  dfixui.o(.text)
    .text                                    0x080068da   Section        0  f2d.o(.text)
    .text                                    0x08006900   Section        0  uldiv.o(.text)
    .text                                    0x08006962   Section        0  llshl.o(.text)
    .text                                    0x08006980   Section        0  llushr.o(.text)
    .text                                    0x080069a0   Section        0  llsshr.o(.text)
    .text                                    0x080069c4   Section        0  iusefp.o(.text)
    .text                                    0x080069c4   Section        0  depilogue.o(.text)
    .text                                    0x08006a80   Section       36  init.o(.text)
    .text                                    0x08006aa4   Section        0  __dczerorl2.o(.text)
    i.__scatterload_copy                     0x08006afa   Section       14  handlers.o(i.__scatterload_copy)
    i.__scatterload_null                     0x08006b08   Section        2  handlers.o(i.__scatterload_null)
    i.__scatterload_zeroinit                 0x08006b0a   Section       14  handlers.o(i.__scatterload_zeroinit)
    i.free                                   0x08006b18   Section        0  malloc.o(i.free)
    i.malloc                                 0x08006b68   Section        0  malloc.o(i.malloc)
    .constdata                               0x08006bd4   Section     7856  oled.o(.constdata)
    .data                                    0x20000000   Section       26  main.o(.data)
    .data                                    0x2000001c   Section       20  system_stm32f4xx.o(.data)
    .data                                    0x20000030   Section       16  stm32f4xx_rcc.o(.data)
    APBAHBPrescTable                         0x20000030   Data          16  stm32f4xx_rcc.o(.data)
    .data                                    0x20000040   Section        4  delay.o(.data)
    fac_us                                   0x20000040   Data           1  delay.o(.data)
    fac_ms                                   0x20000042   Data           2  delay.o(.data)
    .data                                    0x20000048   Section      192  ult.o(.data)
    .data                                    0x20000108   Section        8  filter.o(.data)
    max                                      0x20000108   Data           2  filter.o(.data)
    min                                      0x2000010a   Data           2  filter.o(.data)
    max                                      0x2000010c   Data           2  filter.o(.data)
    min                                      0x2000010e   Data           2  filter.o(.data)
    .data                                    0x20000110   Section        8  servo.o(.data)
    .data                                    0x20000118   Section        8  encode.o(.data)
    .data                                    0x20000120   Section       28  key.o(.data)
    key_up                                   0x20000120   Data           1  key.o(.data)
    key_up                                   0x20000121   Data           1  key.o(.data)
    key_up                                   0x20000122   Data           1  key.o(.data)
    key                                      0x20000124   Data           4  key.o(.data)
    key_2                                    0x20000128   Data           4  key.o(.data)
    key_3                                    0x2000012c   Data           4  key.o(.data)
    key_4                                    0x20000130   Data           4  key.o(.data)
    increase                                 0x20000134   Data           4  key.o(.data)
    reduce                                   0x20000138   Data           4  key.o(.data)
    .data                                    0x2000013c   Section       16  timer.o(.data)
    .data                                    0x2000014c   Section        3  uart1.o(.data)
    TxCounter                                0x2000014d   Data           1  uart1.o(.data)
    count                                    0x2000014e   Data           1  uart1.o(.data)
    .data                                    0x20000150   Section        8  uart2.o(.data)
    TxCounter                                0x20000150   Data           1  uart2.o(.data)
    count                                    0x20000151   Data           1  uart2.o(.data)
    .data                                    0x20000158   Section       16  uart3.o(.data)
    .data                                    0x20000168   Section       28  uart4.o(.data)
    .data                                    0x20000184   Section       91  dictionary.o(.data)
    ucRxCnt                                  0x200001de   Data           1  dictionary.o(.data)
    .data                                    0x200001e0   Section        4  mvars.o(.data)
    .data                                    0x200001e4   Section        4  mvars.o(.data)
    .bss                                     0x200001e8   Section      304  ult.o(.bss)
    .bss                                     0x20000318   Section       40  encode.o(.bss)
    .bss                                     0x20000340   Section     1152  oled.o(.bss)
    .bss                                     0x200007c0   Section      256  uart1.o(.bss)
    TxBuffer                                 0x200007c0   Data         256  uart1.o(.bss)
    .bss                                     0x200008c0   Section      256  uart2.o(.bss)
    TxBuffer                                 0x200008c0   Data         256  uart2.o(.bss)
    .bss                                     0x200009c0   Section      400  uart3.o(.bss)
    .bss                                     0x20000b50   Section      400  uart4.o(.bss)
    .bss                                     0x20000ce0   Section      250  dictionary.o(.bss)
    ucRxBuffer                               0x20000ce0   Data         250  dictionary.o(.bss)
    HEAP                                     0x20000de0   Section      512  startup_stm32f40_41xxx.o(HEAP)
    STACK                                    0x20000fe0   Section     1024  startup_stm32f40_41xxx.o(STACK)

    Global Symbols

    Symbol Name                              Value     Ov Type        Size  Object(Section)

    BuildAttributes$$THM_ISAv4$E$P$D$K$B$S$7EM$VFPi3$EXTD16$VFPS$VFMA$PE$A:L22UL41UL21$X:L11$S22US41US21$IEEE1$IW$USESV6$~STKCKD$USESV7$~SHL$OSPACE$ROPI$EBA8$MICROLIB$REQ8$PRES8$EABIv2 0x00000000   Number         0  anon$$obj.o ABSOLUTE
    __ARM_use_no_argv                        0x00000000   Number         0  main.o ABSOLUTE
    __arm_fini_                               - Undefined Weak Reference
    __cpp_initialize__aeabi_                  - Undefined Weak Reference
    __cxa_finalize                            - Undefined Weak Reference
    _clock_init                               - Undefined Weak Reference
    _microlib_exit                            - Undefined Weak Reference
    __Vectors_Size                           0x00000188   Number         0  startup_stm32f40_41xxx.o ABSOLUTE
    __Vectors                                0x08000000   Data           4  startup_stm32f40_41xxx.o(RESET)
    __Vectors_End                            0x08000188   Data           0  startup_stm32f40_41xxx.o(RESET)
    __main                                   0x08000189   Thumb Code     0  entry.o(.ARM.Collect$$$$00000000)
    _main_stk                                0x08000189   Thumb Code     0  entry2.o(.ARM.Collect$$$$00000001)
    _main_scatterload                        0x0800018d   Thumb Code     0  entry5.o(.ARM.Collect$$$$00000004)
    __main_after_scatterload                 0x08000191   Thumb Code     0  entry5.o(.ARM.Collect$$$$00000004)
    _main_clock                              0x08000191   Thumb Code     0  entry7b.o(.ARM.Collect$$$$00000008)
    _main_cpp_init                           0x08000191   Thumb Code     0  entry8b.o(.ARM.Collect$$$$0000000A)
    _main_init                               0x08000191   Thumb Code     0  entry9a.o(.ARM.Collect$$$$0000000B)
    __rt_lib_shutdown_fini                   0x08000199   Thumb Code     0  entry12b.o(.ARM.Collect$$$$0000000E)
    __rt_final_cpp                           0x0800019d   Thumb Code     0  entry10a.o(.ARM.Collect$$$$0000000F)
    __rt_final_exit                          0x0800019d   Thumb Code     0  entry11a.o(.ARM.Collect$$$$00000011)
    findMode                                 0x080001a1   Thumb Code   116  main.o(.text)
    main                                     0x08000215   Thumb Code   358  main.o(.text)
    NMI_Handler                              0x080003a9   Thumb Code     2  stm32f4xx_it.o(.text)
    HardFault_Handler                        0x080003ab   Thumb Code     4  stm32f4xx_it.o(.text)
    MemManage_Handler                        0x080003af   Thumb Code     4  stm32f4xx_it.o(.text)
    BusFault_Handler                         0x080003b3   Thumb Code     4  stm32f4xx_it.o(.text)
    UsageFault_Handler                       0x080003b7   Thumb Code     4  stm32f4xx_it.o(.text)
    SVC_Handler                              0x080003bb   Thumb Code     2  stm32f4xx_it.o(.text)
    DebugMon_Handler                         0x080003bd   Thumb Code     2  stm32f4xx_it.o(.text)
    PendSV_Handler                           0x080003bf   Thumb Code     2  stm32f4xx_it.o(.text)
    SysTick_Handler                          0x080003c1   Thumb Code     2  stm32f4xx_it.o(.text)
    SystemInit                               0x080004a1   Thumb Code    88  system_stm32f4xx.o(.text)
    SystemCoreClockUpdate                    0x080004f9   Thumb Code   174  system_stm32f4xx.o(.text)
    Reset_Handler                            0x080005d5   Thumb Code     8  startup_stm32f40_41xxx.o(.text)
    ADC_IRQHandler                           0x080005ef   Thumb Code     0  startup_stm32f40_41xxx.o(.text)
    CAN1_RX0_IRQHandler                      0x080005ef   Thumb Code     0  startup_stm32f40_41xxx.o(.text)
    CAN1_RX1_IRQHandler                      0x080005ef   Thumb Code     0  startup_stm32f40_41xxx.o(.text)
    CAN1_SCE_IRQHandler                      0x080005ef   Thumb Code     0  startup_stm32f40_41xxx.o(.text)
    CAN1_TX_IRQHandler                       0x080005ef   Thumb Code     0  startup_stm32f40_41xxx.o(.text)
    CAN2_RX0_IRQHandler                      0x080005ef   Thumb Code     0  startup_stm32f40_41xxx.o(.text)
    CAN2_RX1_IRQHandler                      0x080005ef   Thumb Code     0  startup_stm32f40_41xxx.o(.text)
    CAN2_SCE_IRQHandler                      0x080005ef   Thumb Code     0  startup_stm32f40_41xxx.o(.text)
    CAN2_TX_IRQHandler                       0x080005ef   Thumb Code     0  startup_stm32f40_41xxx.o(.text)
    CRYP_IRQHandler                          0x080005ef   Thumb Code     0  startup_stm32f40_41xxx.o(.text)
    DCMI_IRQHandler                          0x080005ef   Thumb Code     0  startup_stm32f40_41xxx.o(.text)
    DMA1_Stream0_IRQHandler                  0x080005ef   Thumb Code     0  startup_stm32f40_41xxx.o(.text)
    DMA1_Stream1_IRQHandler                  0x080005ef   Thumb Code     0  startup_stm32f40_41xxx.o(.text)
    DMA1_Stream2_IRQHandler                  0x080005ef   Thumb Code     0  startup_stm32f40_41xxx.o(.text)
    DMA1_Stream3_IRQHandler                  0x080005ef   Thumb Code     0  startup_stm32f40_41xxx.o(.text)
    DMA1_Stream4_IRQHandler                  0x080005ef   Thumb Code     0  startup_stm32f40_41xxx.o(.text)
    DMA1_Stream5_IRQHandler                  0x080005ef   Thumb Code     0  startup_stm32f40_41xxx.o(.text)
    DMA1_Stream6_IRQHandler                  0x080005ef   Thumb Code     0  startup_stm32f40_41xxx.o(.text)
    DMA1_Stream7_IRQHandler                  0x080005ef   Thumb Code     0  startup_stm32f40_41xxx.o(.text)
    DMA2_Stream0_IRQHandler                  0x080005ef   Thumb Code     0  startup_stm32f40_41xxx.o(.text)
    DMA2_Stream1_IRQHandler                  0x080005ef   Thumb Code     0  startup_stm32f40_41xxx.o(.text)
    DMA2_Stream2_IRQHandler                  0x080005ef   Thumb Code     0  startup_stm32f40_41xxx.o(.text)
    DMA2_Stream3_IRQHandler                  0x080005ef   Thumb Code     0  startup_stm32f40_41xxx.o(.text)
    DMA2_Stream4_IRQHandler                  0x080005ef   Thumb Code     0  startup_stm32f40_41xxx.o(.text)
    DMA2_Stream5_IRQHandler                  0x080005ef   Thumb Code     0  startup_stm32f40_41xxx.o(.text)
    DMA2_Stream6_IRQHandler                  0x080005ef   Thumb Code     0  startup_stm32f40_41xxx.o(.text)
    DMA2_Stream7_IRQHandler                  0x080005ef   Thumb Code     0  startup_stm32f40_41xxx.o(.text)
    ETH_IRQHandler                           0x080005ef   Thumb Code     0  startup_stm32f40_41xxx.o(.text)
    ETH_WKUP_IRQHandler                      0x080005ef   Thumb Code     0  startup_stm32f40_41xxx.o(.text)
    EXTI0_IRQHandler                         0x080005ef   Thumb Code     0  startup_stm32f40_41xxx.o(.text)
    EXTI15_10_IRQHandler                     0x080005ef   Thumb Code     0  startup_stm32f40_41xxx.o(.text)
    EXTI1_IRQHandler                         0x080005ef   Thumb Code     0  startup_stm32f40_41xxx.o(.text)
    EXTI2_IRQHandler                         0x080005ef   Thumb Code     0  startup_stm32f40_41xxx.o(.text)
    EXTI3_IRQHandler                         0x080005ef   Thumb Code     0  startup_stm32f40_41xxx.o(.text)
    EXTI4_IRQHandler                         0x080005ef   Thumb Code     0  startup_stm32f40_41xxx.o(.text)
    EXTI9_5_IRQHandler                       0x080005ef   Thumb Code     0  startup_stm32f40_41xxx.o(.text)
    FLASH_IRQHandler                         0x080005ef   Thumb Code     0  startup_stm32f40_41xxx.o(.text)
    FPU_IRQHandler                           0x080005ef   Thumb Code     0  startup_stm32f40_41xxx.o(.text)
    FSMC_IRQHandler                          0x080005ef   Thumb Code     0  startup_stm32f40_41xxx.o(.text)
    HASH_RNG_IRQHandler                      0x080005ef   Thumb Code     0  startup_stm32f40_41xxx.o(.text)
    I2C1_ER_IRQHandler                       0x080005ef   Thumb Code     0  startup_stm32f40_41xxx.o(.text)
    I2C1_EV_IRQHandler                       0x080005ef   Thumb Code     0  startup_stm32f40_41xxx.o(.text)
    I2C2_ER_IRQHandler                       0x080005ef   Thumb Code     0  startup_stm32f40_41xxx.o(.text)
    I2C2_EV_IRQHandler                       0x080005ef   Thumb Code     0  startup_stm32f40_41xxx.o(.text)
    I2C3_ER_IRQHandler                       0x080005ef   Thumb Code     0  startup_stm32f40_41xxx.o(.text)
    I2C3_EV_IRQHandler                       0x080005ef   Thumb Code     0  startup_stm32f40_41xxx.o(.text)
    OTG_FS_IRQHandler                        0x080005ef   Thumb Code     0  startup_stm32f40_41xxx.o(.text)
    OTG_FS_WKUP_IRQHandler                   0x080005ef   Thumb Code     0  startup_stm32f40_41xxx.o(.text)
    OTG_HS_EP1_IN_IRQHandler                 0x080005ef   Thumb Code     0  startup_stm32f40_41xxx.o(.text)
    OTG_HS_EP1_OUT_IRQHandler                0x080005ef   Thumb Code     0  startup_stm32f40_41xxx.o(.text)
    OTG_HS_IRQHandler                        0x080005ef   Thumb Code     0  startup_stm32f40_41xxx.o(.text)
    OTG_HS_WKUP_IRQHandler                   0x080005ef   Thumb Code     0  startup_stm32f40_41xxx.o(.text)
    PVD_IRQHandler                           0x080005ef   Thumb Code     0  startup_stm32f40_41xxx.o(.text)
    RCC_IRQHandler                           0x080005ef   Thumb Code     0  startup_stm32f40_41xxx.o(.text)
    RTC_Alarm_IRQHandler                     0x080005ef   Thumb Code     0  startup_stm32f40_41xxx.o(.text)
    RTC_WKUP_IRQHandler                      0x080005ef   Thumb Code     0  startup_stm32f40_41xxx.o(.text)
    SDIO_IRQHandler                          0x080005ef   Thumb Code     0  startup_stm32f40_41xxx.o(.text)
    SPI1_IRQHandler                          0x080005ef   Thumb Code     0  startup_stm32f40_41xxx.o(.text)
    SPI2_IRQHandler                          0x080005ef   Thumb Code     0  startup_stm32f40_41xxx.o(.text)
    SPI3_IRQHandler                          0x080005ef   Thumb Code     0  startup_stm32f40_41xxx.o(.text)
    TAMP_STAMP_IRQHandler                    0x080005ef   Thumb Code     0  startup_stm32f40_41xxx.o(.text)
    TIM1_BRK_TIM9_IRQHandler                 0x080005ef   Thumb Code     0  startup_stm32f40_41xxx.o(.text)
    TIM1_TRG_COM_TIM11_IRQHandler            0x080005ef   Thumb Code     0  startup_stm32f40_41xxx.o(.text)
    TIM1_UP_TIM10_IRQHandler                 0x080005ef   Thumb Code     0  startup_stm32f40_41xxx.o(.text)
    TIM2_IRQHandler                          0x080005ef   Thumb Code     0  startup_stm32f40_41xxx.o(.text)
    TIM3_IRQHandler                          0x080005ef   Thumb Code     0  startup_stm32f40_41xxx.o(.text)
    TIM4_IRQHandler                          0x080005ef   Thumb Code     0  startup_stm32f40_41xxx.o(.text)
    TIM6_DAC_IRQHandler                      0x080005ef   Thumb Code     0  startup_stm32f40_41xxx.o(.text)
    TIM8_BRK_TIM12_IRQHandler                0x080005ef   Thumb Code     0  startup_stm32f40_41xxx.o(.text)
    TIM8_CC_IRQHandler                       0x080005ef   Thumb Code     0  startup_stm32f40_41xxx.o(.text)
    TIM8_TRG_COM_TIM14_IRQHandler            0x080005ef   Thumb Code     0  startup_stm32f40_41xxx.o(.text)
    UART5_IRQHandler                         0x080005ef   Thumb Code     0  startup_stm32f40_41xxx.o(.text)
    USART6_IRQHandler                        0x080005ef   Thumb Code     0  startup_stm32f40_41xxx.o(.text)
    WWDG_IRQHandler                          0x080005ef   Thumb Code     0  startup_stm32f40_41xxx.o(.text)
    NVIC_PriorityGroupConfig                 0x080005f9   Thumb Code    10  misc.o(.text)
    NVIC_Init                                0x08000603   Thumb Code   106  misc.o(.text)
    NVIC_SetVectorTable                      0x0800066d   Thumb Code    14  misc.o(.text)
    NVIC_SystemLPConfig                      0x0800067b   Thumb Code    34  misc.o(.text)
    SysTick_CLKSourceConfig                  0x0800069d   Thumb Code    40  misc.o(.text)
    GPIO_DeInit                              0x080006d9   Thumb Code   268  stm32f4xx_gpio.o(.text)
    GPIO_Init                                0x080007e5   Thumb Code   144  stm32f4xx_gpio.o(.text)
    GPIO_StructInit                          0x08000875   Thumb Code    18  stm32f4xx_gpio.o(.text)
    GPIO_PinLockConfig                       0x08000887   Thumb Code    34  stm32f4xx_gpio.o(.text)
    GPIO_ReadInputDataBit                    0x080008a9   Thumb Code    18  stm32f4xx_gpio.o(.text)
    GPIO_ReadInputData                       0x080008bb   Thumb Code     8  stm32f4xx_gpio.o(.text)
    GPIO_ReadOutputDataBit                   0x080008c3   Thumb Code    18  stm32f4xx_gpio.o(.text)
    GPIO_ReadOutputData                      0x080008d5   Thumb Code     8  stm32f4xx_gpio.o(.text)
    GPIO_SetBits                             0x080008dd   Thumb Code     4  stm32f4xx_gpio.o(.text)
    GPIO_ResetBits                           0x080008e1   Thumb Code     4  stm32f4xx_gpio.o(.text)
    GPIO_WriteBit                            0x080008e5   Thumb Code    10  stm32f4xx_gpio.o(.text)
    GPIO_Write                               0x080008ef   Thumb Code     4  stm32f4xx_gpio.o(.text)
    GPIO_ToggleBits                          0x080008f3   Thumb Code     8  stm32f4xx_gpio.o(.text)
    GPIO_PinAFConfig                         0x080008fb   Thumb Code    70  stm32f4xx_gpio.o(.text)
    RCC_DeInit                               0x0800096d   Thumb Code    82  stm32f4xx_rcc.o(.text)
    RCC_HSEConfig                            0x080009bf   Thumb Code    14  stm32f4xx_rcc.o(.text)
    RCC_GetFlagStatus                        0x080009cd   Thumb Code    60  stm32f4xx_rcc.o(.text)
    RCC_WaitForHSEStartUp                    0x08000a09   Thumb Code    56  stm32f4xx_rcc.o(.text)
    RCC_AdjustHSICalibrationValue            0x08000a41   Thumb Code    20  stm32f4xx_rcc.o(.text)
    RCC_HSICmd                               0x08000a55   Thumb Code     6  stm32f4xx_rcc.o(.text)
    RCC_LSEConfig                            0x08000a5b   Thumb Code    46  stm32f4xx_rcc.o(.text)
    RCC_LSICmd                               0x08000a89   Thumb Code     6  stm32f4xx_rcc.o(.text)
    RCC_PLLConfig                            0x08000a8f   Thumb Code    32  stm32f4xx_rcc.o(.text)
    RCC_PLLCmd                               0x08000aaf   Thumb Code     6  stm32f4xx_rcc.o(.text)
    RCC_PLLI2SConfig                         0x08000ab5   Thumb Code    14  stm32f4xx_rcc.o(.text)
    RCC_PLLI2SCmd                            0x08000ac3   Thumb Code     6  stm32f4xx_rcc.o(.text)
    RCC_PLLSAIConfig                         0x08000ac9   Thumb Code    20  stm32f4xx_rcc.o(.text)
    RCC_PLLSAICmd                            0x08000add   Thumb Code     6  stm32f4xx_rcc.o(.text)
    RCC_ClockSecuritySystemCmd               0x08000ae3   Thumb Code     6  stm32f4xx_rcc.o(.text)
    RCC_MCO1Config                           0x08000ae9   Thumb Code    28  stm32f4xx_rcc.o(.text)
    RCC_MCO2Config                           0x08000b05   Thumb Code    28  stm32f4xx_rcc.o(.text)
    RCC_SYSCLKConfig                         0x08000b21   Thumb Code    20  stm32f4xx_rcc.o(.text)
    RCC_GetSYSCLKSource                      0x08000b35   Thumb Code    12  stm32f4xx_rcc.o(.text)
    RCC_HCLKConfig                           0x08000b41   Thumb Code    20  stm32f4xx_rcc.o(.text)
    RCC_PCLK1Config                          0x08000b55   Thumb Code    20  stm32f4xx_rcc.o(.text)
    RCC_PCLK2Config                          0x08000b69   Thumb Code    22  stm32f4xx_rcc.o(.text)
    RCC_GetClocksFreq                        0x08000b7f   Thumb Code   222  stm32f4xx_rcc.o(.text)
    RCC_RTCCLKConfig                         0x08000c5d   Thumb Code    54  stm32f4xx_rcc.o(.text)
    RCC_RTCCLKCmd                            0x08000c93   Thumb Code     8  stm32f4xx_rcc.o(.text)
    RCC_BackupResetCmd                       0x08000c9b   Thumb Code     8  stm32f4xx_rcc.o(.text)
    RCC_I2SCLKConfig                         0x08000ca3   Thumb Code     6  stm32f4xx_rcc.o(.text)
    RCC_SAIPLLI2SClkDivConfig                0x08000ca9   Thumb Code    26  stm32f4xx_rcc.o(.text)
    RCC_SAIPLLSAIClkDivConfig                0x08000cc3   Thumb Code    28  stm32f4xx_rcc.o(.text)
    RCC_SAIBlockACLKConfig                   0x08000cdf   Thumb Code    20  stm32f4xx_rcc.o(.text)
    RCC_SAIBlockBCLKConfig                   0x08000cf3   Thumb Code    20  stm32f4xx_rcc.o(.text)
    RCC_LTDCCLKDivConfig                     0x08000d07   Thumb Code    20  stm32f4xx_rcc.o(.text)
    RCC_TIMCLKPresConfig                     0x08000d1b   Thumb Code     6  stm32f4xx_rcc.o(.text)
    RCC_AHB1PeriphClockCmd                   0x08000d21   Thumb Code    34  stm32f4xx_rcc.o(.text)
    RCC_AHB2PeriphClockCmd                   0x08000d43   Thumb Code    78  stm32f4xx_rcc.o(.text)
    RCC_AHB3PeriphClockCmd                   0x08000d91   Thumb Code    34  stm32f4xx_rcc.o(.text)
    RCC_APB1PeriphClockCmd                   0x08000db3   Thumb Code    34  stm32f4xx_rcc.o(.text)
    RCC_APB2PeriphClockCmd                   0x08000dd5   Thumb Code    34  stm32f4xx_rcc.o(.text)
    RCC_AHB1PeriphResetCmd                   0x08000df7   Thumb Code    34  stm32f4xx_rcc.o(.text)
    RCC_AHB2PeriphResetCmd                   0x08000e19   Thumb Code    34  stm32f4xx_rcc.o(.text)
    RCC_AHB3PeriphResetCmd                   0x08000e3b   Thumb Code    34  stm32f4xx_rcc.o(.text)
    RCC_APB1PeriphResetCmd                   0x08000e5d   Thumb Code    34  stm32f4xx_rcc.o(.text)
    RCC_APB2PeriphResetCmd                   0x08000e7f   Thumb Code    34  stm32f4xx_rcc.o(.text)
    RCC_AHB1PeriphClockLPModeCmd             0x08000ea1   Thumb Code    34  stm32f4xx_rcc.o(.text)
    RCC_AHB2PeriphClockLPModeCmd             0x08000ec3   Thumb Code    34  stm32f4xx_rcc.o(.text)
    RCC_AHB3PeriphClockLPModeCmd             0x08000ee5   Thumb Code    34  stm32f4xx_rcc.o(.text)
    RCC_APB1PeriphClockLPModeCmd             0x08000f07   Thumb Code    34  stm32f4xx_rcc.o(.text)
    RCC_APB2PeriphClockLPModeCmd             0x08000f29   Thumb Code    34  stm32f4xx_rcc.o(.text)
    RCC_LSEModeConfig                        0x08000f4b   Thumb Code    40  stm32f4xx_rcc.o(.text)
    RCC_ITConfig                             0x08000f73   Thumb Code    34  stm32f4xx_rcc.o(.text)
    RCC_ClearFlag                            0x08000f95   Thumb Code    18  stm32f4xx_rcc.o(.text)
    RCC_GetITStatus                          0x08000fa7   Thumb Code    22  stm32f4xx_rcc.o(.text)
    RCC_ClearITPendingBit                    0x08000fbd   Thumb Code     8  stm32f4xx_rcc.o(.text)
    TIM_DeInit                               0x08000fc9   Thumb Code   346  stm32f4xx_tim.o(.text)
    TIM_TimeBaseInit                         0x08001123   Thumb Code   104  stm32f4xx_tim.o(.text)
    TIM_TimeBaseStructInit                   0x0800118b   Thumb Code    18  stm32f4xx_tim.o(.text)
    TIM_PrescalerConfig                      0x0800119d   Thumb Code     6  stm32f4xx_tim.o(.text)
    TIM_CounterModeConfig                    0x080011a3   Thumb Code    18  stm32f4xx_tim.o(.text)
    TIM_SetCounter                           0x080011b5   Thumb Code     4  stm32f4xx_tim.o(.text)
    TIM_SetAutoreload                        0x080011b9   Thumb Code     4  stm32f4xx_tim.o(.text)
    TIM_GetCounter                           0x080011bd   Thumb Code     6  stm32f4xx_tim.o(.text)
    TIM_GetPrescaler                         0x080011c3   Thumb Code     6  stm32f4xx_tim.o(.text)
    TIM_UpdateDisableConfig                  0x080011c9   Thumb Code    24  stm32f4xx_tim.o(.text)
    TIM_UpdateRequestConfig                  0x080011e1   Thumb Code    24  stm32f4xx_tim.o(.text)
    TIM_ARRPreloadConfig                     0x080011f9   Thumb Code    24  stm32f4xx_tim.o(.text)
    TIM_SelectOnePulseMode                   0x08001211   Thumb Code    18  stm32f4xx_tim.o(.text)
    TIM_SetClockDivision                     0x08001223   Thumb Code    18  stm32f4xx_tim.o(.text)
    TIM_Cmd                                  0x08001235   Thumb Code    24  stm32f4xx_tim.o(.text)
    TIM_OC1Init                              0x0800124d   Thumb Code   114  stm32f4xx_tim.o(.text)
    TIM_OC2Init                              0x080012bf   Thumb Code   154  stm32f4xx_tim.o(.text)
    TIM_OC3Init                              0x08001359   Thumb Code   204  stm32f4xx_tim.o(.text)
    TIM_OC4Init                              0x08001425   Thumb Code   112  stm32f4xx_tim.o(.text)
    TIM_OCStructInit                         0x08001495   Thumb Code    20  stm32f4xx_tim.o(.text)
    TIM_SelectOCxM                           0x080014a9   Thumb Code    86  stm32f4xx_tim.o(.text)
    TIM_SetCompare1                          0x080014ff   Thumb Code     4  stm32f4xx_tim.o(.text)
    TIM_SetCompare2                          0x08001503   Thumb Code     4  stm32f4xx_tim.o(.text)
    TIM_SetCompare3                          0x08001507   Thumb Code     4  stm32f4xx_tim.o(.text)
    TIM_SetCompare4                          0x0800150b   Thumb Code     4  stm32f4xx_tim.o(.text)
    TIM_ForcedOC1Config                      0x0800150f   Thumb Code    18  stm32f4xx_tim.o(.text)
    TIM_ForcedOC2Config                      0x08001521   Thumb Code    26  stm32f4xx_tim.o(.text)
    TIM_ForcedOC3Config                      0x0800153b   Thumb Code    18  stm32f4xx_tim.o(.text)
    TIM_ForcedOC4Config                      0x0800154d   Thumb Code    26  stm32f4xx_tim.o(.text)
    TIM_OC1PreloadConfig                     0x08001567   Thumb Code    18  stm32f4xx_tim.o(.text)
    TIM_OC2PreloadConfig                     0x08001579   Thumb Code    26  stm32f4xx_tim.o(.text)
    TIM_OC3PreloadConfig                     0x08001593   Thumb Code    18  stm32f4xx_tim.o(.text)
    TIM_OC4PreloadConfig                     0x080015a5   Thumb Code    26  stm32f4xx_tim.o(.text)
    TIM_OC1FastConfig                        0x080015bf   Thumb Code    18  stm32f4xx_tim.o(.text)
    TIM_OC2FastConfig                        0x080015d1   Thumb Code    26  stm32f4xx_tim.o(.text)
    TIM_OC3FastConfig                        0x080015eb   Thumb Code    18  stm32f4xx_tim.o(.text)
    TIM_OC4FastConfig                        0x080015fd   Thumb Code    26  stm32f4xx_tim.o(.text)
    TIM_ClearOC1Ref                          0x08001617   Thumb Code    18  stm32f4xx_tim.o(.text)
    TIM_ClearOC2Ref                          0x08001629   Thumb Code    24  stm32f4xx_tim.o(.text)
    TIM_ClearOC3Ref                          0x08001641   Thumb Code    18  stm32f4xx_tim.o(.text)
    TIM_ClearOC4Ref                          0x08001653   Thumb Code    24  stm32f4xx_tim.o(.text)
    TIM_OC1PolarityConfig                    0x0800166b   Thumb Code    18  stm32f4xx_tim.o(.text)
    TIM_OC1NPolarityConfig                   0x0800167d   Thumb Code    18  stm32f4xx_tim.o(.text)
    TIM_OC2PolarityConfig                    0x0800168f   Thumb Code    26  stm32f4xx_tim.o(.text)
    TIM_OC2NPolarityConfig                   0x080016a9   Thumb Code    26  stm32f4xx_tim.o(.text)
    TIM_OC3PolarityConfig                    0x080016c3   Thumb Code    26  stm32f4xx_tim.o(.text)
    TIM_OC3NPolarityConfig                   0x080016dd   Thumb Code    26  stm32f4xx_tim.o(.text)
    TIM_OC4PolarityConfig                    0x080016f7   Thumb Code    26  stm32f4xx_tim.o(.text)
    TIM_CCxCmd                               0x08001711   Thumb Code    30  stm32f4xx_tim.o(.text)
    TIM_CCxNCmd                              0x0800172f   Thumb Code    30  stm32f4xx_tim.o(.text)
    TIM_SetIC4Prescaler                      0x0800174d   Thumb Code    26  stm32f4xx_tim.o(.text)
    TIM_SetIC3Prescaler                      0x080017b7   Thumb Code    18  stm32f4xx_tim.o(.text)
    TIM_SetIC2Prescaler                      0x08001811   Thumb Code    26  stm32f4xx_tim.o(.text)
    TIM_SetIC1Prescaler                      0x08001885   Thumb Code    18  stm32f4xx_tim.o(.text)
    TIM_ICInit                               0x080018d1   Thumb Code   110  stm32f4xx_tim.o(.text)
    TIM_ICStructInit                         0x0800193f   Thumb Code    18  stm32f4xx_tim.o(.text)
    TIM_PWMIConfig                           0x08001951   Thumb Code   124  stm32f4xx_tim.o(.text)
    TIM_GetCapture1                          0x080019cd   Thumb Code     6  stm32f4xx_tim.o(.text)
    TIM_GetCapture2                          0x080019d3   Thumb Code     6  stm32f4xx_tim.o(.text)
    TIM_GetCapture3                          0x080019d9   Thumb Code     6  stm32f4xx_tim.o(.text)
    TIM_GetCapture4                          0x080019df   Thumb Code     6  stm32f4xx_tim.o(.text)
    TIM_BDTRConfig                           0x080019e5   Thumb Code    32  stm32f4xx_tim.o(.text)
    TIM_BDTRStructInit                       0x08001a05   Thumb Code    18  stm32f4xx_tim.o(.text)
    TIM_CtrlPWMOutputs                       0x08001a17   Thumb Code    30  stm32f4xx_tim.o(.text)
    TIM_SelectCOM                            0x08001a35   Thumb Code    24  stm32f4xx_tim.o(.text)
    TIM_CCPreloadControl                     0x08001a4d   Thumb Code    24  stm32f4xx_tim.o(.text)
    TIM_ITConfig                             0x08001a65   Thumb Code    18  stm32f4xx_tim.o(.text)
    TIM_GenerateEvent                        0x08001a77   Thumb Code     4  stm32f4xx_tim.o(.text)
    TIM_GetFlagStatus                        0x08001a7b   Thumb Code    18  stm32f4xx_tim.o(.text)
    TIM_ClearFlag                            0x08001a8d   Thumb Code     6  stm32f4xx_tim.o(.text)
    TIM_GetITStatus                          0x08001a93   Thumb Code    34  stm32f4xx_tim.o(.text)
    TIM_ClearITPendingBit                    0x08001ab5   Thumb Code     6  stm32f4xx_tim.o(.text)
    TIM_DMAConfig                            0x08001abb   Thumb Code    10  stm32f4xx_tim.o(.text)
    TIM_DMACmd                               0x08001ac5   Thumb Code    18  stm32f4xx_tim.o(.text)
    TIM_SelectCCDMA                          0x08001ad7   Thumb Code    24  stm32f4xx_tim.o(.text)
    TIM_InternalClockConfig                  0x08001aef   Thumb Code    12  stm32f4xx_tim.o(.text)
    TIM_SelectInputTrigger                   0x08001afb   Thumb Code    18  stm32f4xx_tim.o(.text)
    TIM_ITRxExternalClockConfig              0x08001b0d   Thumb Code    24  stm32f4xx_tim.o(.text)
    TIM_TIxExternalClockConfig               0x08001b25   Thumb Code    62  stm32f4xx_tim.o(.text)
    TIM_ETRConfig                            0x08001b63   Thumb Code    28  stm32f4xx_tim.o(.text)
    TIM_ETRClockMode1Config                  0x08001b7f   Thumb Code    54  stm32f4xx_tim.o(.text)
    TIM_ETRClockMode2Config                  0x08001bb5   Thumb Code    32  stm32f4xx_tim.o(.text)
    TIM_SelectOutputTrigger                  0x08001bd5   Thumb Code    18  stm32f4xx_tim.o(.text)
    TIM_SelectSlaveMode                      0x08001be7   Thumb Code    18  stm32f4xx_tim.o(.text)
    TIM_SelectMasterSlaveMode                0x08001bf9   Thumb Code    18  stm32f4xx_tim.o(.text)
    TIM_EncoderInterfaceConfig               0x08001c0b   Thumb Code    66  stm32f4xx_tim.o(.text)
    TIM_SelectHallSensor                     0x08001c4d   Thumb Code    24  stm32f4xx_tim.o(.text)
    TIM_RemapConfig                          0x08001c65   Thumb Code     6  stm32f4xx_tim.o(.text)
    USART_DeInit                             0x08001c6d   Thumb Code   206  stm32f4xx_usart.o(.text)
    USART_Init                               0x08001d3b   Thumb Code   204  stm32f4xx_usart.o(.text)
    USART_StructInit                         0x08001e07   Thumb Code    24  stm32f4xx_usart.o(.text)
    USART_ClockInit                          0x08001e1f   Thumb Code    32  stm32f4xx_usart.o(.text)
    USART_ClockStructInit                    0x08001e3f   Thumb Code    12  stm32f4xx_usart.o(.text)
    USART_Cmd                                0x08001e4b   Thumb Code    24  stm32f4xx_usart.o(.text)
    USART_SetPrescaler                       0x08001e63   Thumb Code    16  stm32f4xx_usart.o(.text)
    USART_OverSampling8Cmd                   0x08001e73   Thumb Code    22  stm32f4xx_usart.o(.text)
    USART_OneBitMethodCmd                    0x08001e89   Thumb Code    24  stm32f4xx_usart.o(.text)
    USART_SendData                           0x08001ea1   Thumb Code     8  stm32f4xx_usart.o(.text)
    USART_ReceiveData                        0x08001ea9   Thumb Code    10  stm32f4xx_usart.o(.text)
    USART_SetAddress                         0x08001eb3   Thumb Code    18  stm32f4xx_usart.o(.text)
    USART_ReceiverWakeUpCmd                  0x08001ec5   Thumb Code    24  stm32f4xx_usart.o(.text)
    USART_WakeUpConfig                       0x08001edd   Thumb Code    18  stm32f4xx_usart.o(.text)
    USART_LINBreakDetectLengthConfig         0x08001eef   Thumb Code    18  stm32f4xx_usart.o(.text)
    USART_LINCmd                             0x08001f01   Thumb Code    24  stm32f4xx_usart.o(.text)
    USART_SendBreak                          0x08001f19   Thumb Code    10  stm32f4xx_usart.o(.text)
    USART_HalfDuplexCmd                      0x08001f23   Thumb Code    24  stm32f4xx_usart.o(.text)
    USART_SetGuardTime                       0x08001f3b   Thumb Code    16  stm32f4xx_usart.o(.text)
    USART_SmartCardCmd                       0x08001f4b   Thumb Code    24  stm32f4xx_usart.o(.text)
    USART_SmartCardNACKCmd                   0x08001f63   Thumb Code    24  stm32f4xx_usart.o(.text)
    USART_IrDAConfig                         0x08001f7b   Thumb Code    18  stm32f4xx_usart.o(.text)
    USART_IrDACmd                            0x08001f8d   Thumb Code    24  stm32f4xx_usart.o(.text)
    USART_DMACmd                             0x08001fa5   Thumb Code    18  stm32f4xx_usart.o(.text)
    USART_ITConfig                           0x08001fb7   Thumb Code    74  stm32f4xx_usart.o(.text)
    USART_GetFlagStatus                      0x08002001   Thumb Code    26  stm32f4xx_usart.o(.text)
    USART_ClearFlag                          0x0800201b   Thumb Code    18  stm32f4xx_usart.o(.text)
    USART_GetITStatus                        0x0800202d   Thumb Code   118  stm32f4xx_usart.o(.text)
    USART_ClearITPendingBit                  0x080020a3   Thumb Code    30  stm32f4xx_usart.o(.text)
    delay_init                               0x080020c1   Thumb Code    52  delay.o(.text)
    delay_us                                 0x080020f5   Thumb Code    72  delay.o(.text)
    delay_xms                                0x0800213d   Thumb Code    72  delay.o(.text)
    delay_ms                                 0x08002185   Thumb Code    56  delay.o(.text)
    BEEP_Init                                0x080021c5   Thumb Code    48  beep.o(.text)
    location_pid_set                         0x080021f9   Thumb Code   264  bsp_pid.o(.text)
    speed_pid_set                            0x08002301   Thumb Code   264  bsp_pid.o(.text)
    blance_pid                               0x08002409   Thumb Code    84  bsp_pid.o(.text)
    blance_pid_hor                           0x0800245d   Thumb Code   120  bsp_pid.o(.text)
    motor_Init                               0x08002509   Thumb Code    62  motor.o(.text)
    motor_scare                              0x08002547   Thumb Code    28  motor.o(.text)
    value                                    0x08002563   Thumb Code    14  motor.o(.text)
    motion                                   0x08002571   Thumb Code   280  motor.o(.text)
    TIM9_PWM_AB_Init                         0x080026b1   Thumb Code   178  m_pwm.o(.text)
    TIM10_PWMC_Init                          0x08002763   Thumb Code   154  m_pwm.o(.text)
    TIM11_PWMD_Init                          0x080027fd   Thumb Code   154  m_pwm.o(.text)
    Ultra_Init                               0x080028ad   Thumb Code   168  ult.o(.text)
    Sonic_Get_Distance                       0x08002955   Thumb Code  1376  ult.o(.text)
    TIM5_Sonic_Cap_Init                      0x08002eb5   Thumb Code   288  ult.o(.text)
    TIM1_Sonic_Cap_Init                      0x08002fd5   Thumb Code   358  ult.o(.text)
    TIM5_IRQHandler                          0x0800313b   Thumb Code   778  ult.o(.text)
    TIM1_CC_IRQHandler                       0x08003445   Thumb Code   802  ult.o(.text)
    Ultrasonic_Trig_Start                    0x08003767   Thumb Code   200  ult.o(.text)
    Ultrasonic_Trig_end                      0x0800382f   Thumb Code    78  ult.o(.text)
    Ultra_Test1                              0x0800387d   Thumb Code   196  ult.o(.text)
    center_L                                 0x08003941   Thumb Code    18  ult.o(.text)
    meanFilter                               0x08003979   Thumb Code   100  filter.o(.text)
    meanFilter1                              0x080039dd   Thumb Code    90  filter.o(.text)
    enhanceMeanFilter                        0x08003a37   Thumb Code   190  filter.o(.text)
    Average_Filter                           0x08003af5   Thumb Code   134  filter.o(.text)
    Enaverage_Filter                         0x08003b7b   Thumb Code   234  filter.o(.text)
    TIM2_Init                                0x08003c79   Thumb Code   284  servo.o(.text)
    Time8_Servo_Init                         0x08003d95   Thumb Code   218  servo.o(.text)
    TIM14_Init                               0x08003e6f   Thumb Code   152  servo.o(.text)
    conversion_CNT                           0x08003f07   Thumb Code    64  servo.o(.text)
    Set_angle                                0x08003f47   Thumb Code    88  servo.o(.text)
    single_set                               0x08003f9f   Thumb Code    84  servo.o(.text)
    pill_Servo                               0x08003ff3   Thumb Code    62  servo.o(.text)
    single_servo_steer                       0x08004031   Thumb Code   342  servo.o(.text)
    together_servo_steer                     0x08004187   Thumb Code   146  servo.o(.text)
    set_balance_angle                        0x08004219   Thumb Code   456  servo.o(.text)
    TIM3_Encoder_Init                        0x080043ed   Thumb Code   168  encode.o(.text)
    TIM4_Encoder_Init                        0x08004495   Thumb Code   170  encode.o(.text)
    Read_Encoder_cnt                         0x0800453f   Thumb Code    60  encode.o(.text)
    Solve_EncoData                           0x0800457b   Thumb Code   110  encode.o(.text)
    sum_Read_Encoder_cnt                     0x080045e9   Thumb Code    78  encode.o(.text)
    IO_Init                                  0x08004665   Thumb Code    44  switch.o(.text)
    jioulong                                 0x08004691   Thumb Code    34  switch.o(.text)
    KEY_Init                                 0x080046b9   Thumb Code    42  key.o(.text)
    KEY_Scan                                 0x080046e3   Thumb Code   152  key.o(.text)
    KEY_Scan_2                               0x0800477b   Thumb Code   152  key.o(.text)
    KEY_Scan_3                               0x08004813   Thumb Code   152  key.o(.text)
    choose_servo                             0x080048ab   Thumb Code   942  key.o(.text)
    LED_Init                                 0x08004c69   Thumb Code    50  led.o(.text)
    TIM7_init                                0x08004ca1   Thumb Code    84  timer.o(.text)
    TIM7_IRQHandler                          0x08004cf5   Thumb Code   462  timer.o(.text)
    TIM13_init                               0x08004ec3   Thumb Code    86  timer.o(.text)
    TIM8_UP_TIM13_IRQHandler                 0x08004f19   Thumb Code    28  timer.o(.text)
    OLED_WR_Byte                             0x08004f7d   Thumb Code   126  oled.o(.text)
    OLED_ColorTurn                           0x08004ffb   Thumb Code    28  oled.o(.text)
    OLED_DisplayTurn                         0x08005017   Thumb Code    44  oled.o(.text)
    OLED_DisPlay_On                          0x08005043   Thumb Code    28  oled.o(.text)
    OLED_DisPlay_Off                         0x0800505f   Thumb Code    28  oled.o(.text)
    OLED_Refresh                             0x0800507b   Thumb Code    70  oled.o(.text)
    OLED_Clear                               0x080050c1   Thumb Code    42  oled.o(.text)
    OLED_DrawPoint                           0x080050eb   Thumb Code   114  oled.o(.text)
    OLED_DrawLine                            0x0800515d   Thumb Code   172  oled.o(.text)
    OLED_DrawCircle                          0x08005209   Thumb Code   168  oled.o(.text)
    OLED_ShowChar                            0x080052b1   Thumb Code   326  oled.o(.text)
    OLED_ShowString                          0x080053f7   Thumb Code    74  oled.o(.text)
    OLED_Pow                                 0x08005441   Thumb Code    22  oled.o(.text)
    OLED_ShowNum                             0x08005457   Thumb Code   140  oled.o(.text)
    OLED_ShowIntNum                          0x080054e3   Thumb Code    90  oled.o(.text)
    OLED_Show3FNum                           0x0800553d   Thumb Code   672  oled.o(.text)
    OLED_ShowChinese                         0x080057dd   Thumb Code   244  oled.o(.text)
    OLED_ScrollDisplay                       0x080058d1   Thumb Code   202  oled.o(.text)
    OLED_ShowPicture                         0x0800599b   Thumb Code   214  oled.o(.text)
    OLED_Init                                0x08005a71   Thumb Code   362  oled.o(.text)
    Initial_UART1                            0x08005be9   Thumb Code   162  uart1.o(.text)
    UART1_Put_Char                           0x08005c8b   Thumb Code    34  uart1.o(.text)
    UART1_Put_String                         0x08005cad   Thumb Code    46  uart1.o(.text)
    fputc                                    0x08005cdb   Thumb Code    22  uart1.o(.text)
    USART1_IRQHandler                        0x08005cf1   Thumb Code   116  uart1.o(.text)
    Initial_UART2                            0x08005d79   Thumb Code   162  uart2.o(.text)
    USART2_IRQHandler                        0x08005e1b   Thumb Code   116  uart2.o(.text)
    UART2_Put_Char                           0x08005e8f   Thumb Code    34  uart2.o(.text)
    UART2_Put_String                         0x08005eb1   Thumb Code    46  uart2.o(.text)
    uart3_init                               0x08005ef9   Thumb Code   164  uart3.o(.text)
    USART3_IRQHandler                        0x08005f9d   Thumb Code   208  uart3.o(.text)
    usart3_fangliao                          0x0800606d   Thumb Code    62  uart3.o(.text)
    uart4_init                               0x080060dd   Thumb Code   166  uart4.o(.text)
    UART4_IRQHandler                         0x08006183   Thumb Code   208  uart4.o(.text)
    usart4_fangliao                          0x08006253   Thumb Code    62  uart4.o(.text)
    sendcmd                                  0x080062c1   Thumb Code    24  dictionary.o(.text)
    CopeSerial2Data                          0x080062d9   Thumb Code   236  dictionary.o(.text)
    CopeSerial1Data                          0x080063c5   Thumb Code    12  dictionary.o(.text)
    TLY_init                                 0x080063d1   Thumb Code    28  dictionary.o(.text)
    tly                                      0x080063ed   Thumb Code    16  dictionary.o(.text)
    ALL_Init                                 0x08006435   Thumb Code   170  variable.o(.text)
    __aeabi_ldivmod                          0x080064df   Thumb Code    98  ldiv.o(.text)
    __aeabi_dadd                             0x08006541   Thumb Code   322  dadd.o(.text)
    __aeabi_dsub                             0x08006683   Thumb Code     6  dadd.o(.text)
    __aeabi_drsub                            0x08006689   Thumb Code     6  dadd.o(.text)
    __aeabi_dmul                             0x0800668f   Thumb Code   228  dmul.o(.text)
    __aeabi_ddiv                             0x08006773   Thumb Code   222  ddiv.o(.text)
    __aeabi_ui2d                             0x08006851   Thumb Code    26  dfltui.o(.text)
    __aeabi_d2iz                             0x0800686b   Thumb Code    62  dfixi.o(.text)
    __aeabi_d2uiz                            0x080068a9   Thumb Code    50  dfixui.o(.text)
    __aeabi_f2d                              0x080068db   Thumb Code    38  f2d.o(.text)
    __aeabi_uldivmod                         0x08006901   Thumb Code    98  uldiv.o(.text)
    __aeabi_llsl                             0x08006963   Thumb Code    30  llshl.o(.text)
    _ll_shift_l                              0x08006963   Thumb Code     0  llshl.o(.text)
    __aeabi_llsr                             0x08006981   Thumb Code    32  llushr.o(.text)
    _ll_ushift_r                             0x08006981   Thumb Code     0  llushr.o(.text)
    __aeabi_lasr                             0x080069a1   Thumb Code    36  llsshr.o(.text)
    _ll_sshift_r                             0x080069a1   Thumb Code     0  llsshr.o(.text)
    __I$use$fp                               0x080069c5   Thumb Code     0  iusefp.o(.text)
    _double_round                            0x080069c5   Thumb Code    30  depilogue.o(.text)
    _double_epilogue                         0x080069e3   Thumb Code   156  depilogue.o(.text)
    __scatterload                            0x08006a81   Thumb Code    28  init.o(.text)
    __scatterload_rt2                        0x08006a81   Thumb Code     0  init.o(.text)
    __decompress                             0x08006aa5   Thumb Code     0  __dczerorl2.o(.text)
    __decompress1                            0x08006aa5   Thumb Code    86  __dczerorl2.o(.text)
    __scatterload_copy                       0x08006afb   Thumb Code    14  handlers.o(i.__scatterload_copy)
    __scatterload_null                       0x08006b09   Thumb Code     2  handlers.o(i.__scatterload_null)
    __scatterload_zeroinit                   0x08006b0b   Thumb Code    14  handlers.o(i.__scatterload_zeroinit)
    free                                     0x08006b19   Thumb Code    76  malloc.o(i.free)
    malloc                                   0x08006b69   Thumb Code    92  malloc.o(i.malloc)
    asc2_0806                                0x08006bd4   Data         552  oled.o(.constdata)
    asc2_1206                                0x08006dfc   Data        1140  oled.o(.constdata)
    asc2_1608                                0x08007270   Data        1520  oled.o(.constdata)
    asc2_2412                                0x08007860   Data        3420  oled.o(.constdata)
    Hzk1                                     0x080085bc   Data         512  oled.o(.constdata)
    Hzk2                                     0x080087bc   Data          72  oled.o(.constdata)
    Hzk3                                     0x08008804   Data         128  oled.o(.constdata)
    Hzk4                                     0x08008884   Data         512  oled.o(.constdata)
    Region$$Table$$Base                      0x08008a84   Number         0  anon$$obj.o(Region$$Table)
    Region$$Table$$Limit                     0x08008aa4   Number         0  anon$$obj.o(Region$$Table)
    flag                                     0x20000000   Data           4  main.o(.data)
    code                                     0x20000004   Data           4  main.o(.data)
    key_flag                                 0x20000008   Data           1  main.o(.data)
    color_U3                                 0x2000000c   Data           4  main.o(.data)
    color_U4                                 0x20000010   Data           4  main.o(.data)
    flag_stop1                               0x20000014   Data           1  main.o(.data)
    flag_stop2                               0x20000015   Data           1  main.o(.data)
    flag_slow1                               0x20000016   Data           1  main.o(.data)
    flag_slow2                               0x20000017   Data           1  main.o(.data)
    flag_up1                                 0x20000018   Data           1  main.o(.data)
    flag_up2                                 0x20000019   Data           1  main.o(.data)
    SystemCoreClock                          0x2000001c   Data           4  system_stm32f4xx.o(.data)
    AHBPrescTable                            0x20000020   Data          16  system_stm32f4xx.o(.data)
    TIM5CH1_CAPTURE_STA                      0x20000048   Data           1  ult.o(.data)
    TIM5CH1_CAPTURE_VAL                      0x2000004c   Data           4  ult.o(.data)
    TIM5CH2_CAPTURE_STA                      0x20000050   Data           1  ult.o(.data)
    TIM5CH2_CAPTURE_VAL                      0x20000054   Data           4  ult.o(.data)
    TIM5CH3_CAPTURE_STA                      0x20000058   Data           1  ult.o(.data)
    TIM5CH3_CAPTURE_VAL                      0x2000005c   Data           4  ult.o(.data)
    TIM5CH4_CAPTURE_STA                      0x20000060   Data           1  ult.o(.data)
    TIM5CH4_CAPTURE_VAL                      0x20000064   Data           4  ult.o(.data)
    TIM1CH1_CAPTURE_STA                      0x20000068   Data           1  ult.o(.data)
    TIM1CH1_CAPTURE_VAL                      0x2000006c   Data           4  ult.o(.data)
    TIM1CH2_CAPTURE_STA                      0x20000070   Data           1  ult.o(.data)
    TIM1CH2_CAPTURE_VAL                      0x20000074   Data           4  ult.o(.data)
    TIM1CH3_CAPTURE_STA                      0x20000078   Data           1  ult.o(.data)
    TIM1CH3_CAPTURE_VAL                      0x2000007c   Data           4  ult.o(.data)
    TIM1CH4_CAPTURE_STA                      0x20000080   Data           1  ult.o(.data)
    TIM1CH4_CAPTURE_VAL                      0x20000084   Data           4  ult.o(.data)
    temp_1                                   0x20000088   Data           8  ult.o(.data)
    temp_2                                   0x20000090   Data           8  ult.o(.data)
    temp_3                                   0x20000098   Data           8  ult.o(.data)
    temp_4                                   0x200000a0   Data           8  ult.o(.data)
    temp_5                                   0x200000a8   Data           8  ult.o(.data)
    temp_6                                   0x200000b0   Data           8  ult.o(.data)
    temp_7                                   0x200000b8   Data           8  ult.o(.data)
    temp_8                                   0x200000c0   Data           8  ult.o(.data)
    TEMPA_1                                  0x200000c8   Data           8  ult.o(.data)
    TEMPA_2                                  0x200000d0   Data           8  ult.o(.data)
    TEMPA_3                                  0x200000d8   Data           8  ult.o(.data)
    TEMPA_4                                  0x200000e0   Data           8  ult.o(.data)
    TEMPA_5                                  0x200000e8   Data           8  ult.o(.data)
    TEMPA_6                                  0x200000f0   Data           8  ult.o(.data)
    TEMPA_7                                  0x200000f8   Data           8  ult.o(.data)
    TEMPA_8                                  0x20000100   Data           8  ult.o(.data)
    circle_servo1                            0x20000110   Data           1  servo.o(.data)
    circle_servo2                            0x20000111   Data           1  servo.o(.data)
    small_servo3                             0x20000114   Data           4  servo.o(.data)
    TIM3_sumcode                             0x20000118   Data           4  encode.o(.data)
    TIM4_sumcode                             0x2000011c   Data           4  encode.o(.data)
    Encoder_Timer3_sum                       0x2000013c   Data           4  timer.o(.data)
    Encoder_Timer4_sum                       0x20000140   Data           4  timer.o(.data)
    PID_value                                0x20000144   Data           4  timer.o(.data)
    empt                                     0x20000148   Data           4  timer.o(.data)
    QR_code                                  0x2000014c   Data           1  uart1.o(.data)
    re_flag                                  0x20000154   Data           4  uart2.o(.data)
    USART3_RX_STA                            0x20000158   Data           2  uart3.o(.data)
    b                                        0x2000015c   Data           4  uart3.o(.data)
    count_U3                                 0x20000160   Data           4  uart3.o(.data)
    y                                        0x20000164   Data           4  uart3.o(.data)
    a                                        0x20000168   Data           4  uart4.o(.data)
    UART4_RX_STA                             0x2000016c   Data           2  uart4.o(.data)
    xxx                                      0x20000170   Data           4  uart4.o(.data)
    count_U4                                 0x20000174   Data           4  uart4.o(.data)
    flag_openmv                              0x20000178   Data           4  uart4.o(.data)
    x                                        0x2000017c   Data           4  uart4.o(.data)
    pdf                                      0x20000180   Data           4  uart4.o(.data)
    stcTime                                  0x20000184   Data           8  dictionary.o(.data)
    stcAcc                                   0x2000018c   Data           8  dictionary.o(.data)
    stcGyro                                  0x20000194   Data           8  dictionary.o(.data)
    stcAngle                                 0x2000019c   Data           8  dictionary.o(.data)
    stcMag                                   0x200001a4   Data           8  dictionary.o(.data)
    stcDStatus                               0x200001ac   Data           8  dictionary.o(.data)
    stcPress                                 0x200001b4   Data           8  dictionary.o(.data)
    stcLonLat                                0x200001bc   Data           8  dictionary.o(.data)
    stcGPSV                                  0x200001c4   Data           8  dictionary.o(.data)
    stcQ                                     0x200001cc   Data           8  dictionary.o(.data)
    ACCCALSW                                 0x200001d4   Data           5  dictionary.o(.data)
    SAVACALSW                                0x200001d9   Data           5  dictionary.o(.data)
    __microlib_freelist                      0x200001e0   Data           4  mvars.o(.data)
    __microlib_freelist_initialised          0x200001e4   Data           4  mvars.o(.data)
    Sonic_Dis                                0x200001e8   Data          16  ult.o(.bss)
    SonicA1_Filter                           0x200001f8   Data          36  ult.o(.bss)
    SonicA2_Filter                           0x2000021c   Data          36  ult.o(.bss)
    SonicA3_Filter                           0x20000240   Data          36  ult.o(.bss)
    SonicA4_Filter                           0x20000264   Data          36  ult.o(.bss)
    SonicA5_Filter                           0x20000288   Data          36  ult.o(.bss)
    SonicA6_Filter                           0x200002ac   Data          36  ult.o(.bss)
    SonicA7_Filter                           0x200002d0   Data          36  ult.o(.bss)
    SonicA8_Filter                           0x200002f4   Data          36  ult.o(.bss)
    encode                                   0x20000318   Data          16  encode.o(.bss)
    Encoders                                 0x20000328   Data          24  encode.o(.bss)
    OLED_GRAM                                0x20000340   Data        1152  oled.o(.bss)
    USART3_RX_BUF                            0x200009c0   Data         200  uart3.o(.bss)
    openmv                                   0x20000a88   Data         200  uart3.o(.bss)
    UART4_RX_BUF                             0x20000b50   Data         200  uart4.o(.bss)
    openmv1                                  0x20000c18   Data         200  uart4.o(.bss)
    __heap_base                              0x20000de0   Data           0  startup_stm32f40_41xxx.o(HEAP)
    __heap_limit                             0x20000fe0   Data           0  startup_stm32f40_41xxx.o(HEAP)
    __initial_sp                             0x200013e0   Data           0  startup_stm32f40_41xxx.o(STACK)



==============================================================================

Memory Map of the image

  Image Entry point : 0x08000189

  Load Region LR_IROM1 (Base: 0x08000000, Size: 0x00008c8c, Max: 0x00100000, ABSOLUTE, COMPRESSED[0x00008ad8])

    Execution Region ER_IROM1 (Exec base: 0x08000000, Load base: 0x08000000, Size: 0x00008aa4, Max: 0x00100000, ABSOLUTE)

    Exec Addr    Load Addr    Size         Type   Attr      Idx    E Section Name        Object

    0x08000000   0x08000000   0x00000188   Data   RO          373    RESET               startup_stm32f40_41xxx.o
    0x08000188   0x08000188   0x00000000   Code   RO         1707  * .ARM.Collect$$$$00000000  mc_w.l(entry.o)
    0x08000188   0x08000188   0x00000004   Code   RO         1754    .ARM.Collect$$$$00000001  mc_w.l(entry2.o)
    0x0800018c   0x0800018c   0x00000004   Code   RO         1757    .ARM.Collect$$$$00000004  mc_w.l(entry5.o)
    0x08000190   0x08000190   0x00000000   Code   RO         1759    .ARM.Collect$$$$00000008  mc_w.l(entry7b.o)
    0x08000190   0x08000190   0x00000000   Code   RO         1761    .ARM.Collect$$$$0000000A  mc_w.l(entry8b.o)
    0x08000190   0x08000190   0x00000008   Code   RO         1762    .ARM.Collect$$$$0000000B  mc_w.l(entry9a.o)
    0x08000198   0x08000198   0x00000004   Code   RO         1769    .ARM.Collect$$$$0000000E  mc_w.l(entry12b.o)
    0x0800019c   0x0800019c   0x00000000   Code   RO         1764    .ARM.Collect$$$$0000000F  mc_w.l(entry10a.o)
    0x0800019c   0x0800019c   0x00000000   Code   RO         1766    .ARM.Collect$$$$00000011  mc_w.l(entry11a.o)
    0x0800019c   0x0800019c   0x00000004   Code   RO         1755    .ARM.Collect$$$$00002712  mc_w.l(entry2.o)
    0x080001a0   0x080001a0   0x00000208   Code   RO            3    .text               main.o
    0x080003a8   0x080003a8   0x0000001a   Code   RO          223    .text               stm32f4xx_it.o
    0x080003c2   0x080003c2   0x00000002   PAD
    0x080003c4   0x080003c4   0x00000210   Code   RO          347    .text               system_stm32f4xx.o
    0x080005d4   0x080005d4   0x00000024   Code   RO          374    .text               startup_stm32f40_41xxx.o
    0x080005f8   0x080005f8   0x000000e0   Code   RO          380    .text               misc.o
    0x080006d8   0x080006d8   0x00000294   Code   RO          755    .text               stm32f4xx_gpio.o
    0x0800096c   0x0800096c   0x0000065c   Code   RO          918    .text               stm32f4xx_rcc.o
    0x08000fc8   0x08000fc8   0x00000ca2   Code   RO         1063    .text               stm32f4xx_tim.o
    0x08001c6a   0x08001c6a   0x00000002   PAD
    0x08001c6c   0x08001c6c   0x00000454   Code   RO         1083    .text               stm32f4xx_usart.o
    0x080020c0   0x080020c0   0x00000104   Code   RO         1123    .text               delay.o
    0x080021c4   0x080021c4   0x00000034   Code   RO         1169    .text               beep.o
    0x080021f8   0x080021f8   0x00000310   Code   RO         1230    .text               bsp_pid.o
    0x08002508   0x08002508   0x000001a8   Code   RO         1253    .text               motor.o
    0x080026b0   0x080026b0   0x000001fc   Code   RO         1276    .text               m_pwm.o
    0x080028ac   0x080028ac   0x000010cc   Code   RO         1299    .text               ult.o
    0x08003978   0x08003978   0x00000300   Code   RO         1325    .text               filter.o
    0x08003c78   0x08003c78   0x00000774   Code   RO         1343    .text               servo.o
    0x080043ec   0x080043ec   0x00000278   Code   RO         1369    .text               encode.o
    0x08004664   0x08004664   0x00000054   Code   RO         1397    .text               switch.o
    0x080046b8   0x080046b8   0x000005b0   Code   RO         1418    .text               key.o
    0x08004c68   0x08004c68   0x00000038   Code   RO         1439    .text               led.o
    0x08004ca0   0x08004ca0   0x000002dc   Code   RO         1462    .text               timer.o
    0x08004f7c   0x08004f7c   0x00000c6c   Code   RO         1490    .text               oled.o
    0x08005be8   0x08005be8   0x00000190   Code   RO         1520    .text               uart1.o
    0x08005d78   0x08005d78   0x00000180   Code   RO         1547    .text               uart2.o
    0x08005ef8   0x08005ef8   0x000001e4   Code   RO         1571    .text               uart3.o
    0x080060dc   0x080060dc   0x000001e4   Code   RO         1599    .text               uart4.o
    0x080062c0   0x080062c0   0x00000174   Code   RO         1632    .text               dictionary.o
    0x08006434   0x08006434   0x000000aa   Code   RO         1672    .text               variable.o
    0x080064de   0x080064de   0x00000062   Code   RO         1710    .text               mc_w.l(ldiv.o)
    0x08006540   0x08006540   0x0000014e   Code   RO         1740    .text               mf_w.l(dadd.o)
    0x0800668e   0x0800668e   0x000000e4   Code   RO         1742    .text               mf_w.l(dmul.o)
    0x08006772   0x08006772   0x000000de   Code   RO         1744    .text               mf_w.l(ddiv.o)
    0x08006850   0x08006850   0x0000001a   Code   RO         1746    .text               mf_w.l(dfltui.o)
    0x0800686a   0x0800686a   0x0000003e   Code   RO         1748    .text               mf_w.l(dfixi.o)
    0x080068a8   0x080068a8   0x00000032   Code   RO         1750    .text               mf_w.l(dfixui.o)
    0x080068da   0x080068da   0x00000026   Code   RO         1752    .text               mf_w.l(f2d.o)
    0x08006900   0x08006900   0x00000062   Code   RO         1770    .text               mc_w.l(uldiv.o)
    0x08006962   0x08006962   0x0000001e   Code   RO         1772    .text               mc_w.l(llshl.o)
    0x08006980   0x08006980   0x00000020   Code   RO         1774    .text               mc_w.l(llushr.o)
    0x080069a0   0x080069a0   0x00000024   Code   RO         1776    .text               mc_w.l(llsshr.o)
    0x080069c4   0x080069c4   0x00000000   Code   RO         1784    .text               mc_w.l(iusefp.o)
    0x080069c4   0x080069c4   0x000000ba   Code   RO         1785    .text               mf_w.l(depilogue.o)
    0x08006a7e   0x08006a7e   0x00000002   PAD
    0x08006a80   0x08006a80   0x00000024   Code   RO         1787    .text               mc_w.l(init.o)
    0x08006aa4   0x08006aa4   0x00000056   Code   RO         1797    .text               mc_w.l(__dczerorl2.o)
    0x08006afa   0x08006afa   0x0000000e   Code   RO         1791    i.__scatterload_copy  mc_w.l(handlers.o)
    0x08006b08   0x08006b08   0x00000002   Code   RO         1792    i.__scatterload_null  mc_w.l(handlers.o)
    0x08006b0a   0x08006b0a   0x0000000e   Code   RO         1793    i.__scatterload_zeroinit  mc_w.l(handlers.o)
    0x08006b18   0x08006b18   0x00000050   Code   RO         1712    i.free              mc_w.l(malloc.o)
    0x08006b68   0x08006b68   0x0000006c   Code   RO         1713    i.malloc            mc_w.l(malloc.o)
    0x08006bd4   0x08006bd4   0x00001eb0   Data   RO         1492    .constdata          oled.o
    0x08008a84   0x08008a84   0x00000020   Data   RO         1789    Region$$Table       anon$$obj.o


    Execution Region RW_IRAM1 (Exec base: 0x20000000, Load base: 0x08008aa4, Size: 0x000013e0, Max: 0x00020000, ABSOLUTE, COMPRESSED[0x00000034])

    Exec Addr    Load Addr    Size         Type   Attr      Idx    E Section Name        Object

    0x20000000   COMPRESSED   0x0000001a   Data   RW            4    .data               main.o
    0x2000001a   COMPRESSED   0x00000002   PAD
    0x2000001c   COMPRESSED   0x00000014   Data   RW          348    .data               system_stm32f4xx.o
    0x20000030   COMPRESSED   0x00000010   Data   RW          919    .data               stm32f4xx_rcc.o
    0x20000040   COMPRESSED   0x00000004   Data   RW         1124    .data               delay.o
    0x20000044   COMPRESSED   0x00000004   PAD
    0x20000048   COMPRESSED   0x000000c0   Data   RW         1301    .data               ult.o
    0x20000108   COMPRESSED   0x00000008   Data   RW         1326    .data               filter.o
    0x20000110   COMPRESSED   0x00000008   Data   RW         1344    .data               servo.o
    0x20000118   COMPRESSED   0x00000008   Data   RW         1371    .data               encode.o
    0x20000120   COMPRESSED   0x0000001c   Data   RW         1419    .data               key.o
    0x2000013c   COMPRESSED   0x00000010   Data   RW         1463    .data               timer.o
    0x2000014c   COMPRESSED   0x00000003   Data   RW         1522    .data               uart1.o
    0x2000014f   COMPRESSED   0x00000001   PAD
    0x20000150   COMPRESSED   0x00000008   Data   RW         1549    .data               uart2.o
    0x20000158   COMPRESSED   0x00000010   Data   RW         1573    .data               uart3.o
    0x20000168   COMPRESSED   0x0000001c   Data   RW         1601    .data               uart4.o
    0x20000184   COMPRESSED   0x0000005b   Data   RW         1634    .data               dictionary.o
    0x200001df   COMPRESSED   0x00000001   PAD
    0x200001e0   COMPRESSED   0x00000004   Data   RW         1782    .data               mc_w.l(mvars.o)
    0x200001e4   COMPRESSED   0x00000004   Data   RW         1783    .data               mc_w.l(mvars.o)
    0x200001e8        -       0x00000130   Zero   RW         1300    .bss                ult.o
    0x20000318        -       0x00000028   Zero   RW         1370    .bss                encode.o
    0x20000340        -       0x00000480   Zero   RW         1491    .bss                oled.o
    0x200007c0        -       0x00000100   Zero   RW         1521    .bss                uart1.o
    0x200008c0        -       0x00000100   Zero   RW         1548    .bss                uart2.o
    0x200009c0        -       0x00000190   Zero   RW         1572    .bss                uart3.o
    0x20000b50        -       0x00000190   Zero   RW         1600    .bss                uart4.o
    0x20000ce0        -       0x000000fa   Zero   RW         1633    .bss                dictionary.o
    0x20000dda   COMPRESSED   0x00000006   PAD
    0x20000de0        -       0x00000200   Zero   RW          372    HEAP                startup_stm32f40_41xxx.o
    0x20000fe0        -       0x00000400   Zero   RW          371    STACK               startup_stm32f40_41xxx.o


==============================================================================

Image component sizes


      Code (inc. data)   RO Data    RW Data    ZI Data      Debug   Object Name

        52          4          0          0          0        576   beep.o
       784         52          0          0          0       2799   bsp_pid.o
         0          0          0          0          0       1248   command.o
       260          8          0          4          0       1581   delay.o
       372         66          0         91        250       4606   dictionary.o
       632         46          0          8         40       2311   encode.o
       768         20          0          8          0       3655   filter.o
      1456         70          0         28          0       2123   key.o
        56          6          0          0          0        567   led.o
       508         22          0          0          0       1427   m_pwm.o
       520         46          0         26          0     270957   main.o
       224         20          0          0          0     231173   misc.o
       424         40          0          0          0       1530   motor.o
      3180         74       7856          0       1152      10095   oled.o
      1908         50          0          8          0       4824   servo.o
        36          8        392          0       1536        864   startup_stm32f40_41xxx.o
       660         44          0          0          0       4261   stm32f4xx_gpio.o
        26          0          0          0          0      49342   stm32f4xx_it.o
      1628         52          0         16          0      13188   stm32f4xx_rcc.o
      3234         60          0          0          0      23116   stm32f4xx_tim.o
      1108         34          0          0          0       7984   stm32f4xx_usart.o
        84          6          0          0          0        903   switch.o
       528         46          0         20          0       1931   system_stm32f4xx.o
       732         72          0         16          0       1939   timer.o
       400         20          0          3        256       2498   uart1.o
       384         26          0          8        256       2340   uart2.o
       484         50          0         16        400       2113   uart3.o
       484         48          0         28        400       2223   uart4.o
      4300        300          0        192        304       6266   ult.o
       170          0          0          0          0        623   variable.o

    ----------------------------------------------------------------------
     25406       1290       8280        480       4600     659063   Object Totals
         0          0         32          0          0          0   (incl. Generated)
         4          0          0          8          6          0   (incl. Padding)

    ----------------------------------------------------------------------

      Code (inc. data)   RO Data    RW Data    ZI Data      Debug   Library Member Name

        86          0          0          0          0          0   __dczerorl2.o
         0          0          0          0          0          0   entry.o
         0          0          0          0          0          0   entry10a.o
         0          0          0          0          0          0   entry11a.o
         4          0          0          0          0          0   entry12b.o
         8          4          0          0          0          0   entry2.o
         4          0          0          0          0          0   entry5.o
         0          0          0          0          0          0   entry7b.o
         0          0          0          0          0          0   entry8b.o
         8          4          0          0          0          0   entry9a.o
        30          0          0          0          0          0   handlers.o
        36          8          0          0          0         68   init.o
         0          0          0          0          0          0   iusefp.o
        98          0          0          0          0         84   ldiv.o
        30          0          0          0          0         68   llshl.o
        36          0          0          0          0         68   llsshr.o
        32          0          0          0          0         68   llushr.o
       188         20          0          0          0        160   malloc.o
         0          0          0          8          0          0   mvars.o
        98          0          0          0          0         92   uldiv.o
       334          0          0          0          0        148   dadd.o
       222          0          0          0          0        100   ddiv.o
       186          0          0          0          0        176   depilogue.o
        62          0          0          0          0         80   dfixi.o
        50          0          0          0          0         76   dfixui.o
        26          0          0          0          0         76   dfltui.o
       228          0          0          0          0         96   dmul.o
        38          0          0          0          0         68   f2d.o

    ----------------------------------------------------------------------
      1806         36          0          8          0       1428   Library Totals
         2          0          0          0          0          0   (incl. Padding)

    ----------------------------------------------------------------------

      Code (inc. data)   RO Data    RW Data    ZI Data      Debug   Library Name

       658         36          0          8          0        608   mc_w.l
      1146          0          0          0          0        820   mf_w.l

    ----------------------------------------------------------------------
      1806         36          0          8          0       1428   Library Totals

    ----------------------------------------------------------------------

==============================================================================


      Code (inc. data)   RO Data    RW Data    ZI Data      Debug   

     27212       1326       8280        488       4600     655799   Grand Totals
     27212       1326       8280         52       4600     655799   ELF Image Totals (compressed)
     27212       1326       8280         52          0          0   ROM Totals

==============================================================================

    Total RO  Size (Code + RO Data)                35492 (  34.66kB)
    Total RW  Size (RW Data + ZI Data)              5088 (   4.97kB)
    Total ROM Size (Code + RO Data + RW Data)      35544 (  34.71kB)

==============================================================================

